C:\Users\Stanley.Ezeh\Documents\09.MCXN Motor Control\Software\MCUXPresso Projects\MotorControlOverSPI\drivers/fsl_clock.h:1389:20:CLOCK_EnableClock	24	static
../board/clock_config.c:47:6:BOARD_InitBootClocks	8	static
../board/clock_config.c:84:6:BOARD_BootClockFRO12M	24	static
../board/clock_config.c:152:6:BOARD_BootClockFROHF48M	24	static
../board/clock_config.c:225:6:BOARD_BootClockFROHF144M	24	static
../board/clock_config.c:321:6:BOARD_BootClockPLL150M	48	static
../board/clock_config.c:425:6:BOARD_BootClockPLL100M	48	static
