C:\Users\Stanley.Ezeh\Documents\09.MCXN Motor Control\Software\MCUXPresso Projects\MotorControlOverSPI\drivers/fsl_clock.h:1389:20:CLOCK_EnableClock	24	static
C:\Users\Stanley.Ezeh\Documents\09.MCXN Motor Control\Software\MCUXPresso Projects\MotorControlOverSPI\drivers/fsl_port.h:355:20:PORT_SetPinConfig	32	static
C:\Users\Stanley.Ezeh\Documents\09.MCXN Motor Control\Software\MCUXPresso Projects\MotorControlOverSPI\drivers/fsl_port.h:458:20:PORT_SetPinMux	24	static
C:\Users\Stanley.Ezeh\Documents\09.MCXN Motor Control\Software\MCUXPresso Projects\MotorControlOverSPI\drivers/fsl_gpio.h:466:20:GPIO_SetPinInterruptConfig	24	static
../board/pin_mux.c:311:6:BOARD_InitBootPins	8	static
../board/pin_mux.c:340:6:BOARD_InitDEBUG_UARTPins	16	static
../board/pin_mux.c:401:6:BOARD_InitSWD_DEBUGPins	24	static
../board/pin_mux.c:498:6:BOARD_InitLEDsPins	32	static
../board/pin_mux.c:620:6:BOARD_InitBUTTONsPins	24	static
../board/pin_mux.c:714:6:NCN_Peripheral_Init	24	static
../board/pin_mux.c:873:6:MC_InitPWM	8	static
../board/pin_mux.c:960:6:MC_CMPInit	8	static
../board/pin_mux.c:996:6:MC_ADCInit	4	static
