Archive member included to satisfy reference by file (symbol)

c:/nxp/mcuxpressoide_11.9.0_2144/ide/plugins/com.nxp.mcuxpresso.tools.win32_11.9.0.202307121226/tools/bin/../lib/gcc/arm-none-eabi/12.3.1/../../../../arm-none-eabi/lib/thumb/v8-m.main+fp/hard\libcr_nohost_nf.a(_cr__main.o)
                              ./startup/startup_mcxn947_cm33_core0.o (__main)
c:/nxp/mcuxpressoide_11.9.0_2144/ide/plugins/com.nxp.mcuxpresso.tools.win32_11.9.0.202307121226/tools/bin/../lib/gcc/arm-none-eabi/12.3.1/../../../../arm-none-eabi/lib/thumb/v8-m.main+fp/hard\libcr_c.a(memcpy.o)
                              ./utilities/fsl_str.o (memcpy)
c:/nxp/mcuxpressoide_11.9.0_2144/ide/plugins/com.nxp.mcuxpresso.tools.win32_11.9.0.202307121226/tools/bin/../lib/gcc/arm-none-eabi/12.3.1/../../../../arm-none-eabi/lib/thumb/v8-m.main+fp/hard\libcr_c.a(memmove.o)
                              ./onsemi/Source/NCN26010.o (memmove)
c:/nxp/mcuxpressoide_11.9.0_2144/ide/plugins/com.nxp.mcuxpresso.tools.win32_11.9.0.202307121226/tools/bin/../lib/gcc/arm-none-eabi/12.3.1/../../../../arm-none-eabi/lib/thumb/v8-m.main+fp/hard\libcr_c.a(memset.o)
                              ./utilities/fsl_debug_console.o (memset)
c:/nxp/mcuxpressoide_11.9.0_2144/ide/plugins/com.nxp.mcuxpresso.tools.win32_11.9.0.202307121226/tools/bin/../lib/gcc/arm-none-eabi/12.3.1/../../../../arm-none-eabi/lib/thumb/v8-m.main+fp/hard\libcr_c.a(alloc.o)
                              ./drivers/fsl_common.o (malloc)
c:/nxp/mcuxpressoide_11.9.0_2144/ide/plugins/com.nxp.mcuxpresso.tools.win32_11.9.0.202307121226/tools/bin/../lib/gcc/arm-none-eabi/12.3.1/../../../../arm-none-eabi/lib/thumb/v8-m.main+fp/hard\libcr_c.a(errno.o)
                              ./utilities/fsl_str.o (errno)
c:/nxp/mcuxpressoide_11.9.0_2144/ide/plugins/com.nxp.mcuxpresso.tools.win32_11.9.0.202307121226/tools/bin/../lib/gcc/arm-none-eabi/12.3.1/../../../../arm-none-eabi/lib/thumb/v8-m.main+fp/hard\libcr_c.a(initio.o)
                              c:/nxp/mcuxpressoide_11.9.0_2144/ide/plugins/com.nxp.mcuxpresso.tools.win32_11.9.0.202307121226/tools/bin/../lib/gcc/arm-none-eabi/12.3.1/../../../../arm-none-eabi/lib/thumb/v8-m.main+fp/hard\libcr_nohost_nf.a(_cr__main.o) (_initio)
c:/nxp/mcuxpressoide_11.9.0_2144/ide/plugins/com.nxp.mcuxpresso.tools.win32_11.9.0.202307121226/tools/bin/../lib/gcc/arm-none-eabi/12.3.1/../../../../arm-none-eabi/lib/thumb/v8-m.main+fp/hard\libcr_c.a(memcmp.o)
                              ./onsemi/Source/NCN26010.o (memcmp)
c:/nxp/mcuxpressoide_11.9.0_2144/ide/plugins/com.nxp.mcuxpresso.tools.win32_11.9.0.202307121226/tools/bin/../lib/gcc/arm-none-eabi/12.3.1/../../../../arm-none-eabi/lib/thumb/v8-m.main+fp/hard\libcr_c.a(printf.o)
                              ./onsemi/FreeRTOS-Plus-TCP/source/FreeRTOS_IP.o (_snprintf)
c:/nxp/mcuxpressoide_11.9.0_2144/ide/plugins/com.nxp.mcuxpresso.tools.win32_11.9.0.202307121226/tools/bin/../lib/gcc/arm-none-eabi/12.3.1/../../../../arm-none-eabi/lib/thumb/v8-m.main+fp/hard\libcr_c.a(scanf.o)
                              ./onsemi/FreeRTOS-Plus-TCP/source/iperf_task_v3_0d.o (sscanf)
c:/nxp/mcuxpressoide_11.9.0_2144/ide/plugins/com.nxp.mcuxpresso.tools.win32_11.9.0.202307121226/tools/bin/../lib/gcc/arm-none-eabi/12.3.1/../../../../arm-none-eabi/lib/thumb/v8-m.main+fp/hard\libcr_c.a(setvbuf.o)
                              c:/nxp/mcuxpressoide_11.9.0_2144/ide/plugins/com.nxp.mcuxpresso.tools.win32_11.9.0.202307121226/tools/bin/../lib/gcc/arm-none-eabi/12.3.1/../../../../arm-none-eabi/lib/thumb/v8-m.main+fp/hard\libcr_c.a(initio.o) (setvbuf)
c:/nxp/mcuxpressoide_11.9.0_2144/ide/plugins/com.nxp.mcuxpresso.tools.win32_11.9.0.202307121226/tools/bin/../lib/gcc/arm-none-eabi/12.3.1/../../../../arm-none-eabi/lib/thumb/v8-m.main+fp/hard\libcr_c.a(stdlib.o)
                              ./onsemi/FreeRTOS-Plus-TCP/source/FreeRTOS_IP.o (rand)
c:/nxp/mcuxpressoide_11.9.0_2144/ide/plugins/com.nxp.mcuxpresso.tools.win32_11.9.0.202307121226/tools/bin/../lib/gcc/arm-none-eabi/12.3.1/../../../../arm-none-eabi/lib/thumb/v8-m.main+fp/hard\libcr_c.a(strcpy.o)
                              ./onsemi/FreeRTOS-Plus-TCP/source/FreeRTOS_DNS.o (strcpy)
c:/nxp/mcuxpressoide_11.9.0_2144/ide/plugins/com.nxp.mcuxpresso.tools.win32_11.9.0.202307121226/tools/bin/../lib/gcc/arm-none-eabi/12.3.1/../../../../arm-none-eabi/lib/thumb/v8-m.main+fp/hard\libcr_c.a(strlen.o)
                              ./utilities/fsl_str.o (strlen)
c:/nxp/mcuxpressoide_11.9.0_2144/ide/plugins/com.nxp.mcuxpresso.tools.win32_11.9.0.202307121226/tools/bin/../lib/gcc/arm-none-eabi/12.3.1/../../../../arm-none-eabi/lib/thumb/v8-m.main+fp/hard\libcr_c.a(strncmp.o)
                              ./onsemi/FreeRTOS-Plus-TCP/source/iperf_task_v3_0d.o (strncmp)
c:/nxp/mcuxpressoide_11.9.0_2144/ide/plugins/com.nxp.mcuxpresso.tools.win32_11.9.0.202307121226/tools/bin/../lib/gcc/arm-none-eabi/12.3.1/../../../../arm-none-eabi/lib/thumb/v8-m.main+fp/hard\libcr_c.a(strncpy.o)
[...]
Memory Configuration

Name             Origin             Length             Attributes
PROGRAM_FLASH0   0x00000000         0x00100000         xr
PROGRAM_FLASH1   0x00100000         0x00100000         xr
SRAM             0x20000000         0x00060000         xrw
SRAMX            0x04000000         0x00018000         xrw
SRAMH            0x20060000         0x00008000         xrw
USB_RAM          0x400ba000         0x00001000         xrw
*default*        0x00000000         0xffffffff

Linker script and memory map

LOAD ./utilities/fsl_assert.o
LOAD ./utilities/fsl_debug_console.o
LOAD ./utilities/fsl_str.o
LOAD ./startup/boot_multicore_slave.o
LOAD ./startup/startup_mcxn947_cm33_core0.o
LOAD ./source/MotorControlOverSPI.o
LOAD ./source/semihost_hardfault.o
LOAD ./onsemi/Source/NCN26010.o
LOAD ./onsemi/Source/T1S_FreeRTOS_OS.o
LOAD ./onsemi/Source/T1S_FreeRTOS_TCP-IP.o
LOAD ./onsemi/Source/onsemi_hardware.o
LOAD ./onsemi/FreeRTOS-Plus-TCP/source/BufferAllocation_1.o
LOAD ./onsemi/FreeRTOS-Plus-TCP/source/FreeRTOS_ARP.o
LOAD ./onsemi/FreeRTOS-Plus-TCP/source/FreeRTOS_DHCP.o
LOAD ./onsemi/FreeRTOS-Plus-TCP/source/FreeRTOS_DNS.o
LOAD ./onsemi/FreeRTOS-Plus-TCP/source/FreeRTOS_IP.o
LOAD ./onsemi/FreeRTOS-Plus-TCP/source/FreeRTOS_Sockets.o
LOAD ./onsemi/FreeRTOS-Plus-TCP/source/FreeRTOS_Stream_Buffer.o
LOAD ./onsemi/FreeRTOS-Plus-TCP/source/FreeRTOS_TCP_IP.o
LOAD ./onsemi/FreeRTOS-Plus-TCP/source/FreeRTOS_TCP_WIN.o
LOAD ./onsemi/FreeRTOS-Plus-TCP/source/FreeRTOS_UDP_IP.o
LOAD ./onsemi/FreeRTOS-Plus-TCP/source/NetworkInterface.o
LOAD ./onsemi/FreeRTOS-Plus-TCP/source/iperf_task_v3_0d.o
LOAD ./freertos/freertos-kernel/portable/MemMang/heap_4.o
LOAD ./freertos/freertos-kernel/portable/GCC/ARM_CM33_NTZ/non_secure/port.o
LOAD ./freertos/freertos-kernel/portable/GCC/ARM_CM33_NTZ/non_secure/portasm.o
LOAD ./freertos/freertos-kernel/croutine.o
LOAD ./freertos/freertos-kernel/event_groups.o
LOAD ./freertos/freertos-kernel/list.o
LOAD ./freertos/freertos-kernel/queue.o
LOAD ./freertos/freertos-kernel/stream_buffer.o
LOAD ./freertos/freertos-kernel/tasks.o
LOAD ./freertos/freertos-kernel/timers.o
LOAD ./drivers/fsl_clock.o
LOAD ./drivers/fsl_common.o
LOAD ./drivers/fsl_common_arm.o
LOAD ./drivers/fsl_ctimer.o
LOAD ./drivers/fsl_gpio.o
LOAD ./drivers/fsl_lpflexcomm.o
LOAD ./drivers/fsl_lpspi.o
LOAD ./drivers/fsl_lpuart.o
LOAD ./drivers/fsl_reset.o
LOAD ./drivers/fsl_spc.o
LOAD ./device/system_MCXN947_cm33_core0.o
LOAD ./component/uart/fsl_adapter_lpuart.o
LOAD ./component/serial_manager/fsl_component_serial_manager.o
LOAD ./component/serial_manager/fsl_component_serial_port_uart.o
LOAD ./component/lists/fsl_component_generic_list.o
LOAD ./board/board.o
LOAD ./board/clock_config.o
LOAD ./board/peripherals.o
LOAD ./board/pin_mux.o
START GROUP
LOAD c:/nxp/mcuxpressoide_11.9.0_2144/ide/plugins/com.nxp.mcuxpresso.tools.win32_11.9.0.202307121226/tools/bin/../lib/gcc/arm-none-eabi/12.3.1/../../../../arm-none-eabi/lib/thumb/v8-m.main+fp/hard\libcr_nohost_nf.a
LOAD c:/nxp/mcuxpressoide_11.9.0_2144/ide/plugins/com.nxp.mcuxpresso.tools.win32_11.9.0.202307121226/tools/bin/../lib/gcc/arm-none-eabi/12.3.1/../../../../arm-none-eabi/lib/thumb/v8-m.main+fp/hard\libcr_c.a
LOAD c:/nxp/mcuxpressoide_11.9.0_2144/ide/plugins/com.nxp.mcuxpresso.tools.win32_11.9.0.202307121226/tools/bin/../lib/gcc/arm-none-eabi/12.3.1/thumb/v8-m.main+fp/hard\libcr_eabihelpers.a
LOAD c:/nxp/mcuxpressoide_11.9.0_2144/ide/plugins/com.nxp.mcuxpresso.tools.win32_11.9.0.202307121226/tools/bin/../lib/gcc/arm-none-eabi/12.3.1/thumb/v8-m.main+fp/hard\libgcc.a
END GROUP
                0x00000000                        __base_PROGRAM_FLASH0 = 0x0
                0x00000000                        __base_Flash = 0x0
                0x00100000                        __top_PROGRAM_FLASH0 = 0x100000
                0x00100000                        __top_Flash = 0x100000
                0x00100000                        __base_PROGRAM_FLASH1 = 0x100000
                0x00100000                        __base_Flash2 = 0x100000
                0x00200000                        __top_PROGRAM_FLASH1 = 0x200000
                0x00200000                        __top_Flash2 = 0x200000
                0x20000000                        __base_SRAM = 0x20000000
                0x20000000                        __base_RAM = 0x20000000
                0x20060000                        __top_SRAM = 0x20060000
                0x20060000                        __top_RAM = 0x20060000
                0x04000000                        __base_SRAMX = 0x4000000
                0x04000000                        __base_RAM2 = 0x4000000
                0x04018000                        __top_SRAMX = 0x4018000
                0x04018000                        __top_RAM2 = 0x4018000
                0x20060000                        __base_SRAMH = 0x20060000
                0x20060000                        __base_RAM3 = 0x20060000
                0x20068000                        __top_SRAMH = 0x20068000
                0x20068000                        __top_RAM3 = 0x20068000
                0x400ba000                        __base_USB_RAM = 0x400ba000
                0x400ba000                        __base_RAM4 = 0x400ba000
                0x400bb000                        __top_USB_RAM = 0x400bb000
                0x400bb000                        __top_RAM4 = 0x400bb000

.text_Flash2    0x00100000        0x0
 FILL mask 0xff
 *(SORT_BY_ALIGNMENT(.text_Flash2))
 *(SORT_BY_ALIGNMENT(.text_PROGRAM_FLASH1))
 *(SORT_BY_ALIGNMENT(.text.$Flash2))
 *(SORT_BY_ALIGNMENT(.text.$PROGRAM_FLASH1))
 *(SORT_BY_ALIGNMENT(.text_Flash2.*))
 *(SORT_BY_ALIGNMENT(.text_PROGRAM_FLASH1.*))
 *(SORT_BY_ALIGNMENT(.text.$Flash2.*))
 *(SORT_BY_ALIGNMENT(.text.$PROGRAM_FLASH1.*))
 *(SORT_BY_ALIGNMENT(.rodata.$Flash2))
 *(SORT_BY_ALIGNMENT(.rodata.$PROGRAM_FLASH1))
 *(SORT_BY_ALIGNMENT(.rodata.$Flash2.*))
 *(SORT_BY_ALIGNMENT(.rodata.$PROGRAM_FLASH1.*))

.text           0x00000000    0x11dbc
 FILL mask 0xff
                0x00000000                        __vectors_start__ = ABSOLUTE (.)
 *(SORT_BY_ALIGNMENT(.isr_vector))
 .isr_vector    0x00000000      0x2b0 ./startup/startup_mcxn947_cm33_core0.o
                0x00000000                g_pfnVectors
                0x00000000                __Vectors
                0x000002b0                        . = ALIGN (0x4)
                0x000002b0                        __section_table_start = .
                0x000002b0                        __data_section_table = .
                0x000002b0        0x4 LONG 0x11dbc LOADADDR (.data)
                0x000002b4        0x4 LONG 0x20000000 ADDR (.data)
                0x000002b8        0x4 LONG 0x134 SIZEOF (.data)
                0x000002bc        0x4 LONG 0x11dbc LOADADDR (.data_RAM2)
                0x000002c0        0x4 LONG 0x4000000 ADDR (.data_RAM2)
                0x000002c4        0x4 LONG 0x0 SIZEOF (.data_RAM2)
                0x000002c8        0x4 LONG 0x11dbc LOADADDR (.data_RAM3)
                0x000002cc        0x4 LONG 0x20060000 ADDR (.data_RAM3)
                0x000002d0        0x4 LONG 0x0 SIZEOF (.data_RAM3)
                0x000002d4        0x4 LONG 0x11dbc LOADADDR (.data_RAM4)
                0x000002d8        0x4 LONG 0x400ba000 ADDR (.data_RAM4)
                0x000002dc        0x4 LONG 0x0 SIZEOF (.data_RAM4)
                0x000002e0                        __data_section_table_end = .
                0x000002e0                        __bss_section_table = .
                0x000002e0        0x4 LONG 0x20000134 ADDR (.bss)
                0x000002e4        0x4 LONG 0xd084 SIZEOF (.bss)
                0x000002e8        0x4 LONG 0x4000000 ADDR (.bss_RAM2)
                0x000002ec        0x4 LONG 0x0 SIZEOF (.bss_RAM2)
                0x000002f0        0x4 LONG 0x20060000 ADDR (.bss_RAM3)
                0x000002f4        0x4 LONG 0x0 SIZEOF (.bss_RAM3)
                0x000002f8        0x4 LONG 0x400ba000 ADDR (.bss_RAM4)
                0x000002fc        0x4 LONG 0x0 SIZEOF (.bss_RAM4)
                0x00000300                        __bss_section_table_end = .
                0x00000300                        __section_table_end = .
 *(SORT_BY_ALIGNMENT(.after_vectors*))
 .after_vectors.reset
                0x00000300       0x68 ./startup/startup_mcxn947_cm33_core0.o
                0x00000300                ResetISR
 .after_vectors.init_data
                0x00000368       0x1e ./startup/startup_mcxn947_cm33_core0.o
                0x00000368                data_init
 .after_vectors.init_bss
                0x00000386       0x12 ./startup/startup_mcxn947_cm33_core0.o
                0x00000386                bss_init
 .after_vectors
                0x00000398       0x16 ./startup/startup_mcxn947_cm33_core0.o
                0x00000398                NMI_Handler
                0x0000039c                MemManage_Handler
                0x0000039e                BusFault_Handler
                0x000003a0                UsageFault_Handler
                0x000003a2                SecureFault_Handler
                0x000003a6                DebugMon_Handler
                0x000003ac                EMVSIM0_DriverIRQHandler
                0x000003ac                I3C0_DriverIRQHandler
                0x000003ac                USB0_FS_DriverIRQHandler
                0x000003ac                PKC_ERR_DriverIRQHandler
                0x000003ac                ENC0_IDX_DriverIRQHandler
                0x000003ac                EDMA_0_CH5_DriverIRQHandler
                0x000003ac                EDMA_0_CH14_DriverIRQHandler
                0x000003ac                EDMA_1_CH0_DriverIRQHandler
                0x000003ac                SCG_DriverIRQHandler
                0x000003ac                CMC0_DriverIRQHandler
                0x000003ac                EDMA_0_CH15_DriverIRQHandler
                0x000003ac                LPTMR0_DriverIRQHandler
                0x000003ac                EDMA_0_CH2_DriverIRQHandler
                0x000003ac                FLEXPWM1_SUBMODULE1_DriverIRQHandler
                0x000003ac                FLEXPWM0_SUBMODULE1_DriverIRQHandler
                0x000003ac                PINT0_DriverIRQHandler
                0x000003ac                EDMA_1_CH13_DriverIRQHandler
                0x000003ac                FLEXPWM0_RELOAD_ERROR_DriverIRQHandler
                0x000003ac                TRNG0_DriverIRQHandler
                0x000003ac                EDMA_1_CH9_DriverIRQHandler
                0x000003ac                SEC_VIO_DriverIRQHandler
                0x000003ac                ERM_MULTI_BIT_ERROR_DriverIRQHandler
                0x000003ac                GPIO31_DriverIRQHandler
                0x000003ac                EWM0_DriverIRQHandler
                0x000003ac                PKC_DriverIRQHandler
                0x000003ac                EDMA_0_CH10_DriverIRQHandler
                0x000003ac                USB1_HS_PHY_DriverIRQHandler
                0x000003ac                ELS_DriverIRQHandler
                0x000003ac                EDMA_1_CH2_DriverIRQHandler
                0x000003ac                ETHERNET_DriverIRQHandler
                0x000003ac                EDMA_1_CH14_DriverIRQHandler
                0x000003ac                FLEXPWM1_SUBMODULE3_DriverIRQHandler
                0x000003ac                EDMA_1_CH7_DriverIRQHandler
                0x000003ac                EDMA_1_CH6_DriverIRQHandler
                0x000003ac                DAC1_DriverIRQHandler
                0x000003ac                EDMA_1_CH11_DriverIRQHandler
                0x000003ac                ITRC0_DriverIRQHandler
                0x000003ac                EDMA_0_CH9_DriverIRQHandler
                0x000003ac                ETB0_DriverIRQHandler
                0x000003ac                Freqme_DriverIRQHandler
                0x000003ac                EDMA_1_CH5_DriverIRQHandler
                0x000003ac                IntDefaultHandler
                0x000003ac                ELS_ERR_DriverIRQHandler
                0x000003ac                FLEXIO_DriverIRQHandler
                0x000003ac                DAC0_DriverIRQHandler
                0x000003ac                MRT0_DriverIRQHandler
                0x000003ac                UTICK0_DriverIRQHandler
                0x000003ac                FLEXPWM0_SUBMODULE2_DriverIRQHandler
                0x000003ac                GPIO01_DriverIRQHandler
                0x000003ac                EDMA_0_CH3_DriverIRQHandler
                0x000003ac                WWDT0_DriverIRQHandler
                0x000003ac                USDHC0_DriverIRQHandler
                0x000003ac                GPIO00_DriverIRQHandler
                0x000003ac                EDMA_0_CH4_DriverIRQHandler
                0x000003ac                GPIO11_DriverIRQHandler
                0x000003ac                BSP32_DriverIRQHandler
                0x000003ac                FLEXPWM0_FAULT_DriverIRQHandler
                0x000003ac                EDMA_1_CH1_DriverIRQHandler
                0x000003ac                SAI1_DriverIRQHandler
                0x000003ac                ERM_SINGLE_BIT_ERROR_DriverIRQHandler
                0x000003ac                GPIO21_DriverIRQHandler
                0x000003ac                FLEXPWM1_FAULT_DriverIRQHandler
                0x000003ac                GPIO30_DriverIRQHandler
                0x000003ac                WWDT1_DriverIRQHandler
                0x000003ac                ADC1_DriverIRQHandler
                0x000003ac                ENC0_HOME_DriverIRQHandler
                0x000003ac                PQ_DriverIRQHandler
                0x000003ac                ETHERNET_MACLP_DriverIRQHandler
                0x000003ac                USB0_DCD_DriverIRQHandler
                0x000003ac                EDMA_0_CH11_DriverIRQHandler
                0x000003ac                MAILBOX_DriverIRQHandler
                0x000003ac                WUU_DriverIRQHandler
                0x000003ac                EDMA_0_CH6_DriverIRQHandler
                0x000003ac                FLEXPWM1_SUBMODULE0_DriverIRQHandler
                0x000003ac                SM3_DriverIRQHandler
                0x000003ac                CDOG1_DriverIRQHandler
                0x000003ac                TSI_OUT_OF_SCAN_DriverIRQHandler
                0x000003ac                ENC0_WDG_SAB_DriverIRQHandler
                0x000003ac                EDMA_1_CH4_DriverIRQHandler
                0x000003ac                PUF_DriverIRQHandler
                0x000003ac                SPC_DriverIRQHandler
                0x000003ac                RTC_DriverIRQHandler
                0x000003ac                VBAT0_DriverIRQHandler
                0x000003ac                Reserved65_DriverIRQHandler
                0x000003ac                HSCMP2_DriverIRQHandler
                0x000003ac                EDMA_0_CH0_DriverIRQHandler
                0x000003ac                Reserved80_DriverIRQHandler
                0x000003ac                PDM_EVENT_DriverIRQHandler
                0x000003ac                ETHERNET_PMT_DriverIRQHandler
                0x000003ac                FLEXPWM1_RELOAD_ERROR_DriverIRQHandler
                0x000003ac                FMU0_DriverIRQHandler
                0x000003ac                EDMA_0_CH8_DriverIRQHandler
                0x000003ac                LPTMR1_DriverIRQHandler
                0x000003ac                GPIO40_DriverIRQHandler
                0x000003ac                CTI0_DriverIRQHandler
                0x000003ac                EDMA_1_CH3_DriverIRQHandler
                0x000003ac                EDMA_1_CH15_DriverIRQHandler
                0x000003ac                FLEXPWM1_SUBMODULE2_DriverIRQHandler
                0x000003ac                ENC1_HOME_DriverIRQHandler
                0x000003ac                GPIO20_DriverIRQHandler
                0x000003ac                EDMA_1_CH8_DriverIRQHandler
                0x000003ac                GDET_DriverIRQHandler
                0x000003ac                PORT_EFT_DriverIRQHandler
                0x000003ac                Reserved85_DriverIRQHandler
                0x000003ac                Reserved81_DriverIRQHandler
                0x000003ac                TSI_END_OF_SCAN_DriverIRQHandler
                0x000003ac                ENC1_IDX_DriverIRQHandler
                0x000003ac                FLEXPWM0_SUBMODULE3_DriverIRQHandler
                0x000003ac                ADC0_DriverIRQHandler
                0x000003ac                OR_DriverIRQHandler
                0x000003ac                EDMA_0_CH13_DriverIRQHandler
                0x000003ac                USB1_HS_DriverIRQHandler
                0x000003ac                EDMA_0_CH1_DriverIRQHandler
                0x000003ac                DAC2_DriverIRQHandler
                0x000003ac                GPIO51_DriverIRQHandler
                0x000003ac                HSCMP0_DriverIRQHandler
                0x000003ac                EDMA_0_CH12_DriverIRQHandler
                0x000003ac                CDOG0_DriverIRQHandler
                0x000003ac                CAN0_DriverIRQHandler
                0x000003ac                SMARTDMA_DriverIRQHandler
                0x000003ac                SAI0_DriverIRQHandler
                0x000003ac                EMVSIM1_DriverIRQHandler
                0x000003ac                I3C1_DriverIRQHandler
                0x000003ac                ENC0_COMPARE_DriverIRQHandler
                0x000003ac                EDMA_0_CH7_DriverIRQHandler
                0x000003ac                HSCMP1_DriverIRQHandler
                0x000003ac                EDMA_1_CH10_DriverIRQHandler
                0x000003ac                EDMA_1_CH12_DriverIRQHandler
                0x000003ac                FLEXSPI0_DriverIRQHandler
                0x000003ac                GPIO50_DriverIRQHandler
                0x000003ac                GPIO10_DriverIRQHandler
                0x000003ac                SCT0_DriverIRQHandler
                0x000003ac                CAN1_DriverIRQHandler
                0x000003ac                ENC1_COMPARE_DriverIRQHandler
                0x000003ac                PLU_DriverIRQHandler
                0x000003ac                FLEXPWM0_SUBMODULE0_DriverIRQHandler
                0x000003ac                OS_EVENT_DriverIRQHandler
                0x000003ac                ENC1_WDG_SAB_DriverIRQHandler
                0x000003ac                SINC_FILTER_DriverIRQHandler
                0x000003ac                NPU_DriverIRQHandler
                0x000003ac                GPIO41_DriverIRQHandler
                0x000003ac                SEC_HYPERVISOR_CALL_DriverIRQHandler
 *(SORT_BY_ALIGNMENT(.text*))
 *fill*         0x000003ae        0x2 ff
 .text.vRestoreContextOfFirstTask
                0x000003b0       0x38 ./freertos/freertos-kernel/portable/GCC/ARM_CM33_NTZ/non_secure/portasm.o
                0x000003b0                vRestoreContextOfFirstTask
 *fill*         0x000003e8        0x8 ff
 .text.vStartFirstTask
                0x000003f0       0x28 ./freertos/freertos-kernel/portable/GCC/ARM_CM33_NTZ/non_secure/portasm.o
                0x000003f0                vStartFirstTask
 *fill*         0x00000418        0x8 ff
 .text.PendSV_Handler
                0x00000420       0x58 ./freertos/freertos-kernel/portable/GCC/ARM_CM33_NTZ/non_secure/portasm.o
                0x00000420                PendSV_Handler
 *fill*         0x00000478        0x8 ff
 .text.SVC_Handler
                0x00000480       0x28 ./freertos/freertos-kernel/portable/GCC/ARM_CM33_NTZ/non_secure/portasm.o
                0x00000480                SVC_Handler
 .text.LPSPI_MasterSetDelayTimes
                0x000004a8      0x284 ./drivers/fsl_lpspi.o
                0x000004a8                LPSPI_MasterSetDelayTimes
 .text.__assertion_failed
                0x0000072c       0x18 ./utilities/fsl_assert.o
                0x0000072c                __assertion_failed
 .text.DbgConsole_SendDataReliable
                0x00000744       0x54 ./utilities/fsl_debug_console.o
                0x00000744                DbgConsole_SendDataReliable
 .text.DbgConsole_Init
                0x00000798      0x138 ./utilities/fsl_debug_console.o
                0x00000798                DbgConsole_Init
 .text.DbgConsole_Vprintf
                0x000008d0       0x6c ./utilities/fsl_debug_console.o
                0x000008d0                DbgConsole_Vprintf
 .text.DataReadyCallback
                0x0000093c       0x34 ./onsemi/Source/NCN26010.o
                0x0000093c                DataReadyCallback
 .text.NCN26010_Init
                0x00000970       0x4c ./onsemi/Source/NCN26010.o
                0x00000970                NCN26010_Init
 .text.ConfigureMACPHY
                0x000009bc      0x10c ./onsemi/Source/NCN26010.o
                0x000009bc                ConfigureMACPHY
 .text.CheckIfFCSEnabled
                0x00000ac8       0x34 ./onsemi/Source/NCN26010.o
                0x00000ac8                CheckIfFCSEnabled
 .text.FCS_Calculator
                0x00000afc       0x84 ./onsemi/Source/NCN26010.o
                0x00000afc                FCS_Calculator
 .text.T1S_WriteMACPHYReg
                0x00000b80      0x320 ./onsemi/Source/NCN26010.o
                0x00000b80                T1S_WriteMACPHYReg
 .text.T1S_ReadMACPHYReg
                0x00000ea0      0x1e8 ./onsemi/Source/NCN26010.o
                0x00000ea0                T1S_ReadMACPHYReg
 .text.T1S_Transmit
                0x00001088      0x904 ./onsemi/Source/NCN26010.o
                0x00001088                T1S_Transmit
 .text.T1S_Receive
                0x0000198c      0x748 ./onsemi/Source/NCN26010.o
                0x0000198c                T1S_Receive
 .text.ReadBufferStatusReg
                0x000020d4       0x90 ./onsemi/Source/NCN26010.o
                0x000020d4                ReadBufferStatusReg
 .text.CheckRCABuffAndReceiveData
                0x00002164       0xa0 ./onsemi/Source/NCN26010.o
                0x00002164                CheckRCABuffAndReceiveData
 .text.NCN26010_Loop
                0x00002204       0x54 ./onsemi/Source/NCN26010.o
                0x00002204                NCN26010_Loop
 .text.T1S_InterpretEthernetTypeFrame
                0x00002258      0x604 ./onsemi/Source/NCN26010.o
                0x00002258                T1S_InterpretEthernetTypeFrame
 .text.OS_Init  0x0000285c       0x44 ./onsemi/Source/T1S_FreeRTOS_OS.o
                0x0000285c                OS_Init
 .text.OS_WaitUntilISR
                0x000028a0       0x34 ./onsemi/Source/T1S_FreeRTOS_OS.o
                0x000028a0                OS_WaitUntilISR
 .text.OS_Callback
                0x000028d4       0x44 ./onsemi/Source/T1S_FreeRTOS_OS.o
                0x000028d4                OS_Callback
 .text.OS_SetDataReadyCallback
                0x00002918       0x28 ./onsemi/Source/T1S_FreeRTOS_OS.o
                0x00002918                OS_SetDataReadyCallback
 .text.TCPIP_Receive
                0x00002940       0xcc ./onsemi/Source/T1S_FreeRTOS_TCP-IP.o
                0x00002940                TCPIP_Receive
 .text.IncTick  0x00002a0c       0x1c ./onsemi/Source/onsemi_hardware.o
 .text.GetTick  0x00002a28       0x18 ./onsemi/Source/onsemi_hardware.o
                0x00002a28                GetTick
 .text.GPIO00_IRQHandler
                0x00002a40       0x4c ./onsemi/Source/onsemi_hardware.o
                0x00002a40                GPIO00_IRQHandler
 .text.NCN_SPI_Transfer
                0x00002a8c       0x8c ./onsemi/Source/onsemi_hardware.o
                0x00002a8c                NCN_SPI_Transfer
 .text.SetDataReadyISR
                0x00002b18       0x28 ./onsemi/Source/onsemi_hardware.o
                0x00002b18                SetDataReadyISR
 .text.xNetworkBuffersInitialise
                0x00002b40       0xd0 ./onsemi/FreeRTOS-Plus-TCP/source/BufferAllocation_1.o
                0x00002b40                xNetworkBuffersInitialise
 .text.pxGetNetworkBufferWithDescriptor
                0x00002c10       0xac ./onsemi/FreeRTOS-Plus-TCP/source/BufferAllocation_1.o
                0x00002c10                pxGetNetworkBufferWithDescriptor
 .text.vReleaseNetworkBufferAndDescriptor
                0x00002cbc       0x7c ./onsemi/FreeRTOS-Plus-TCP/source/BufferAllocation_1.o
                0x00002cbc                vReleaseNetworkBufferAndDescriptor
 .text.uxGetNumberOfFreeNetworkBuffers
                0x00002d38       0x18 ./onsemi/FreeRTOS-Plus-TCP/source/BufferAllocation_1.o
                0x00002d38                uxGetNumberOfFreeNetworkBuffers
 .text.eARPProcessPacket
                0x00002d50      0x120 ./onsemi/FreeRTOS-Plus-TCP/source/FreeRTOS_ARP.o
                0x00002d50                eARPProcessPacket
 .text.vARPRefreshCacheEntry
                0x00002e70      0x1f0 ./onsemi/FreeRTOS-Plus-TCP/source/FreeRTOS_ARP.o
                0x00002e70                vARPRefreshCacheEntry
 .text.eARPGetCacheEntry
                0x00003060       0xd0 ./onsemi/FreeRTOS-Plus-TCP/source/FreeRTOS_ARP.o
                0x00003060                eARPGetCacheEntry
 .text.prvCacheLookup
                0x00003130       0x80 ./onsemi/FreeRTOS-Plus-TCP/source/FreeRTOS_ARP.o
 .text.vARPAgeCache
                0x000031b0      0x11c ./onsemi/FreeRTOS-Plus-TCP/source/FreeRTOS_ARP.o
                0x000031b0                vARPAgeCache
 .text.vARPGenerateRequestPacket
                0x000032cc       0xa4 ./onsemi/FreeRTOS-Plus-TCP/source/FreeRTOS_ARP.o
                0x000032cc                vARPGenerateRequestPacket
 .text.FreeRTOS_ClearARP
                0x00003370       0x18 ./onsemi/FreeRTOS-Plus-TCP/source/FreeRTOS_ARP.o
                0x00003370                FreeRTOS_ClearARP
 .text.prvIPTask
                0x00003388      0x1b8 ./onsemi/FreeRTOS-Plus-TCP/source/FreeRTOS_IP.o
 .text.xIsCallingFromIPTask
                0x00003540       0x2c ./onsemi/FreeRTOS-Plus-TCP/source/FreeRTOS_IP.o
                0x00003540                xIsCallingFromIPTask
 .text.prvCalculateSleepTime
                0x0000356c       0x50 ./onsemi/FreeRTOS-Plus-TCP/source/FreeRTOS_IP.o
 .text.prvCheckNetworkTimers
                0x000035bc       0x80 ./onsemi/FreeRTOS-Plus-TCP/source/FreeRTOS_IP.o
 .text.FreeRTOS_NetworkDown
                0x0000363c       0x38 ./onsemi/FreeRTOS-Plus-TCP/source/FreeRTOS_IP.o
                0x0000363c                FreeRTOS_NetworkDown
 .text.FreeRTOS_IPInit
                0x00003674      0x1e8 ./onsemi/FreeRTOS-Plus-TCP/source/FreeRTOS_IP.o
                0x00003674                FreeRTOS_IPInit
 .text.xSendEventStructToIPTask
                0x0000385c       0xbc ./onsemi/FreeRTOS-Plus-TCP/source/FreeRTOS_IP.o
                0x0000385c                xSendEventStructToIPTask
 .text.eConsiderFrameForProcessing
                0x00003918       0x88 ./onsemi/FreeRTOS-Plus-TCP/source/FreeRTOS_IP.o
                0x00003918                eConsiderFrameForProcessing
 .text.prvProcessNetworkDownEvent
                0x000039a0       0x38 ./onsemi/FreeRTOS-Plus-TCP/source/FreeRTOS_IP.o
 .text.vIPNetworkUpCalls
                0x000039d8       0x20 ./onsemi/FreeRTOS-Plus-TCP/source/FreeRTOS_IP.o
                0x000039d8                vIPNetworkUpCalls
 .text.prvAllowIPPacket
                0x000039f8       0xd0 ./onsemi/FreeRTOS-Plus-TCP/source/FreeRTOS_IP.o
 .text.prvProcessIPPacket
                0x00003ac8      0x1ec ./onsemi/FreeRTOS-Plus-TCP/source/FreeRTOS_IP.o
 .text.prvProcessICMPEchoRequest
                0x00003cb4       0xb0 ./onsemi/FreeRTOS-Plus-TCP/source/FreeRTOS_IP.o
 .text.vReturnEthernetFrame
                0x00003d64       0x84 ./onsemi/FreeRTOS-Plus-TCP/source/FreeRTOS_IP.o
                0x00003d64                vReturnEthernetFrame
 .text.xIPIsNetworkTaskReady
                0x00003de8       0x18 ./onsemi/FreeRTOS-Plus-TCP/source/FreeRTOS_IP.o
                0x00003de8                xIPIsNetworkTaskReady
 .text.vNetworkSocketsInit
                0x00003e00       0x1c ./onsemi/FreeRTOS-Plus-TCP/source/FreeRTOS_Sockets.o
                0x00003e00                vNetworkSocketsInit
 .text.prvDetermineSocketSize
                0x00003e1c       0xcc ./onsemi/FreeRTOS-Plus-TCP/source/FreeRTOS_Sockets.o
 .text.FreeRTOS_socket
                0x00003ee8      0x13c ./onsemi/FreeRTOS-Plus-TCP/source/FreeRTOS_Sockets.o
                0x00003ee8                FreeRTOS_socket
 .text.vSocketBind
                0x00004024      0x120 ./onsemi/FreeRTOS-Plus-TCP/source/FreeRTOS_Sockets.o
                0x00004024                vSocketBind
 .text.FreeRTOS_closesocket
                0x00004144       0x58 ./onsemi/FreeRTOS-Plus-TCP/source/FreeRTOS_Sockets.o
                0x00004144                FreeRTOS_closesocket
 .text.prvTCPSetSocketCount
                0x0000419c       0x90 ./onsemi/FreeRTOS-Plus-TCP/source/FreeRTOS_Sockets.o
 .text.prvGetPrivatePortNumber
                0x0000422c       0xb0 ./onsemi/FreeRTOS-Plus-TCP/source/FreeRTOS_Sockets.o
 .text.pxUDPSocketLookup
                0x000042dc       0x44 ./onsemi/FreeRTOS-Plus-TCP/source/FreeRTOS_Sockets.o
                0x000042dc                pxUDPSocketLookup
 .text.xTCPTimerCheck
                0x00004320       0xf0 ./onsemi/FreeRTOS-Plus-TCP/source/FreeRTOS_Sockets.o
                0x00004320                xTCPTimerCheck
 .text.pxTCPSocketLookup
                0x00004410       0x8c ./onsemi/FreeRTOS-Plus-TCP/source/FreeRTOS_Sockets.o
                0x00004410                pxTCPSocketLookup
 .text.prvTCPCreateStream
                0x0000449c       0xf4 ./onsemi/FreeRTOS-Plus-TCP/source/FreeRTOS_Sockets.o
 .text.vSocketSelect
                0x00004590      0x23c ./onsemi/FreeRTOS-Plus-TCP/source/FreeRTOS_Sockets.o
                0x00004590                vSocketSelect
 .text.xTCPSocketCheck
                0x000047cc       0xd8 ./onsemi/FreeRTOS-Plus-TCP/source/FreeRTOS_TCP_IP.o
                0x000047cc                xTCPSocketCheck
 .text.prvTCPReturnPacket
                0x000048a4      0x3a8 ./onsemi/FreeRTOS-Plus-TCP/source/FreeRTOS_TCP_IP.o
 .text.prvTCPCreateWindow
                0x00004c4c       0x68 ./onsemi/FreeRTOS-Plus-TCP/source/FreeRTOS_TCP_IP.o
 .text.prvTCPPrepareConnect
                0x00004cb4      0x1d4 ./onsemi/FreeRTOS-Plus-TCP/source/FreeRTOS_TCP_IP.o
 .text.vTCPStateChange
                0x00004e88      0x1bc ./onsemi/FreeRTOS-Plus-TCP/source/FreeRTOS_TCP_IP.o
                0x00004e88                vTCPStateChange
 .text.prvTCPBufferResize
                0x00005044       0xd8 ./onsemi/FreeRTOS-Plus-TCP/source/FreeRTOS_TCP_IP.o
 .text.prvTCPNextTimeout
                0x0000511c      0x100 ./onsemi/FreeRTOS-Plus-TCP/source/FreeRTOS_TCP_IP.o
 .text.prvTCPHandleFin
                0x0000521c      0x174 ./onsemi/FreeRTOS-Plus-TCP/source/FreeRTOS_TCP_IP.o
 .text.prvSetOptions
                0x00005390      0x124 ./onsemi/FreeRTOS-Plus-TCP/source/FreeRTOS_TCP_IP.o
 .text.prvHandleEstablished
                0x000054b4      0x270 ./onsemi/FreeRTOS-Plus-TCP/source/FreeRTOS_TCP_IP.o
 .text.prvSendData
                0x00005724      0x15c ./onsemi/FreeRTOS-Plus-TCP/source/FreeRTOS_TCP_IP.o
 .text.prvTCPHandleState
                0x00005880      0x23c ./onsemi/FreeRTOS-Plus-TCP/source/FreeRTOS_TCP_IP.o
 .text.prvSocketSetMSS
                0x00005abc       0x80 ./onsemi/FreeRTOS-Plus-TCP/source/FreeRTOS_TCP_IP.o
 .text.prvHandleListen
                0x00005b3c      0x194 ./onsemi/FreeRTOS-Plus-TCP/source/FreeRTOS_TCP_IP.o
 .text.prvTCPSocketCopy
                0x00005cd0      0x118 ./onsemi/FreeRTOS-Plus-TCP/source/FreeRTOS_TCP_IP.o
 .text.xTCPCheckNewClient
                0x00005de8       0x98 ./onsemi/FreeRTOS-Plus-TCP/source/FreeRTOS_TCP_IP.o
                0x00005de8                xTCPCheckNewClient
 .text.prvCreateSectors
                0x00005e80       0xb0 ./onsemi/FreeRTOS-Plus-TCP/source/FreeRTOS_TCP_WIN.o
 .text.xTCPWindowNew
                0x00005f30       0xc8 ./onsemi/FreeRTOS-Plus-TCP/source/FreeRTOS_TCP_WIN.o
 .text.vTCPWindowFree
                0x00005ff8       0x58 ./onsemi/FreeRTOS-Plus-TCP/source/FreeRTOS_TCP_WIN.o
 .text.vTCPWindowCreate
                0x00006050       0x84 ./onsemi/FreeRTOS-Plus-TCP/source/FreeRTOS_TCP_WIN.o
                0x00006050                vTCPWindowCreate
 .text.lTCPWindowRxCheck
                0x000060d4      0x21c ./onsemi/FreeRTOS-Plus-TCP/source/FreeRTOS_TCP_WIN.o
                0x000060d4                lTCPWindowRxCheck
 .text.lTCPWindowTxAdd
                0x000062f0      0x1a8 ./onsemi/FreeRTOS-Plus-TCP/source/FreeRTOS_TCP_WIN.o
                0x000062f0                lTCPWindowTxAdd
 .text.ulTCPWindowTxGet
                0x00006498      0x1e8 ./onsemi/FreeRTOS-Plus-TCP/source/FreeRTOS_TCP_WIN.o
                0x00006498                ulTCPWindowTxGet
 .text.prvTCPWindowTxCheckAck
                0x00006680      0x1a4 ./onsemi/FreeRTOS-Plus-TCP/source/FreeRTOS_TCP_WIN.o
 .text.prvTCPWindowFastRetransmit
                0x00006824       0xc0 ./onsemi/FreeRTOS-Plus-TCP/source/FreeRTOS_TCP_WIN.o
 .text.ulTCPWindowTxSack
                0x000068e4       0x5c ./onsemi/FreeRTOS-Plus-TCP/source/FreeRTOS_TCP_WIN.o
                0x000068e4                ulTCPWindowTxSack
 .text.vProcessGeneratedUDPPacket
                0x00006940      0x1a4 ./onsemi/FreeRTOS-Plus-TCP/source/FreeRTOS_UDP_IP.o
                0x00006940                vProcessGeneratedUDPPacket
 .text.vTaskNCN26010Poll
                0x00006ae4       0x2c ./onsemi/FreeRTOS-Plus-TCP/source/NetworkInterface.o
                0x00006ae4                vTaskNCN26010Poll
 .text.xNetworkInterfaceInitialise
                0x00006b10       0x44 ./onsemi/FreeRTOS-Plus-TCP/source/NetworkInterface.o
                0x00006b10                xNetworkInterfaceInitialise
 .text.xNetworkInterfaceOutput
                0x00006b54       0x94 ./onsemi/FreeRTOS-Plus-TCP/source/NetworkInterface.o
                0x00006b54                xNetworkInterfaceOutput
 .text.vNetworkInterfaceAllocateRAMToBuffers
                0x00006be8       0x70 ./onsemi/FreeRTOS-Plus-TCP/source/NetworkInterface.o
                0x00006be8                vNetworkInterfaceAllocateRAMToBuffers
 .text.pvPortMalloc
                0x00006c58      0x158 ./freertos/freertos-kernel/portable/MemMang/heap_4.o
                0x00006c58                pvPortMalloc
 .text.vPortFree
                0x00006db0       0x9c ./freertos/freertos-kernel/portable/MemMang/heap_4.o
                0x00006db0                vPortFree
 .text.prvHeapInit
                0x00006e4c       0xb8 ./freertos/freertos-kernel/portable/MemMang/heap_4.o
 .text.prvInsertBlockIntoFreeList
                0x00006f04       0xb4 ./freertos/freertos-kernel/portable/MemMang/heap_4.o
 .text.vPortSetupTimerInterrupt
                0x00006fb8       0x48 ./freertos/freertos-kernel/portable/GCC/ARM_CM33_NTZ/non_secure/port.o
                0x00006fb8                vPortSetupTimerInterrupt
 .text.prvTaskExitError
                0x00007000       0x38 ./freertos/freertos-kernel/portable/GCC/ARM_CM33_NTZ/non_secure/port.o
 .text.vPortYield
                0x00007038       0x24 ./freertos/freertos-kernel/portable/GCC/ARM_CM33_NTZ/non_secure/port.o
                0x00007038                vPortYield
 .text.vPortEnterCritical
                0x0000705c       0x24 ./freertos/freertos-kernel/portable/GCC/ARM_CM33_NTZ/non_secure/port.o
                0x0000705c                vPortEnterCritical
 .text.vPortExitCritical
                0x00007080       0x34 ./freertos/freertos-kernel/portable/GCC/ARM_CM33_NTZ/non_secure/port.o
                0x00007080                vPortExitCritical
 .text.SysTick_Handler
                0x000070b4       0x30 ./freertos/freertos-kernel/portable/GCC/ARM_CM33_NTZ/non_secure/port.o
                0x000070b4                SysTick_Handler
 .text.pxPortInitialiseStack
                0x000070e4      0x114 ./freertos/freertos-kernel/portable/GCC/ARM_CM33_NTZ/non_secure/port.o
                0x000070e4                pxPortInitialiseStack
 .text.xPortStartScheduler
                0x000071f8       0x40 ./freertos/freertos-kernel/portable/GCC/ARM_CM33_NTZ/non_secure/port.o
                0x000071f8                xPortStartScheduler
 .text.xEventGroupSetBitsFromISR
                0x00007238       0x28 ./freertos/freertos-kernel/event_groups.o
                0x00007238                xEventGroupSetBitsFromISR
 .text.vQueueAddToRegistry
                0x00007260       0x8c ./freertos/freertos-kernel/queue.o
                0x00007260                vQueueAddToRegistry
 .text.vQueueUnregisterQueue
                0x000072ec       0x60 ./freertos/freertos-kernel/queue.o
                0x000072ec                vQueueUnregisterQueue
 .text.prvAddNewTaskToReadyList
                0x0000734c      0x120 ./freertos/freertos-kernel/tasks.o
 .text.vTaskDelay
                0x0000746c       0x4c ./freertos/freertos-kernel/tasks.o
                0x0000746c                vTaskDelay
 .text.vTaskStartScheduler
                0x000074b8       0x84 ./freertos/freertos-kernel/tasks.o
                0x000074b8                vTaskStartScheduler
 .text.vTaskSuspendAll
                0x0000753c       0x1c ./freertos/freertos-kernel/tasks.o
                0x0000753c                vTaskSuspendAll
 .text.xTaskResumeAll
                0x00007558      0x1dc ./freertos/freertos-kernel/tasks.o
                0x00007558                xTaskResumeAll
 .text.xTaskGetTickCount
                0x00007734       0x20 ./freertos/freertos-kernel/tasks.o
                0x00007734                xTaskGetTickCount
 .text.uxTaskGetNumberOfTasks
                0x00007754       0x18 ./freertos/freertos-kernel/tasks.o
                0x00007754                uxTaskGetNumberOfTasks
 .text.xTaskIncrementTick
                0x0000776c      0x204 ./freertos/freertos-kernel/tasks.o
                0x0000776c                xTaskIncrementTick
 .text.vTaskSwitchContext
                0x00007970       0xa8 ./freertos/freertos-kernel/tasks.o
                0x00007970                vTaskSwitchContext
 .text.vTaskPlaceOnEventList
                0x00007a18       0x3c ./freertos/freertos-kernel/tasks.o
                0x00007a18                vTaskPlaceOnEventList
 .text.vTaskPlaceOnUnorderedEventList
                0x00007a54       0x90 ./freertos/freertos-kernel/tasks.o
                0x00007a54                vTaskPlaceOnUnorderedEventList
 .text.vTaskPlaceOnEventListRestricted
                0x00007ae4       0x7c ./freertos/freertos-kernel/tasks.o
                0x00007ae4                vTaskPlaceOnEventListRestricted
 .text.xTaskRemoveFromEventList
                0x00007b60      0x19c ./freertos/freertos-kernel/tasks.o
                0x00007b60                xTaskRemoveFromEventList
 .text.vTaskRemoveFromUnorderedEventList
                0x00007cfc      0x164 ./freertos/freertos-kernel/tasks.o
                0x00007cfc                vTaskRemoveFromUnorderedEventList
 .text.vTaskSetTimeOutState
                0x00007e60       0x40 ./freertos/freertos-kernel/tasks.o
                0x00007e60                vTaskSetTimeOutState
 .text.vTaskInternalSetTimeOutState
                0x00007ea0       0x2c ./freertos/freertos-kernel/tasks.o
                0x00007ea0                vTaskInternalSetTimeOutState
 .text.xTaskCheckForTimeOut
                0x00007ecc       0xb0 ./freertos/freertos-kernel/tasks.o
                0x00007ecc                xTaskCheckForTimeOut
 .text.vTaskMissedYield
                0x00007f7c       0x18 ./freertos/freertos-kernel/tasks.o
                0x00007f7c                vTaskMissedYield
 .text.prvIdleTask
                0x00007f94       0x20 ./freertos/freertos-kernel/tasks.o
 .text.prvInitialiseTaskLists
                0x00007fb4       0x80 ./freertos/freertos-kernel/tasks.o
 .text.prvCheckTasksWaitingTermination
                0x00008034       0x5c ./freertos/freertos-kernel/tasks.o
 .text.prvResetNextTaskUnblockTime
                0x00008090       0x38 ./freertos/freertos-kernel/tasks.o
 .text.xTaskGetCurrentTaskHandle
                0x000080c8       0x20 ./freertos/freertos-kernel/tasks.o
                0x000080c8                xTaskGetCurrentTaskHandle
 .text.xTaskGetSchedulerState
                0x000080e8       0x3c ./freertos/freertos-kernel/tasks.o
                0x000080e8                xTaskGetSchedulerState
 .text.xTaskPriorityInherit
                0x00008124      0x120 ./freertos/freertos-kernel/tasks.o
                0x00008124                xTaskPriorityInherit
 .text.xTaskPriorityDisinherit
                0x00008244      0x110 ./freertos/freertos-kernel/tasks.o
                0x00008244                xTaskPriorityDisinherit
 .text.vTaskPriorityDisinheritAfterTimeout
                0x00008354      0x138 ./freertos/freertos-kernel/tasks.o
                0x00008354                vTaskPriorityDisinheritAfterTimeout
 .text.uxTaskResetEventItemValue
                0x0000848c       0x30 ./freertos/freertos-kernel/tasks.o
                0x0000848c                uxTaskResetEventItemValue
 .text.pvTaskIncrementMutexHeldCount
                0x000084bc       0x28 ./freertos/freertos-kernel/tasks.o
                0x000084bc                pvTaskIncrementMutexHeldCount
 .text.prvAddCurrentTaskToDelayedList
                0x000084e4       0xdc ./freertos/freertos-kernel/tasks.o
 .text.xTimerCreateTimerTask
                0x000085c0       0x54 ./freertos/freertos-kernel/timers.o
                0x000085c0                xTimerCreateTimerTask
 .text.prvProcessExpiredTimer
                0x00008614       0x60 ./freertos/freertos-kernel/timers.o
 .text.prvProcessTimerOrBlockTask
                0x00008674       0x8c ./freertos/freertos-kernel/timers.o
 .text.prvGetNextExpireTime
                0x00008700       0x48 ./freertos/freertos-kernel/timers.o
 .text.prvSampleTimeNow
                0x00008748       0x40 ./freertos/freertos-kernel/timers.o
 .text.prvInsertTimerInActiveList
                0x00008788       0x84 ./freertos/freertos-kernel/timers.o
 .text.prvProcessReceivedCommands
                0x0000880c      0x19c ./freertos/freertos-kernel/timers.o
 .text.prvSwitchTimerLists
                0x000089a8       0x4c ./freertos/freertos-kernel/timers.o
 .text.prvCheckForValidListAndQueue
                0x000089f4       0x6c ./freertos/freertos-kernel/timers.o
 .text.xTimerPendFunctionCallFromISR
                0x00008a60       0x40 ./freertos/freertos-kernel/timers.o
                0x00008a60                xTimerPendFunctionCallFromISR
 .text.CLOCK_IsPLL0Locked
                0x00008aa0       0x28 ./drivers/fsl_clock.o
 .text.CLOCK_SetupFROHFClocking
                0x00008ac8       0x9c ./drivers/fsl_clock.o
                0x00008ac8                CLOCK_SetupFROHFClocking
 .text.CLOCK_SetupClk16KClocking
                0x00008b64       0x70 ./drivers/fsl_clock.o
                0x00008b64                CLOCK_SetupClk16KClocking
 .text.CLOCK_SetPll0MonitorMode
                0x00008bd4       0x38 ./drivers/fsl_clock.o
                0x00008bd4                CLOCK_SetPll0MonitorMode
 .text.CLOCK_AttachClk
                0x00008c0c       0xb0 ./drivers/fsl_clock.o
                0x00008c0c                CLOCK_AttachClk
 .text.CLOCK_SetClkDiv
                0x00008cbc       0x54 ./drivers/fsl_clock.o
                0x00008cbc                CLOCK_SetClkDiv
 .text.CLOCK_GetPLL0InClockRate
                0x00008d10       0x58 ./drivers/fsl_clock.o
                0x00008d10                CLOCK_GetPLL0InClockRate
 .text.CLOCK_SetPLL0Freq
                0x00008d68      0x10c ./drivers/fsl_clock.o
                0x00008d68                CLOCK_SetPLL0Freq
 .text.CLOCK_GetClk48MFreq
                0x00008e74       0x2c ./drivers/fsl_clock.o
 .text.CLOCK_GetExtClkFreq
                0x00008ea0       0x2c ./drivers/fsl_clock.o
 .text.CLOCK_GetOsc32KFreq
                0x00008ecc       0x4c ./drivers/fsl_clock.o
 .text.findPll0PreDiv
                0x00008f18       0x40 ./drivers/fsl_clock.o
 .text.findPll0PostDiv
                0x00008f58       0x60 ./drivers/fsl_clock.o
 .text.findPll0MMult
                0x00008fb8       0xac ./drivers/fsl_clock.o
 .text.__NVIC_EnableIRQ
                0x00009064       0x3c ./drivers/fsl_ctimer.o
 .text.CTIMER_GetInstance
                0x000090a0       0x54 ./drivers/fsl_ctimer.o
 .text.CTIMER_Init
                0x000090f4       0x74 ./drivers/fsl_ctimer.o
                0x000090f4                CTIMER_Init
 .text.CTIMER_SetupMatch
                0x00009168      0x11c ./drivers/fsl_ctimer.o
                0x00009168                CTIMER_SetupMatch
 .text.CTIMER_RegisterCallBack
                0x00009284       0x3c ./drivers/fsl_ctimer.o
                0x00009284                CTIMER_RegisterCallBack
 .text.CTIMER_GenericIRQHandler
                0x000092c0       0xb4 ./drivers/fsl_ctimer.o
 .text.GPIO_PinInit
                0x00009374       0x64 ./drivers/fsl_gpio.o
                0x00009374                GPIO_PinInit
 .text.GPIO_GpioGetInterruptChannelFlags
                0x000093d8       0x2c ./drivers/fsl_gpio.o
                0x000093d8                GPIO_GpioGetInterruptChannelFlags
 .text.GPIO_GpioClearInterruptChannelFlags
                0x00009404       0x30 ./drivers/fsl_gpio.o
                0x00009404                GPIO_GpioClearInterruptChannelFlags
 .text.LP_FLEXCOMM_GetBaseAddress
                0x00009434       0x2c ./drivers/fsl_lpflexcomm.o
                0x00009434                LP_FLEXCOMM_GetBaseAddress
 .text.LP_FLEXCOMM_GetInterruptStatus
                0x00009460       0x28 ./drivers/fsl_lpflexcomm.o
                0x00009460                LP_FLEXCOMM_GetInterruptStatus
 .text.LP_FLEXCOMM_SetPeriph
                0x00009488       0x94 ./drivers/fsl_lpflexcomm.o
 .text.LP_FLEXCOMM_Init
                0x0000951c       0x58 ./drivers/fsl_lpflexcomm.o
                0x0000951c                LP_FLEXCOMM_Init
 .text.LP_FLEXCOMM_CommonIRQHandler
                0x00009574       0xb8 ./drivers/fsl_lpflexcomm.o
 .text.LPSPI_GetInstance
                0x0000962c       0x50 ./drivers/fsl_lpspi.o
                0x0000962c                LPSPI_GetInstance
 .text.LPSPI_SetDummyData
                0x0000967c       0x2c ./drivers/fsl_lpspi.o
                0x0000967c                LPSPI_SetDummyData
 .text.LPSPI_MasterInit
                0x000096a8      0x168 ./drivers/fsl_lpspi.o
                0x000096a8                LPSPI_MasterInit
 .text.LPSPI_MasterSetBaudRate
                0x00009810      0x100 ./drivers/fsl_lpspi.o
                0x00009810                LPSPI_MasterSetBaudRate
 .text.LPSPI_MasterSetDelayScaler
                0x00009910       0xb4 ./drivers/fsl_lpspi.o
                0x00009910                LPSPI_MasterSetDelayScaler
 .text.LPSPI_CheckTransferArgument
                0x000099c4      0x104 ./drivers/fsl_lpspi.o
                0x000099c4                LPSPI_CheckTransferArgument
 .text.LPSPI_MasterTransferBlocking
                0x00009ac8      0x3c4 ./drivers/fsl_lpspi.o
                0x00009ac8                LPSPI_MasterTransferBlocking
 .text.LPSPI_CombineWriteData
                0x00009e8c      0x1bc ./drivers/fsl_lpspi.o
 .text.LPSPI_SeparateReadData
                0x0000a048      0x1b0 ./drivers/fsl_lpspi.o
 .text.LPUART_GetInstance
                0x0000a1f8       0x4c ./drivers/fsl_lpuart.o
                0x0000a1f8                LPUART_GetInstance
 .text.LPUART_Init
                0x0000a244      0x3c4 ./drivers/fsl_lpuart.o
                0x0000a244                LPUART_Init
 .text.LPUART_GetDefaultConfig
                0x0000a608       0x8c ./drivers/fsl_lpuart.o
                0x0000a608                LPUART_GetDefaultConfig
 .text.LPUART_WriteBlocking
                0x0000a694       0x68 ./drivers/fsl_lpuart.o
                0x0000a694                LPUART_WriteBlocking
 .text.RESET_SetPeripheralReset
                0x0000a6fc       0x64 ./drivers/fsl_reset.o
                0x0000a6fc                RESET_SetPeripheralReset
 .text.RESET_ClearPeripheralReset
                0x0000a760       0x64 ./drivers/fsl_reset.o
                0x0000a760                RESET_ClearPeripheralReset
 .text.SPC_SetSRAMOperateVoltage
                0x0000a7c4       0x64 ./drivers/fsl_spc.o
                0x0000a7c4                SPC_SetSRAMOperateVoltage
 .text.SPC_SetActiveModeCoreLDORegulatorConfig
                0x0000a828       0xbc ./drivers/fsl_spc.o
                0x0000a828                SPC_SetActiveModeCoreLDORegulatorConfig
 .text.SPC_SetActiveModeDCDCRegulatorConfig
                0x0000a8e4       0x68 ./drivers/fsl_spc.o
                0x0000a8e4                SPC_SetActiveModeDCDCRegulatorConfig
 .text.SystemInit
                0x0000a94c      0x114 ./device/system_MCXN947_cm33_core0.o
                0x0000a94c                SystemInit
 .text.HAL_UartInitCommon
                0x0000aa60       0xe4 ./component/uart/fsl_adapter_lpuart.o
 .text.HAL_UartInit
                0x0000ab44       0x84 ./component/uart/fsl_adapter_lpuart.o
                0x0000ab44                HAL_UartInit
 .text.HAL_UartSendBlocking
                0x0000abc8       0x64 ./component/uart/fsl_adapter_lpuart.o
                0x0000abc8                HAL_UartSendBlocking
 .text.BOARD_InitDebugConsole
                0x0000ac2c       0x38 ./board/board.o
                0x0000ac2c                BOARD_InitDebugConsole
 .text.BOARD_BootClockPLL150M
                0x0000ac64      0x138 ./board/clock_config.o
                0x0000ac64                BOARD_BootClockPLL150M
 .text.__NVIC_EnableIRQ
                0x0000ad9c       0x3c ./board/peripherals.o
 .text.__NVIC_SetPriority
                0x0000add8       0x54 ./board/peripherals.o
 .text.TimeBase_init
                0x0000ae2c       0x3c ./board/peripherals.o
 .text.NCN_SPI_init
                0x0000ae68       0x20 ./board/peripherals.o
 .text.PORT_SetPinConfig
                0x0000ae88       0x38 ./board/pin_mux.o
 .text.GPIO_SetPinInterruptConfig
                0x0000aec0       0x4c ./board/pin_mux.o
 .text.BOARD_InitDEBUG_UARTPins
                0x0000af0c       0x54 ./board/pin_mux.o
                0x0000af0c                BOARD_InitDEBUG_UARTPins
 .text.NCN_Peripheral_Init
                0x0000af60      0x154 ./board/pin_mux.o
                0x0000af60                NCN_Peripheral_Init
 .text._initio  0x0000b0b4       0x78 c:/nxp/mcuxpressoide_11.9.0_2144/ide/plugins/com.nxp.mcuxpresso.tools.win32_11.9.0.202307121226/tools/bin/../lib/gcc/arm-none-eabi/12.3.1/../../../../arm-none-eabi/lib/thumb/v8-m.main+fp/hard\libcr_c.a(initio.o)
                0x0000b0b4                _initio
 .text.rand     0x0000b12c       0x48 c:/nxp/mcuxpressoide_11.9.0_2144/ide/plugins/com.nxp.mcuxpresso.tools.win32_11.9.0.202307121226/tools/bin/../lib/gcc/arm-none-eabi/12.3.1/../../../../arm-none-eabi/lib/thumb/v8-m.main+fp/hard\libcr_c.a(stdlib.o)
                0x0000b12c                rand
 .text._Cwritebuf
                0x0000b174       0x6c c:/nxp/mcuxpressoide_11.9.0_2144/ide/plugins/com.nxp.mcuxpresso.tools.win32_11.9.0.202307121226/tools/bin/../lib/gcc/arm-none-eabi/12.3.1/../../../../arm-none-eabi/lib/thumb/v8-m.main+fp/hard\libcr_c.a(_writebuf.o)
                0x0000b174                _Cwritebuf
 .text.fflush   0x0000b1e0       0x3c c:/nxp/mcuxpressoide_11.9.0_2144/ide/plugins/com.nxp.mcuxpresso.tools.win32_11.9.0.202307121226/tools/bin/../lib/gcc/arm-none-eabi/12.3.1/../../../../arm-none-eabi/lib/thumb/v8-m.main+fp/hard\libcr_c.a(fflush.o)
                0x0000b1e0                fflush
 .text.fseek    0x0000b21c       0xf8 c:/nxp/mcuxpressoide_11.9.0_2144/ide/plugins/com.nxp.mcuxpresso.tools.win32_11.9.0.202307121226/tools/bin/../lib/gcc/arm-none-eabi/12.3.1/../../../../arm-none-eabi/lib/thumb/v8-m.main+fp/hard\libcr_c.a(fseek.o)
                0x0000b21c                fseek
 .text.ftell    0x0000b314       0x44 c:/nxp/mcuxpressoide_11.9.0_2144/ide/plugins/com.nxp.mcuxpresso.tools.win32_11.9.0.202307121226/tools/bin/../lib/gcc/arm-none-eabi/12.3.1/../../../../arm-none-eabi/lib/thumb/v8-m.main+fp/hard\libcr_c.a(ftell.o)
                0x0000b314                ftell
 .text.DbgConsole_PrintCallback
                0x0000b358       0x66 ./utilities/fsl_debug_console.o
 .text.DbgConsole_Printf
                0x0000b3be       0x2c ./utilities/fsl_debug_console.o
                0x0000b3be                DbgConsole_Printf
 .text.PrintGetWidth
                0x0000b3ea       0x6a ./utilities/fsl_str.o
 .text.PrintGetPrecision
                0x0000b454       0x8c ./utilities/fsl_str.o
 .text.PrintIsobpu
                0x0000b4e0       0x38 ./utilities/fsl_str.o
 .text.PrintIsdi
                0x0000b518       0x2c ./utilities/fsl_str.o
 .text.PrintOutputdifFobpu
                0x0000b544       0x44 ./utilities/fsl_str.o
 .text.PrintOutputxX
                0x0000b588       0x44 ./utilities/fsl_str.o
 .text.PrintIsfF
                0x0000b5cc       0x2c ./utilities/fsl_str.o
 .text.PrintIsxX
                0x0000b5f8       0x2c ./utilities/fsl_str.o
 .text.PrintFilterLengthFlag
                0x0000b624       0x3e ./utilities/fsl_str.o
 .text.PrintGetRadixFromobpu
                0x0000b662       0x40 ./utilities/fsl_str.o
 .text.ConvertRadixNumToString
                0x0000b6a2       0xc2 ./utilities/fsl_str.o
 .text.StrFormatPrintf
                0x0000b764      0x2ac ./utilities/fsl_str.o
                0x0000b764                StrFormatPrintf
 .text.OR_IRQHandler
                0x0000ba10        0x8 ./startup/startup_mcxn947_cm33_core0.o
                0x0000ba10                OR_IRQHandler
 .text.EDMA_0_CH0_IRQHandler
                0x0000ba18        0x8 ./startup/startup_mcxn947_cm33_core0.o
                0x0000ba18                EDMA_0_CH0_IRQHandler
 .text.EDMA_0_CH1_IRQHandler
                0x0000ba20        0x8 ./startup/startup_mcxn947_cm33_core0.o
                0x0000ba20                EDMA_0_CH1_IRQHandler
 .text.EDMA_0_CH2_IRQHandler
                0x0000ba28        0x8 ./startup/startup_mcxn947_cm33_core0.o
                0x0000ba28                EDMA_0_CH2_IRQHandler
 .text.EDMA_0_CH3_IRQHandler
                0x0000ba30        0x8 ./startup/startup_mcxn947_cm33_core0.o
                0x0000ba30                EDMA_0_CH3_IRQHandler
 .text.EDMA_0_CH4_IRQHandler
                0x0000ba38        0x8 ./startup/startup_mcxn947_cm33_core0.o
                0x0000ba38                EDMA_0_CH4_IRQHandler
 .text.EDMA_0_CH5_IRQHandler
                0x0000ba40        0x8 ./startup/startup_mcxn947_cm33_core0.o
                0x0000ba40                EDMA_0_CH5_IRQHandler
 .text.EDMA_0_CH6_IRQHandler
                0x0000ba48        0x8 ./startup/startup_mcxn947_cm33_core0.o
                0x0000ba48                EDMA_0_CH6_IRQHandler
 .text.EDMA_0_CH7_IRQHandler
                0x0000ba50        0x8 ./startup/startup_mcxn947_cm33_core0.o
                0x0000ba50                EDMA_0_CH7_IRQHandler
 .text.EDMA_0_CH8_IRQHandler
                0x0000ba58        0x8 ./startup/startup_mcxn947_cm33_core0.o
                0x0000ba58                EDMA_0_CH8_IRQHandler
 .text.EDMA_0_CH9_IRQHandler
                0x0000ba60        0x8 ./startup/startup_mcxn947_cm33_core0.o
                0x0000ba60                EDMA_0_CH9_IRQHandler
 .text.EDMA_0_CH10_IRQHandler
                0x0000ba68        0x8 ./startup/startup_mcxn947_cm33_core0.o
                0x0000ba68                EDMA_0_CH10_IRQHandler
 .text.EDMA_0_CH11_IRQHandler
                0x0000ba70        0x8 ./startup/startup_mcxn947_cm33_core0.o
                0x0000ba70                EDMA_0_CH11_IRQHandler
 .text.EDMA_0_CH12_IRQHandler
                0x0000ba78        0x8 ./startup/startup_mcxn947_cm33_core0.o
                0x0000ba78                EDMA_0_CH12_IRQHandler
 .text.EDMA_0_CH13_IRQHandler
                0x0000ba80        0x8 ./startup/startup_mcxn947_cm33_core0.o
                0x0000ba80                EDMA_0_CH13_IRQHandler
 .text.EDMA_0_CH14_IRQHandler
                0x0000ba88        0x8 ./startup/startup_mcxn947_cm33_core0.o
                0x0000ba88                EDMA_0_CH14_IRQHandler
 .text.EDMA_0_CH15_IRQHandler
                0x0000ba90        0x8 ./startup/startup_mcxn947_cm33_core0.o
                0x0000ba90                EDMA_0_CH15_IRQHandler
 .text.GPIO01_IRQHandler
                0x0000ba98        0x8 ./startup/startup_mcxn947_cm33_core0.o
                0x0000ba98                GPIO01_IRQHandler
 .text.GPIO10_IRQHandler
                0x0000baa0        0x8 ./startup/startup_mcxn947_cm33_core0.o
                0x0000baa0                GPIO10_IRQHandler
 .text.GPIO11_IRQHandler
                0x0000baa8        0x8 ./startup/startup_mcxn947_cm33_core0.o
                0x0000baa8                GPIO11_IRQHandler
 .text.GPIO20_IRQHandler
                0x0000bab0        0x8 ./startup/startup_mcxn947_cm33_core0.o
                0x0000bab0                GPIO20_IRQHandler
 .text.GPIO21_IRQHandler
                0x0000bab8        0x8 ./startup/startup_mcxn947_cm33_core0.o
                0x0000bab8                GPIO21_IRQHandler
 .text.GPIO30_IRQHandler
                0x0000bac0        0x8 ./startup/startup_mcxn947_cm33_core0.o
                0x0000bac0                GPIO30_IRQHandler
 .text.GPIO31_IRQHandler
                0x0000bac8        0x8 ./startup/startup_mcxn947_cm33_core0.o
                0x0000bac8                GPIO31_IRQHandler
 .text.GPIO40_IRQHandler
                0x0000bad0        0x8 ./startup/startup_mcxn947_cm33_core0.o
                0x0000bad0                GPIO40_IRQHandler
 .text.GPIO41_IRQHandler
                0x0000bad8        0x8 ./startup/startup_mcxn947_cm33_core0.o
                0x0000bad8                GPIO41_IRQHandler
 .text.GPIO50_IRQHandler
                0x0000bae0        0x8 ./startup/startup_mcxn947_cm33_core0.o
                0x0000bae0                GPIO50_IRQHandler
 .text.GPIO51_IRQHandler
                0x0000bae8        0x8 ./startup/startup_mcxn947_cm33_core0.o
                0x0000bae8                GPIO51_IRQHandler
 .text.UTICK0_IRQHandler
                0x0000baf0        0x8 ./startup/startup_mcxn947_cm33_core0.o
                0x0000baf0                UTICK0_IRQHandler
 .text.MRT0_IRQHandler
                0x0000baf8        0x8 ./startup/startup_mcxn947_cm33_core0.o
                0x0000baf8                MRT0_IRQHandler
 .text.CTIMER0_IRQHandler
                0x0000bb00        0x8 ./startup/startup_mcxn947_cm33_core0.o
                0x0000bb00                CTIMER0_IRQHandler
 .text.CTIMER1_IRQHandler
                0x0000bb08        0x8 ./startup/startup_mcxn947_cm33_core0.o
                0x0000bb08                CTIMER1_IRQHandler
 .text.SCT0_IRQHandler
                0x0000bb10        0x8 ./startup/startup_mcxn947_cm33_core0.o
                0x0000bb10                SCT0_IRQHandler
 .text.CTIMER2_IRQHandler
                0x0000bb18        0x8 ./startup/startup_mcxn947_cm33_core0.o
                0x0000bb18                CTIMER2_IRQHandler
 .text.LP_FLEXCOMM0_IRQHandler
                0x0000bb20        0x8 ./startup/startup_mcxn947_cm33_core0.o
                0x0000bb20                LP_FLEXCOMM0_IRQHandler
 .text.LP_FLEXCOMM1_IRQHandler
                0x0000bb28        0x8 ./startup/startup_mcxn947_cm33_core0.o
                0x0000bb28                LP_FLEXCOMM1_IRQHandler
 .text.LP_FLEXCOMM2_IRQHandler
                0x0000bb30        0x8 ./startup/startup_mcxn947_cm33_core0.o
                0x0000bb30                LP_FLEXCOMM2_IRQHandler
 .text.LP_FLEXCOMM3_IRQHandler
                0x0000bb38        0x8 ./startup/startup_mcxn947_cm33_core0.o
                0x0000bb38                LP_FLEXCOMM3_IRQHandler
 .text.LP_FLEXCOMM4_IRQHandler
                0x0000bb40        0x8 ./startup/startup_mcxn947_cm33_core0.o
                0x0000bb40                LP_FLEXCOMM4_IRQHandler
 .text.LP_FLEXCOMM5_IRQHandler
                0x0000bb48        0x8 ./startup/startup_mcxn947_cm33_core0.o
                0x0000bb48                LP_FLEXCOMM5_IRQHandler
 .text.LP_FLEXCOMM6_IRQHandler
                0x0000bb50        0x8 ./startup/startup_mcxn947_cm33_core0.o
                0x0000bb50                LP_FLEXCOMM6_IRQHandler
 .text.LP_FLEXCOMM7_IRQHandler
                0x0000bb58        0x8 ./startup/startup_mcxn947_cm33_core0.o
                0x0000bb58                LP_FLEXCOMM7_IRQHandler
 .text.LP_FLEXCOMM8_IRQHandler
                0x0000bb60        0x8 ./startup/startup_mcxn947_cm33_core0.o
                0x0000bb60                LP_FLEXCOMM8_IRQHandler
 .text.LP_FLEXCOMM9_IRQHandler
                0x0000bb68        0x8 ./startup/startup_mcxn947_cm33_core0.o
                0x0000bb68                LP_FLEXCOMM9_IRQHandler
 .text.ADC0_IRQHandler
                0x0000bb70        0x8 ./startup/startup_mcxn947_cm33_core0.o
                0x0000bb70                ADC0_IRQHandler
 .text.ADC1_IRQHandler
                0x0000bb78        0x8 ./startup/startup_mcxn947_cm33_core0.o
                0x0000bb78                ADC1_IRQHandler
 .text.PINT0_IRQHandler
                0x0000bb80        0x8 ./startup/startup_mcxn947_cm33_core0.o
                0x0000bb80                PINT0_IRQHandler
 .text.PDM_EVENT_IRQHandler
                0x0000bb88        0x8 ./startup/startup_mcxn947_cm33_core0.o
                0x0000bb88                PDM_EVENT_IRQHandler
 .text.Reserved65_IRQHandler
                0x0000bb90        0x8 ./startup/startup_mcxn947_cm33_core0.o
                0x0000bb90                Reserved65_IRQHandler
 .text.USB0_FS_IRQHandler
                0x0000bb98        0x8 ./startup/startup_mcxn947_cm33_core0.o
                0x0000bb98                USB0_FS_IRQHandler
 .text.USB0_DCD_IRQHandler
                0x0000bba0        0x8 ./startup/startup_mcxn947_cm33_core0.o
                0x0000bba0                USB0_DCD_IRQHandler
 .text.RTC_IRQHandler
                0x0000bba8        0x8 ./startup/startup_mcxn947_cm33_core0.o
                0x0000bba8                RTC_IRQHandler
 .text.SMARTDMA_IRQHandler
                0x0000bbb0        0x8 ./startup/startup_mcxn947_cm33_core0.o
                0x0000bbb0                SMARTDMA_IRQHandler
 .text.MAILBOX_IRQHandler
                0x0000bbb8        0x8 ./startup/startup_mcxn947_cm33_core0.o
                0x0000bbb8                MAILBOX_IRQHandler
 .text.CTIMER3_IRQHandler
                0x0000bbc0        0x8 ./startup/startup_mcxn947_cm33_core0.o
                0x0000bbc0                CTIMER3_IRQHandler
 .text.CTIMER4_IRQHandler
                0x0000bbc8        0x8 ./startup/startup_mcxn947_cm33_core0.o
                0x0000bbc8                CTIMER4_IRQHandler
 .text.OS_EVENT_IRQHandler
                0x0000bbd0        0x8 ./startup/startup_mcxn947_cm33_core0.o
                0x0000bbd0                OS_EVENT_IRQHandler
 .text.FLEXSPI0_IRQHandler
                0x0000bbd8        0x8 ./startup/startup_mcxn947_cm33_core0.o
                0x0000bbd8                FLEXSPI0_IRQHandler
 .text.SAI0_IRQHandler
                0x0000bbe0        0x8 ./startup/startup_mcxn947_cm33_core0.o
                0x0000bbe0                SAI0_IRQHandler
 .text.SAI1_IRQHandler
                0x0000bbe8        0x8 ./startup/startup_mcxn947_cm33_core0.o
                0x0000bbe8                SAI1_IRQHandler
 .text.USDHC0_IRQHandler
                0x0000bbf0        0x8 ./startup/startup_mcxn947_cm33_core0.o
                0x0000bbf0                USDHC0_IRQHandler
 .text.CAN0_IRQHandler
                0x0000bbf8        0x8 ./startup/startup_mcxn947_cm33_core0.o
                0x0000bbf8                CAN0_IRQHandler
 .text.CAN1_IRQHandler
                0x0000bc00        0x8 ./startup/startup_mcxn947_cm33_core0.o
                0x0000bc00                CAN1_IRQHandler
 .text.Reserved80_IRQHandler
                0x0000bc08        0x8 ./startup/startup_mcxn947_cm33_core0.o
                0x0000bc08                Reserved80_IRQHandler
 .text.Reserved81_IRQHandler
                0x0000bc10        0x8 ./startup/startup_mcxn947_cm33_core0.o
                0x0000bc10                Reserved81_IRQHandler
 .text.USB1_HS_PHY_IRQHandler
                0x0000bc18        0x8 ./startup/startup_mcxn947_cm33_core0.o
                0x0000bc18                USB1_HS_PHY_IRQHandler
 .text.USB1_HS_IRQHandler
                0x0000bc20        0x8 ./startup/startup_mcxn947_cm33_core0.o
                0x0000bc20                USB1_HS_IRQHandler
 .text.SEC_HYPERVISOR_CALL_IRQHandler
                0x0000bc28        0x8 ./startup/startup_mcxn947_cm33_core0.o
                0x0000bc28                SEC_HYPERVISOR_CALL_IRQHandler
 .text.Reserved85_IRQHandler
                0x0000bc30        0x8 ./startup/startup_mcxn947_cm33_core0.o
                0x0000bc30                Reserved85_IRQHandler
 .text.PLU_IRQHandler
                0x0000bc38        0x8 ./startup/startup_mcxn947_cm33_core0.o
                0x0000bc38                PLU_IRQHandler
 .text.Freqme_IRQHandler
                0x0000bc40        0x8 ./startup/startup_mcxn947_cm33_core0.o
                0x0000bc40                Freqme_IRQHandler
 .text.SEC_VIO_IRQHandler
                0x0000bc48        0x8 ./startup/startup_mcxn947_cm33_core0.o
                0x0000bc48                SEC_VIO_IRQHandler
 .text.ELS_IRQHandler
                0x0000bc50        0x8 ./startup/startup_mcxn947_cm33_core0.o
                0x0000bc50                ELS_IRQHandler
 .text.PKC_IRQHandler
                0x0000bc58        0x8 ./startup/startup_mcxn947_cm33_core0.o
                0x0000bc58                PKC_IRQHandler
 .text.PUF_IRQHandler
                0x0000bc60        0x8 ./startup/startup_mcxn947_cm33_core0.o
                0x0000bc60                PUF_IRQHandler
 .text.PQ_IRQHandler
                0x0000bc68        0x8 ./startup/startup_mcxn947_cm33_core0.o
                0x0000bc68                PQ_IRQHandler
 .text.EDMA_1_CH0_IRQHandler
                0x0000bc70        0x8 ./startup/startup_mcxn947_cm33_core0.o
                0x0000bc70                EDMA_1_CH0_IRQHandler
 .text.EDMA_1_CH1_IRQHandler
                0x0000bc78        0x8 ./startup/startup_mcxn947_cm33_core0.o
                0x0000bc78                EDMA_1_CH1_IRQHandler
 .text.EDMA_1_CH2_IRQHandler
                0x0000bc80        0x8 ./startup/startup_mcxn947_cm33_core0.o
                0x0000bc80                EDMA_1_CH2_IRQHandler
 .text.EDMA_1_CH3_IRQHandler
                0x0000bc88        0x8 ./startup/startup_mcxn947_cm33_core0.o
                0x0000bc88                EDMA_1_CH3_IRQHandler
 .text.EDMA_1_CH4_IRQHandler
                0x0000bc90        0x8 ./startup/startup_mcxn947_cm33_core0.o
                0x0000bc90                EDMA_1_CH4_IRQHandler
 .text.EDMA_1_CH5_IRQHandler
                0x0000bc98        0x8 ./startup/startup_mcxn947_cm33_core0.o
                0x0000bc98                EDMA_1_CH5_IRQHandler
 .text.EDMA_1_CH6_IRQHandler
                0x0000bca0        0x8 ./startup/startup_mcxn947_cm33_core0.o
                0x0000bca0                EDMA_1_CH6_IRQHandler
 .text.EDMA_1_CH7_IRQHandler
                0x0000bca8        0x8 ./startup/startup_mcxn947_cm33_core0.o
                0x0000bca8                EDMA_1_CH7_IRQHandler
 .text.EDMA_1_CH8_IRQHandler
                0x0000bcb0        0x8 ./startup/startup_mcxn947_cm33_core0.o
                0x0000bcb0                EDMA_1_CH8_IRQHandler
 .text.EDMA_1_CH9_IRQHandler
                0x0000bcb8        0x8 ./startup/startup_mcxn947_cm33_core0.o
                0x0000bcb8                EDMA_1_CH9_IRQHandler
 .text.EDMA_1_CH10_IRQHandler
                0x0000bcc0        0x8 ./startup/startup_mcxn947_cm33_core0.o
                0x0000bcc0                EDMA_1_CH10_IRQHandler
 .text.EDMA_1_CH11_IRQHandler
                0x0000bcc8        0x8 ./startup/startup_mcxn947_cm33_core0.o
                0x0000bcc8                EDMA_1_CH11_IRQHandler
 .text.EDMA_1_CH12_IRQHandler
                0x0000bcd0        0x8 ./startup/startup_mcxn947_cm33_core0.o
                0x0000bcd0                EDMA_1_CH12_IRQHandler
 .text.EDMA_1_CH13_IRQHandler
                0x0000bcd8        0x8 ./startup/startup_mcxn947_cm33_core0.o
                0x0000bcd8                EDMA_1_CH13_IRQHandler
 .text.EDMA_1_CH14_IRQHandler
                0x0000bce0        0x8 ./startup/startup_mcxn947_cm33_core0.o
                0x0000bce0                EDMA_1_CH14_IRQHandler
 .text.EDMA_1_CH15_IRQHandler
                0x0000bce8        0x8 ./startup/startup_mcxn947_cm33_core0.o
                0x0000bce8                EDMA_1_CH15_IRQHandler
 .text.CDOG0_IRQHandler
                0x0000bcf0        0x8 ./startup/startup_mcxn947_cm33_core0.o
                0x0000bcf0                CDOG0_IRQHandler
 .text.CDOG1_IRQHandler
                0x0000bcf8        0x8 ./startup/startup_mcxn947_cm33_core0.o
                0x0000bcf8                CDOG1_IRQHandler
 .text.I3C0_IRQHandler
                0x0000bd00        0x8 ./startup/startup_mcxn947_cm33_core0.o
                0x0000bd00                I3C0_IRQHandler
 .text.I3C1_IRQHandler
                0x0000bd08        0x8 ./startup/startup_mcxn947_cm33_core0.o
                0x0000bd08                I3C1_IRQHandler
 .text.NPU_IRQHandler
                0x0000bd10        0x8 ./startup/startup_mcxn947_cm33_core0.o
                0x0000bd10                NPU_IRQHandler
 .text.GDET_IRQHandler
                0x0000bd18        0x8 ./startup/startup_mcxn947_cm33_core0.o
                0x0000bd18                GDET_IRQHandler
 .text.VBAT0_IRQHandler
                0x0000bd20        0x8 ./startup/startup_mcxn947_cm33_core0.o
                0x0000bd20                VBAT0_IRQHandler
 .text.EWM0_IRQHandler
                0x0000bd28        0x8 ./startup/startup_mcxn947_cm33_core0.o
                0x0000bd28                EWM0_IRQHandler
 .text.TSI_END_OF_SCAN_IRQHandler
                0x0000bd30        0x8 ./startup/startup_mcxn947_cm33_core0.o
                0x0000bd30                TSI_END_OF_SCAN_IRQHandler
 .text.TSI_OUT_OF_SCAN_IRQHandler
                0x0000bd38        0x8 ./startup/startup_mcxn947_cm33_core0.o
                0x0000bd38                TSI_OUT_OF_SCAN_IRQHandler
 .text.EMVSIM0_IRQHandler
                0x0000bd40        0x8 ./startup/startup_mcxn947_cm33_core0.o
                0x0000bd40                EMVSIM0_IRQHandler
 .text.EMVSIM1_IRQHandler
                0x0000bd48        0x8 ./startup/startup_mcxn947_cm33_core0.o
                0x0000bd48                EMVSIM1_IRQHandler
 .text.FLEXIO_IRQHandler
                0x0000bd50        0x8 ./startup/startup_mcxn947_cm33_core0.o
                0x0000bd50                FLEXIO_IRQHandler
 .text.DAC0_IRQHandler
                0x0000bd58        0x8 ./startup/startup_mcxn947_cm33_core0.o
                0x0000bd58                DAC0_IRQHandler
 .text.DAC1_IRQHandler
                0x0000bd60        0x8 ./startup/startup_mcxn947_cm33_core0.o
                0x0000bd60                DAC1_IRQHandler
 .text.DAC2_IRQHandler
                0x0000bd68        0x8 ./startup/startup_mcxn947_cm33_core0.o
                0x0000bd68                DAC2_IRQHandler
 .text.HSCMP0_IRQHandler
                0x0000bd70        0x8 ./startup/startup_mcxn947_cm33_core0.o
                0x0000bd70                HSCMP0_IRQHandler
 .text.HSCMP1_IRQHandler
                0x0000bd78        0x8 ./startup/startup_mcxn947_cm33_core0.o
                0x0000bd78                HSCMP1_IRQHandler
 .text.HSCMP2_IRQHandler
                0x0000bd80        0x8 ./startup/startup_mcxn947_cm33_core0.o
                0x0000bd80                HSCMP2_IRQHandler
 .text.FLEXPWM0_RELOAD_ERROR_IRQHandler
                0x0000bd88        0x8 ./startup/startup_mcxn947_cm33_core0.o
                0x0000bd88                FLEXPWM0_RELOAD_ERROR_IRQHandler
 .text.FLEXPWM0_FAULT_IRQHandler
                0x0000bd90        0x8 ./startup/startup_mcxn947_cm33_core0.o
                0x0000bd90                FLEXPWM0_FAULT_IRQHandler
 .text.FLEXPWM0_SUBMODULE0_IRQHandler
                0x0000bd98        0x8 ./startup/startup_mcxn947_cm33_core0.o
                0x0000bd98                FLEXPWM0_SUBMODULE0_IRQHandler
 .text.FLEXPWM0_SUBMODULE1_IRQHandler
                0x0000bda0        0x8 ./startup/startup_mcxn947_cm33_core0.o
                0x0000bda0                FLEXPWM0_SUBMODULE1_IRQHandler
 .text.FLEXPWM0_SUBMODULE2_IRQHandler
                0x0000bda8        0x8 ./startup/startup_mcxn947_cm33_core0.o
                0x0000bda8                FLEXPWM0_SUBMODULE2_IRQHandler
 .text.FLEXPWM0_SUBMODULE3_IRQHandler
                0x0000bdb0        0x8 ./startup/startup_mcxn947_cm33_core0.o
                0x0000bdb0                FLEXPWM0_SUBMODULE3_IRQHandler
 .text.FLEXPWM1_RELOAD_ERROR_IRQHandler
                0x0000bdb8        0x8 ./startup/startup_mcxn947_cm33_core0.o
                0x0000bdb8                FLEXPWM1_RELOAD_ERROR_IRQHandler
 .text.FLEXPWM1_FAULT_IRQHandler
                0x0000bdc0        0x8 ./startup/startup_mcxn947_cm33_core0.o
                0x0000bdc0                FLEXPWM1_FAULT_IRQHandler
 .text.FLEXPWM1_SUBMODULE0_IRQHandler
                0x0000bdc8        0x8 ./startup/startup_mcxn947_cm33_core0.o
                0x0000bdc8                FLEXPWM1_SUBMODULE0_IRQHandler
 .text.FLEXPWM1_SUBMODULE1_IRQHandler
                0x0000bdd0        0x8 ./startup/startup_mcxn947_cm33_core0.o
                0x0000bdd0                FLEXPWM1_SUBMODULE1_IRQHandler
 .text.FLEXPWM1_SUBMODULE2_IRQHandler
                0x0000bdd8        0x8 ./startup/startup_mcxn947_cm33_core0.o
                0x0000bdd8                FLEXPWM1_SUBMODULE2_IRQHandler
 .text.FLEXPWM1_SUBMODULE3_IRQHandler
                0x0000bde0        0x8 ./startup/startup_mcxn947_cm33_core0.o
                0x0000bde0                FLEXPWM1_SUBMODULE3_IRQHandler
 .text.ENC0_COMPARE_IRQHandler
                0x0000bde8        0x8 ./startup/startup_mcxn947_cm33_core0.o
                0x0000bde8                ENC0_COMPARE_IRQHandler
 .text.ENC0_HOME_IRQHandler
                0x0000bdf0        0x8 ./startup/startup_mcxn947_cm33_core0.o
                0x0000bdf0                ENC0_HOME_IRQHandler
 .text.ENC0_WDG_SAB_IRQHandler
                0x0000bdf8        0x8 ./startup/startup_mcxn947_cm33_core0.o
                0x0000bdf8                ENC0_WDG_SAB_IRQHandler
 .text.ENC0_IDX_IRQHandler
                0x0000be00        0x8 ./startup/startup_mcxn947_cm33_core0.o
                0x0000be00                ENC0_IDX_IRQHandler
 .text.ENC1_COMPARE_IRQHandler
                0x0000be08        0x8 ./startup/startup_mcxn947_cm33_core0.o
                0x0000be08                ENC1_COMPARE_IRQHandler
 .text.ENC1_HOME_IRQHandler
                0x0000be10        0x8 ./startup/startup_mcxn947_cm33_core0.o
                0x0000be10                ENC1_HOME_IRQHandler
 .text.ENC1_WDG_SAB_IRQHandler
                0x0000be18        0x8 ./startup/startup_mcxn947_cm33_core0.o
                0x0000be18                ENC1_WDG_SAB_IRQHandler
 .text.ENC1_IDX_IRQHandler
                0x0000be20        0x8 ./startup/startup_mcxn947_cm33_core0.o
                0x0000be20                ENC1_IDX_IRQHandler
 .text.ITRC0_IRQHandler
                0x0000be28        0x8 ./startup/startup_mcxn947_cm33_core0.o
                0x0000be28                ITRC0_IRQHandler
 .text.BSP32_IRQHandler
                0x0000be30        0x8 ./startup/startup_mcxn947_cm33_core0.o
                0x0000be30                BSP32_IRQHandler
 .text.ELS_ERR_IRQHandler
                0x0000be38        0x8 ./startup/startup_mcxn947_cm33_core0.o
                0x0000be38                ELS_ERR_IRQHandler
 .text.PKC_ERR_IRQHandler
                0x0000be40        0x8 ./startup/startup_mcxn947_cm33_core0.o
                0x0000be40                PKC_ERR_IRQHandler
 .text.ERM_SINGLE_BIT_ERROR_IRQHandler
                0x0000be48        0x8 ./startup/startup_mcxn947_cm33_core0.o
                0x0000be48                ERM_SINGLE_BIT_ERROR_IRQHandler
 .text.ERM_MULTI_BIT_ERROR_IRQHandler
                0x0000be50        0x8 ./startup/startup_mcxn947_cm33_core0.o
                0x0000be50                ERM_MULTI_BIT_ERROR_IRQHandler
 .text.FMU0_IRQHandler
                0x0000be58        0x8 ./startup/startup_mcxn947_cm33_core0.o
                0x0000be58                FMU0_IRQHandler
 .text.ETHERNET_IRQHandler
                0x0000be60        0x8 ./startup/startup_mcxn947_cm33_core0.o
                0x0000be60                ETHERNET_IRQHandler
 .text.ETHERNET_PMT_IRQHandler
                0x0000be68        0x8 ./startup/startup_mcxn947_cm33_core0.o
                0x0000be68                ETHERNET_PMT_IRQHandler
 .text.ETHERNET_MACLP_IRQHandler
                0x0000be70        0x8 ./startup/startup_mcxn947_cm33_core0.o
                0x0000be70                ETHERNET_MACLP_IRQHandler
 .text.SINC_FILTER_IRQHandler
                0x0000be78        0x8 ./startup/startup_mcxn947_cm33_core0.o
                0x0000be78                SINC_FILTER_IRQHandler
 .text.LPTMR0_IRQHandler
                0x0000be80        0x8 ./startup/startup_mcxn947_cm33_core0.o
                0x0000be80                LPTMR0_IRQHandler
 .text.LPTMR1_IRQHandler
                0x0000be88        0x8 ./startup/startup_mcxn947_cm33_core0.o
                0x0000be88                LPTMR1_IRQHandler
 .text.SCG_IRQHandler
                0x0000be90        0x8 ./startup/startup_mcxn947_cm33_core0.o
                0x0000be90                SCG_IRQHandler
 .text.SPC_IRQHandler
                0x0000be98        0x8 ./startup/startup_mcxn947_cm33_core0.o
                0x0000be98                SPC_IRQHandler
 .text.WUU_IRQHandler
                0x0000bea0        0x8 ./startup/startup_mcxn947_cm33_core0.o
                0x0000bea0                WUU_IRQHandler
 .text.PORT_EFT_IRQHandler
                0x0000bea8        0x8 ./startup/startup_mcxn947_cm33_core0.o
                0x0000bea8                PORT_EFT_IRQHandler
 .text.ETB0_IRQHandler
                0x0000beb0        0x8 ./startup/startup_mcxn947_cm33_core0.o
                0x0000beb0                ETB0_IRQHandler
 .text.SM3_IRQHandler
                0x0000beb8        0x8 ./startup/startup_mcxn947_cm33_core0.o
                0x0000beb8                SM3_IRQHandler
 .text.TRNG0_IRQHandler
                0x0000bec0        0x8 ./startup/startup_mcxn947_cm33_core0.o
                0x0000bec0                TRNG0_IRQHandler
 .text.WWDT0_IRQHandler
                0x0000bec8        0x8 ./startup/startup_mcxn947_cm33_core0.o
                0x0000bec8                WWDT0_IRQHandler
 .text.WWDT1_IRQHandler
                0x0000bed0        0x8 ./startup/startup_mcxn947_cm33_core0.o
                0x0000bed0                WWDT1_IRQHandler
 .text.CMC0_IRQHandler
                0x0000bed8        0x8 ./startup/startup_mcxn947_cm33_core0.o
                0x0000bed8                CMC0_IRQHandler
 .text.CTI0_IRQHandler
                0x0000bee0        0x8 ./startup/startup_mcxn947_cm33_core0.o
                0x0000bee0                CTI0_IRQHandler
 .text.main     0x0000bee8       0x20 ./source/MotorControlOverSPI.o
                0x0000bee8                main
 .text.HardFault_Handler
                0x0000bf08       0x36 ./source/semihost_hardfault.o
                0x0000bf08                HardFault_Handler
 .text.GetParity
                0x0000bf3e       0x4a ./onsemi/Source/NCN26010.o
                0x0000bf3e                GetParity
 .text.ConvertEndianness
                0x0000bf88       0x8c ./onsemi/Source/NCN26010.o
                0x0000bf88                ConvertEndianness
 .text.T1S_RegRead
                0x0000c014       0x8c ./onsemi/Source/NCN26010.o
                0x0000c014                T1S_RegRead
 .text.T1S_RegWrite
                0x0000c0a0       0xa8 ./onsemi/Source/NCN26010.o
                0x0000c0a0                T1S_RegWrite
 .text.T1S_ClearStatus
                0x0000c148       0x3c ./onsemi/Source/NCN26010.o
                0x0000c148                T1S_ClearStatus
 .text.OS_Start
                0x0000c184        0xc ./onsemi/Source/T1S_FreeRTOS_OS.o
                0x0000c184                OS_Start
 .text.TCPIP_Init
                0x0000c190       0x10 ./onsemi/Source/T1S_FreeRTOS_TCP-IP.o
                0x0000c190                TCPIP_Init
 .text.TCPIP_PollCallback
                0x0000c1a0       0x18 ./onsemi/Source/T1S_FreeRTOS_TCP-IP.o
                0x0000c1a0                TCPIP_PollCallback
 .text.GPIO_PinWrite
                0x0000c1b8       0x36 ./onsemi/Source/onsemi_hardware.o
 .text.LPSPI_GetRxFifoSize
                0x0000c1ee       0x24 ./onsemi/Source/onsemi_hardware.o
 .text.NCN_SetPinState
                0x0000c212       0x22 ./onsemi/Source/onsemi_hardware.o
                0x0000c212                NCN_SetPinState
 .text.NCN_Timebase_Callback
                0x0000c234       0x14 ./onsemi/Source/onsemi_hardware.o
                0x0000c234                NCN_Timebase_Callback
 .text.SPI_Init
                0x0000c248       0x10 ./onsemi/Source/onsemi_hardware.o
                0x0000c248                SPI_Init
 .text.SPI_Cleanup
                0x0000c258       0x10 ./onsemi/Source/onsemi_hardware.o
                0x0000c258                SPI_Cleanup
 .text.SPI_Transfer
                0x0000c268       0x24 ./onsemi/Source/onsemi_hardware.o
                0x0000c268                SPI_Transfer
 .text.bIsValidNetworkDescriptor
                0x0000c28c       0x16 ./onsemi/FreeRTOS-Plus-TCP/source/BufferAllocation_1.o
 .text.prvShowWarnings
                0x0000c2a2        0xe ./onsemi/FreeRTOS-Plus-TCP/source/BufferAllocation_1.o
 .text.vCastPointerTo_ARPPacket_t
                0x0000c2b0       0x16 ./onsemi/FreeRTOS-Plus-TCP/source/FreeRTOS_ARP.o
 .text.FreeRTOS_OutputARPRequest
                0x0000c2c6       0x62 ./onsemi/FreeRTOS-Plus-TCP/source/FreeRTOS_ARP.o
                0x0000c2c6                FreeRTOS_OutputARPRequest
 .text.vCastPointerTo_EthernetHeader_t
                0x0000c328       0x16 ./onsemi/FreeRTOS-Plus-TCP/source/FreeRTOS_IP.o
 .text.vCastConstPointerTo_EthernetHeader_t
                0x0000c33e       0x16 ./onsemi/FreeRTOS-Plus-TCP/source/FreeRTOS_IP.o
 .text.vCastPointerTo_ARPPacket_t
                0x0000c354       0x16 ./onsemi/FreeRTOS-Plus-TCP/source/FreeRTOS_IP.o
 .text.vCastPointerTo_IPPacket_t
                0x0000c36a       0x16 ./onsemi/FreeRTOS-Plus-TCP/source/FreeRTOS_IP.o
 .text.vCastConstPointerTo_IPPacket_t
                0x0000c380       0x16 ./onsemi/FreeRTOS-Plus-TCP/source/FreeRTOS_IP.o
 .text.vCastPointerTo_ICMPPacket_t
                0x0000c396       0x16 ./onsemi/FreeRTOS-Plus-TCP/source/FreeRTOS_IP.o
 .text.vCastConstPointerTo_UDPPacket_t
                0x0000c3ac       0x16 ./onsemi/FreeRTOS-Plus-TCP/source/FreeRTOS_IP.o
 .text.vCastConstPointerTo_ProtocolPacket_t
                0x0000c3c2       0x16 ./onsemi/FreeRTOS-Plus-TCP/source/FreeRTOS_IP.o
 .text.vCastPointerTo_FreeRTOS_Socket_t
                0x0000c3d8       0x16 ./onsemi/FreeRTOS-Plus-TCP/source/FreeRTOS_IP.o
 .text.vCastPointerTo_SocketSelect_t
                0x0000c3ee       0x16 ./onsemi/FreeRTOS-Plus-TCP/source/FreeRTOS_IP.o
 .text.vCastPointerTo_NetworkBufferDescriptor_t
                0x0000c404       0x16 ./onsemi/FreeRTOS-Plus-TCP/source/FreeRTOS_IP.o
 .text.prvHandleEthernetPacket
                0x0000c41a       0x16 ./onsemi/FreeRTOS-Plus-TCP/source/FreeRTOS_IP.o
 .text.prvIPTimerStart
                0x0000c430       0x48 ./onsemi/FreeRTOS-Plus-TCP/source/FreeRTOS_IP.o
 .text.prvIPTimerReload
                0x0000c478       0x20 ./onsemi/FreeRTOS-Plus-TCP/source/FreeRTOS_IP.o
 .text.prvIPTimerCheck
                0x0000c498       0x78 ./onsemi/FreeRTOS-Plus-TCP/source/FreeRTOS_IP.o
 .text.pxDuplicateNetworkBufferWithDescriptor
                0x0000c510       0x54 ./onsemi/FreeRTOS-Plus-TCP/source/FreeRTOS_IP.o
                0x0000c510                pxDuplicateNetworkBufferWithDescriptor
 .text.xSendEventToIPTask
                0x0000c564       0x2c ./onsemi/FreeRTOS-Plus-TCP/source/FreeRTOS_IP.o
                0x0000c564                xSendEventToIPTask
 .text.prvProcessEthernetPacket
                0x0000c590       0xbe ./onsemi/FreeRTOS-Plus-TCP/source/FreeRTOS_IP.o
 .text.xIsIPv4Multicast
                0x0000c64e       0x50 ./onsemi/FreeRTOS-Plus-TCP/source/FreeRTOS_IP.o
                0x0000c64e                xIsIPv4Multicast
 .text.vSetMultiCastIPv4MacAddress
                0x0000c69e       0x6a ./onsemi/FreeRTOS-Plus-TCP/source/FreeRTOS_IP.o
                0x0000c69e                vSetMultiCastIPv4MacAddress
 .text.prvProcessICMPPacket
                0x0000c708       0x36 ./onsemi/FreeRTOS-Plus-TCP/source/FreeRTOS_IP.o
 .text.usGenerateProtocolChecksum
                0x0000c73e      0x200 ./onsemi/FreeRTOS-Plus-TCP/source/FreeRTOS_IP.o
                0x0000c73e                usGenerateProtocolChecksum
 .text.usGenerateChecksum
                0x0000c93e      0x1cc ./onsemi/FreeRTOS-Plus-TCP/source/FreeRTOS_IP.o
                0x0000c93e                usGenerateChecksum
 .text.xApplicationGetRandomNumber
                0x0000cb0a       0x1e ./onsemi/FreeRTOS-Plus-TCP/source/FreeRTOS_IP.o
                0x0000cb0a                xApplicationGetRandomNumber
 .text.ulApplicationGetNextSequenceNumber
                0x0000cb28       0x22 ./onsemi/FreeRTOS-Plus-TCP/source/FreeRTOS_IP.o
                0x0000cb28                ulApplicationGetNextSequenceNumber
 .text.FreeRTOS_max_uint32
                0x0000cb4a       0x20 ./onsemi/FreeRTOS-Plus-TCP/source/FreeRTOS_Sockets.o
 .text.FreeRTOS_round_up
                0x0000cb6a       0x2a ./onsemi/FreeRTOS-Plus-TCP/source/FreeRTOS_Sockets.o
 .text.uxStreamBufferSpace
                0x0000cb94       0x3e ./onsemi/FreeRTOS-Plus-TCP/source/FreeRTOS_Sockets.o
 .text.uxStreamBufferDistance
                0x0000cbd2       0x3c ./onsemi/FreeRTOS-Plus-TCP/source/FreeRTOS_Sockets.o
 .text.uxStreamBufferGetSpace
                0x0000cc0e       0x28 ./onsemi/FreeRTOS-Plus-TCP/source/FreeRTOS_Sockets.o
 .text.uxStreamBufferFrontSpace
                0x0000cc36       0x28 ./onsemi/FreeRTOS-Plus-TCP/source/FreeRTOS_Sockets.o
 .text.uxStreamBufferGetSize
                0x0000cc5e       0x28 ./onsemi/FreeRTOS-Plus-TCP/source/FreeRTOS_Sockets.o
 .text.vCastPointerTo_FreeRTOS_Socket_t
                0x0000cc86       0x16 ./onsemi/FreeRTOS-Plus-TCP/source/FreeRTOS_Sockets.o
 .text.vCastPointerTo_NetworkBufferDescriptor_t
                0x0000cc9c       0x16 ./onsemi/FreeRTOS-Plus-TCP/source/FreeRTOS_Sockets.o
 .text.vCastPointerTo_StreamBuffer_t
                0x0000ccb2       0x16 ./onsemi/FreeRTOS-Plus-TCP/source/FreeRTOS_Sockets.o
 .text.vSocketClose
                0x0000ccc8       0xbc ./onsemi/FreeRTOS-Plus-TCP/source/FreeRTOS_Sockets.o
                0x0000ccc8                vSocketClose
 .text.pxListFindListItemWithValue
                0x0000cd84       0x54 ./onsemi/FreeRTOS-Plus-TCP/source/FreeRTOS_Sockets.o
 .text.vSocketWakeUpUser
                0x0000cdd8       0x76 ./onsemi/FreeRTOS-Plus-TCP/source/FreeRTOS_Sockets.o
                0x0000cdd8                vSocketWakeUpUser
 .text.lTCPAddRxdata
                0x0000ce4e       0xce ./onsemi/FreeRTOS-Plus-TCP/source/FreeRTOS_Sockets.o
                0x0000ce4e                lTCPAddRxdata
 .text.FreeRTOS_tx_space
                0x0000cf1c       0x46 ./onsemi/FreeRTOS-Plus-TCP/source/FreeRTOS_Sockets.o
                0x0000cf1c                FreeRTOS_tx_space
 .text.FreeRTOS_rx_size
                0x0000cf62       0x44 ./onsemi/FreeRTOS-Plus-TCP/source/FreeRTOS_Sockets.o
                0x0000cf62                FreeRTOS_rx_size
 .text.FreeRTOS_min_uint32
                0x0000cfa6       0x20 ./onsemi/FreeRTOS-Plus-TCP/source/FreeRTOS_Stream_Buffer.o
 .text.uxStreamBufferSpace
                0x0000cfc6       0x3e ./onsemi/FreeRTOS-Plus-TCP/source/FreeRTOS_Stream_Buffer.o
 .text.uxStreamBufferDistance
                0x0000d004       0x3c ./onsemi/FreeRTOS-Plus-TCP/source/FreeRTOS_Stream_Buffer.o
 .text.uxStreamBufferGetSpace
                0x0000d040       0x28 ./onsemi/FreeRTOS-Plus-TCP/source/FreeRTOS_Stream_Buffer.o
 .text.uxStreamBufferGetSize
                0x0000d068       0x28 ./onsemi/FreeRTOS-Plus-TCP/source/FreeRTOS_Stream_Buffer.o
 .text.xStreamBufferLessThenEqual
                0x0000d090       0x66 ./onsemi/FreeRTOS-Plus-TCP/source/FreeRTOS_Stream_Buffer.o
 .text.uxStreamBufferAdd
                0x0000d0f6      0x100 ./onsemi/FreeRTOS-Plus-TCP/source/FreeRTOS_Stream_Buffer.o
                0x0000d0f6                uxStreamBufferAdd
 .text.uxStreamBufferGet
                0x0000d1f6       0xe8 ./onsemi/FreeRTOS-Plus-TCP/source/FreeRTOS_Stream_Buffer.o
                0x0000d1f6                uxStreamBufferGet
 .text.FreeRTOS_min_int32
                0x0000d2de       0x20 ./onsemi/FreeRTOS-Plus-TCP/source/FreeRTOS_TCP_IP.o
 .text.FreeRTOS_min_uint32
                0x0000d2fe       0x20 ./onsemi/FreeRTOS-Plus-TCP/source/FreeRTOS_TCP_IP.o
 .text.uxStreamBufferSpace
                0x0000d31e       0x3e ./onsemi/FreeRTOS-Plus-TCP/source/FreeRTOS_TCP_IP.o
 .text.uxStreamBufferDistance
                0x0000d35c       0x3c ./onsemi/FreeRTOS-Plus-TCP/source/FreeRTOS_TCP_IP.o
 .text.uxStreamBufferGetSpace
                0x0000d398       0x28 ./onsemi/FreeRTOS-Plus-TCP/source/FreeRTOS_TCP_IP.o
 .text.uxStreamBufferFrontSpace
                0x0000d3c0       0x28 ./onsemi/FreeRTOS-Plus-TCP/source/FreeRTOS_TCP_IP.o
 .text.uxStreamBufferMidSpace
                0x0000d3e8       0x28 ./onsemi/FreeRTOS-Plus-TCP/source/FreeRTOS_TCP_IP.o
 .text.vStreamBufferMoveMid
                0x0000d410       0x50 ./onsemi/FreeRTOS-Plus-TCP/source/FreeRTOS_TCP_IP.o
 .text.vCastConstPointerTo_IPHeader_t
                0x0000d460       0x16 ./onsemi/FreeRTOS-Plus-TCP/source/FreeRTOS_TCP_IP.o
 .text.vCastPointerTo_TCPPacket_t
                0x0000d476       0x16 ./onsemi/FreeRTOS-Plus-TCP/source/FreeRTOS_TCP_IP.o
 .text.vCastConstPointerTo_TCPPacket_t
                0x0000d48c       0x16 ./onsemi/FreeRTOS-Plus-TCP/source/FreeRTOS_TCP_IP.o
 .text.vCastPointerTo_ProtocolHeaders_t
                0x0000d4a2       0x16 ./onsemi/FreeRTOS-Plus-TCP/source/FreeRTOS_TCP_IP.o
 .text.vCastConstPointerTo_ProtocolHeaders_t
                0x0000d4b8       0x16 ./onsemi/FreeRTOS-Plus-TCP/source/FreeRTOS_TCP_IP.o
 .text.vCastPointerTo_FreeRTOS_Socket_t
                0x0000d4ce       0x16 ./onsemi/FreeRTOS-Plus-TCP/source/FreeRTOS_TCP_IP.o
 .text.ulChar2u32
                0x0000d4e4       0x36 ./onsemi/FreeRTOS-Plus-TCP/source/FreeRTOS_TCP_IP.o
 .text.usChar2u16
                0x0000d51a       0x26 ./onsemi/FreeRTOS-Plus-TCP/source/FreeRTOS_TCP_IP.o
 .text.prvTCPSocketIsActive
                0x0000d540       0x4e ./onsemi/FreeRTOS-Plus-TCP/source/FreeRTOS_TCP_IP.o
 .text.prvTCPStatusAgeCheck
                0x0000d58e       0x80 ./onsemi/FreeRTOS-Plus-TCP/source/FreeRTOS_TCP_IP.o
 .text.prvTCPSendPacket
                0x0000d60e       0xda ./onsemi/FreeRTOS-Plus-TCP/source/FreeRTOS_TCP_IP.o
 .text.prvTCPSendRepeated
                0x0000d6e8       0x60 ./onsemi/FreeRTOS-Plus-TCP/source/FreeRTOS_TCP_IP.o
 .text.prvCheckOptions
                0x0000d748       0xbc ./onsemi/FreeRTOS-Plus-TCP/source/FreeRTOS_TCP_IP.o
 .text.prvSingleStepTCPHeaderOptions
                0x0000d804      0x1ce ./onsemi/FreeRTOS-Plus-TCP/source/FreeRTOS_TCP_IP.o
 .text.prvReadSackOption
                0x0000d9d2       0x86 ./onsemi/FreeRTOS-Plus-TCP/source/FreeRTOS_TCP_IP.o
 .text.prvWinScaleFactor
                0x0000da58       0x46 ./onsemi/FreeRTOS-Plus-TCP/source/FreeRTOS_TCP_IP.o
 .text.prvSetSynAckOptions
                0x0000da9e       0xa2 ./onsemi/FreeRTOS-Plus-TCP/source/FreeRTOS_TCP_IP.o
 .text.prvTCPTouchSocket
                0x0000db40       0x1a ./onsemi/FreeRTOS-Plus-TCP/source/FreeRTOS_TCP_IP.o
 .text.prvTCPPrepareSend
                0x0000db5a      0x23e ./onsemi/FreeRTOS-Plus-TCP/source/FreeRTOS_TCP_IP.o
 .text.prvTCPAddTxData
                0x0000dd98       0x54 ./onsemi/FreeRTOS-Plus-TCP/source/FreeRTOS_TCP_IP.o
 .text.prvCheckRxData
                0x0000ddec       0xf8 ./onsemi/FreeRTOS-Plus-TCP/source/FreeRTOS_TCP_IP.o
 .text.prvStoreRxData
                0x0000dee4       0xf6 ./onsemi/FreeRTOS-Plus-TCP/source/FreeRTOS_TCP_IP.o
 .text.prvHandleSynReceived
                0x0000dfda      0x1fa ./onsemi/FreeRTOS-Plus-TCP/source/FreeRTOS_TCP_IP.o
 .text.prvTCPSendSpecialPacketHelper
                0x0000e1d4       0x42 ./onsemi/FreeRTOS-Plus-TCP/source/FreeRTOS_TCP_IP.o
 .text.prvTCPSendChallengeAck
                0x0000e216       0x1a ./onsemi/FreeRTOS-Plus-TCP/source/FreeRTOS_TCP_IP.o
 .text.prvTCPSendReset
                0x0000e230       0x1a ./onsemi/FreeRTOS-Plus-TCP/source/FreeRTOS_TCP_IP.o
 .text.xProcessReceivedTCPPacket
                0x0000e24a      0x342 ./onsemi/FreeRTOS-Plus-TCP/source/FreeRTOS_TCP_IP.o
                0x0000e24a                xProcessReceivedTCPPacket
 .text.FreeRTOS_min_int32
                0x0000e58c       0x20 ./onsemi/FreeRTOS-Plus-TCP/source/FreeRTOS_TCP_WIN.o
 .text.FreeRTOS_min_uint32
                0x0000e5ac       0x20 ./onsemi/FreeRTOS-Plus-TCP/source/FreeRTOS_TCP_WIN.o
 .text.vCastPointerTo_TCPSegment_t
                0x0000e5cc       0x16 ./onsemi/FreeRTOS-Plus-TCP/source/FreeRTOS_TCP_WIN.o
 .text.xSequenceLessThanOrEqual
                0x0000e5e2       0x2c ./onsemi/FreeRTOS-Plus-TCP/source/FreeRTOS_TCP_WIN.o
 .text.xSequenceLessThan
                0x0000e60e       0x2e ./onsemi/FreeRTOS-Plus-TCP/source/FreeRTOS_TCP_WIN.o
 .text.xSequenceGreaterThan
                0x0000e63c       0x2e ./onsemi/FreeRTOS-Plus-TCP/source/FreeRTOS_TCP_WIN.o
 .text.xSequenceGreaterThanOrEqual
                0x0000e66a       0x2c ./onsemi/FreeRTOS-Plus-TCP/source/FreeRTOS_TCP_WIN.o
 .text.vListInsertFifo
                0x0000e696       0x20 ./onsemi/FreeRTOS-Plus-TCP/source/FreeRTOS_TCP_WIN.o
 .text.vTCPTimerSet