Archive member included to satisfy reference by file (symbol)

c:/nxp/mcuxpressoide_11.9.0_2144/ide/plugins/com.nxp.mcuxpresso.tools.win32_11.9.0.202307121226/tools/bin/../lib/gcc/arm-none-eabi/12.3.1/../../../../arm-none-eabi/lib/thumb/v8-m.main+fp/hard\libcr_nohost_nf.a(_cr__main.o)
                              ./startup/startup_mcxn947_cm33_core0.o (__main)
c:/nxp/mcuxpressoide_11.9.0_2144/ide/plugins/com.nxp.mcuxpresso.tools.win32_11.9.0.202307121226/tools/bin/../lib/gcc/arm-none-eabi/12.3.1/../../../../arm-none-eabi/lib/thumb/v8-m.main+fp/hard\libcr_c.a(memcpy.o)
                              ./utilities/fsl_str.o (memcpy)
c:/nxp/mcuxpressoide_11.9.0_2144/ide/plugins/com.nxp.mcuxpresso.tools.win32_11.9.0.202307121226/tools/bin/../lib/gcc/arm-none-eabi/12.3.1/../../../../arm-none-eabi/lib/thumb/v8-m.main+fp/hard\libcr_c.a(memset.o)
                              ./utilities/fsl_debug_console.o (memset)
c:/nxp/mcuxpressoide_11.9.0_2144/ide/plugins/com.nxp.mcuxpresso.tools.win32_11.9.0.202307121226/tools/bin/../lib/gcc/arm-none-eabi/12.3.1/../../../../arm-none-eabi/lib/thumb/v8-m.main+fp/hard\libcr_c.a(alloc.o)
                              ./drivers/fsl_common.o (malloc)
c:/nxp/mcuxpressoide_11.9.0_2144/ide/plugins/com.nxp.mcuxpresso.tools.win32_11.9.0.202307121226/tools/bin/../lib/gcc/arm-none-eabi/12.3.1/../../../../arm-none-eabi/lib/thumb/v8-m.main+fp/hard\libcr_c.a(errno.o)
                              ./utilities/fsl_str.o (errno)
c:/nxp/mcuxpressoide_11.9.0_2144/ide/plugins/com.nxp.mcuxpresso.tools.win32_11.9.0.202307121226/tools/bin/../lib/gcc/arm-none-eabi/12.3.1/../../../../arm-none-eabi/lib/thumb/v8-m.main+fp/hard\libcr_c.a(initio.o)
                              c:/nxp/mcuxpressoide_11.9.0_2144/ide/plugins/com.nxp.mcuxpresso.tools.win32_11.9.0.202307121226/tools/bin/../lib/gcc/arm-none-eabi/12.3.1/../../../../arm-none-eabi/lib/thumb/v8-m.main+fp/hard\libcr_nohost_nf.a(_cr__main.o) (_initio)
c:/nxp/mcuxpressoide_11.9.0_2144/ide/plugins/com.nxp.mcuxpresso.tools.win32_11.9.0.202307121226/tools/bin/../lib/gcc/arm-none-eabi/12.3.1/../../../../arm-none-eabi/lib/thumb/v8-m.main+fp/hard\libcr_c.a(scanf.o)
                              ./utilities/fsl_str.o (strtoul)
c:/nxp/mcuxpressoide_11.9.0_2144/ide/plugins/com.nxp.mcuxpresso.tools.win32_11.9.0.202307121226/tools/bin/../lib/gcc/arm-none-eabi/12.3.1/../../../../arm-none-eabi/lib/thumb/v8-m.main+fp/hard\libcr_c.a(setvbuf.o)
                              c:/nxp/mcuxpressoide_11.9.0_2144/ide/plugins/com.nxp.mcuxpresso.tools.win32_11.9.0.202307121226/tools/bin/../lib/gcc/arm-none-eabi/12.3.1/../../../../arm-none-eabi/lib/thumb/v8-m.main+fp/hard\libcr_c.a(initio.o) (setvbuf)
c:/nxp/mcuxpressoide_11.9.0_2144/ide/plugins/com.nxp.mcuxpresso.tools.win32_11.9.0.202307121226/tools/bin/../lib/gcc/arm-none-eabi/12.3.1/../../../../arm-none-eabi/lib/thumb/v8-m.main+fp/hard\libcr_c.a(strlen.o)
                              ./utilities/fsl_str.o (strlen)
c:/nxp/mcuxpressoide_11.9.0_2144/ide/plugins/com.nxp.mcuxpresso.tools.win32_11.9.0.202307121226/tools/bin/../lib/gcc/arm-none-eabi/12.3.1/../../../../arm-none-eabi/lib/thumb/v8-m.main+fp/hard\libcr_c.a(ungetc.o)
                              c:/nxp/mcuxpressoide_11.9.0_2144/ide/plugins/com.nxp.mcuxpresso.tools.win32_11.9.0.202307121226/tools/bin/../lib/gcc/arm-none-eabi/12.3.1/../../../../arm-none-eabi/lib/thumb/v8-m.main+fp/hard\libcr_c.a(scanf.o) (ungetc)
c:/nxp/mcuxpressoide_11.9.0_2144/ide/plugins/com.nxp.mcuxpresso.tools.win32_11.9.0.202307121226/tools/bin/../lib/gcc/arm-none-eabi/12.3.1/../../../../arm-none-eabi/lib/thumb/v8-m.main+fp/hard\libcr_c.a(__fillbuf.o)
                              c:/nxp/mcuxpressoide_11.9.0_2144/ide/plugins/com.nxp.mcuxpresso.tools.win32_11.9.0.202307121226/tools/bin/../lib/gcc/arm-none-eabi/12.3.1/../../../../arm-none-eabi/lib/thumb/v8-m.main+fp/hard\libcr_c.a(scanf.o) (__filbuf)
c:/nxp/mcuxpressoide_11.9.0_2144/ide/plugins/com.nxp.mcuxpresso.tools.win32_11.9.0.202307121226/tools/bin/../lib/gcc/arm-none-eabi/12.3.1/../../../../arm-none-eabi/lib/thumb/v8-m.main+fp/hard\libcr_c.a(__init_alloc.o)
                              c:/nxp/mcuxpressoide_11.9.0_2144/ide/plugins/com.nxp.mcuxpresso.tools.win32_11.9.0.202307121226/tools/bin/../lib/gcc/arm-none-eabi/12.3.1/../../../../arm-none-eabi/lib/thumb/v8-m.main+fp/hard\libcr_c.a(alloc.o) (__heaps)
c:/nxp/mcuxpressoide_11.9.0_2144/ide/plugins/com.nxp.mcuxpresso.tools.win32_11.9.0.202307121226/tools/bin/../lib/gcc/arm-none-eabi/12.3.1/../../../../arm-none-eabi/lib/thumb/v8-m.main+fp/hard\libcr_c.a(_cr_sbrk.o)
                              c:/nxp/mcuxpressoide_11.9.0_2144/ide/plugins/com.nxp.mcuxpresso.tools.win32_11.9.0.202307121226/tools/bin/../lib/gcc/arm-none-eabi/12.3.1/../../../../arm-none-eabi/lib/thumb/v8-m.main+fp/hard\libcr_c.a(alloc.o) (_sbrk)
[...]
Memory Configuration

Name             Origin             Length             Attributes
PROGRAM_FLASH0   0x00000000         0x00100000         xr
PROGRAM_FLASH1   0x00100000         0x00100000         xr
SRAM             0x20000000         0x00060000         xrw
SRAMX            0x04000000         0x00018000         xrw
SRAMH            0x20060000         0x00008000         xrw
USB_RAM          0x400ba000         0x00001000         xrw
*default*        0x00000000         0xffffffff

Linker script and memory map

LOAD ./utilities/fsl_assert.o
LOAD ./utilities/fsl_debug_console.o
LOAD ./utilities/fsl_str.o
LOAD ./startup/boot_multicore_slave.o
LOAD ./startup/startup_mcxn947_cm33_core0.o
LOAD ./source/MotorControlOverSPI.o
LOAD ./source/semihost_hardfault.o
LOAD ./onsemi/Source/onsemi_hardware.o
LOAD ./drivers/fsl_clock.o
LOAD ./drivers/fsl_common.o
LOAD ./drivers/fsl_common_arm.o
LOAD ./drivers/fsl_ctimer.o
LOAD ./drivers/fsl_gpio.o
LOAD ./drivers/fsl_lpflexcomm.o
LOAD ./drivers/fsl_lpspi.o
LOAD ./drivers/fsl_lpuart.o
LOAD ./drivers/fsl_reset.o
LOAD ./drivers/fsl_spc.o
LOAD ./device/system_MCXN947_cm33_core0.o
LOAD ./component/uart/fsl_adapter_lpuart.o
LOAD ./component/serial_manager/fsl_component_serial_manager.o
LOAD ./component/serial_manager/fsl_component_serial_port_uart.o
LOAD ./component/lists/fsl_component_generic_list.o
LOAD ./board/board.o
LOAD ./board/clock_config.o
LOAD ./board/peripherals.o
LOAD ./board/pin_mux.o
START GROUP
LOAD c:/nxp/mcuxpressoide_11.9.0_2144/ide/plugins/com.nxp.mcuxpresso.tools.win32_11.9.0.202307121226/tools/bin/../lib/gcc/arm-none-eabi/12.3.1/../../../../arm-none-eabi/lib/thumb/v8-m.main+fp/hard\libcr_nohost_nf.a
LOAD c:/nxp/mcuxpressoide_11.9.0_2144/ide/plugins/com.nxp.mcuxpresso.tools.win32_11.9.0.202307121226/tools/bin/../lib/gcc/arm-none-eabi/12.3.1/../../../../arm-none-eabi/lib/thumb/v8-m.main+fp/hard\libcr_c.a
LOAD c:/nxp/mcuxpressoide_11.9.0_2144/ide/plugins/com.nxp.mcuxpresso.tools.win32_11.9.0.202307121226/tools/bin/../lib/gcc/arm-none-eabi/12.3.1/thumb/v8-m.main+fp/hard\libcr_eabihelpers.a
LOAD c:/nxp/mcuxpressoide_11.9.0_2144/ide/plugins/com.nxp.mcuxpresso.tools.win32_11.9.0.202307121226/tools/bin/../lib/gcc/arm-none-eabi/12.3.1/thumb/v8-m.main+fp/hard\libgcc.a
END GROUP
                0x00000000                        __base_PROGRAM_FLASH0 = 0x0
                0x00000000                        __base_Flash = 0x0
                0x00100000                        __top_PROGRAM_FLASH0 = 0x100000
                0x00100000                        __top_Flash = 0x100000
                0x00100000                        __base_PROGRAM_FLASH1 = 0x100000
                0x00100000                        __base_Flash2 = 0x100000
                0x00200000                        __top_PROGRAM_FLASH1 = 0x200000
                0x00200000                        __top_Flash2 = 0x200000
                0x20000000                        __base_SRAM = 0x20000000
                0x20000000                        __base_RAM = 0x20000000
                0x20060000                        __top_SRAM = 0x20060000
                0x20060000                        __top_RAM = 0x20060000
                0x04000000                        __base_SRAMX = 0x4000000
                0x04000000                        __base_RAM2 = 0x4000000
                0x04018000                        __top_SRAMX = 0x4018000
                0x04018000                        __top_RAM2 = 0x4018000
                0x20060000                        __base_SRAMH = 0x20060000
                0x20060000                        __base_RAM3 = 0x20060000
                0x20068000                        __top_SRAMH = 0x20068000
                0x20068000                        __top_RAM3 = 0x20068000
                0x400ba000                        __base_USB_RAM = 0x400ba000
                0x400ba000                        __base_RAM4 = 0x400ba000
                0x400bb000                        __top_USB_RAM = 0x400bb000
                0x400bb000                        __top_RAM4 = 0x400bb000

.text_Flash2    0x00100000        0x0
 FILL mask 0xff
 *(SORT_BY_ALIGNMENT(.text_Flash2))
 *(SORT_BY_ALIGNMENT(.text_PROGRAM_FLASH1))
 *(SORT_BY_ALIGNMENT(.text.$Flash2))
 *(SORT_BY_ALIGNMENT(.text.$PROGRAM_FLASH1))
 *(SORT_BY_ALIGNMENT(.text_Flash2.*))
 *(SORT_BY_ALIGNMENT(.text_PROGRAM_FLASH1.*))
 *(SORT_BY_ALIGNMENT(.text.$Flash2.*))
 *(SORT_BY_ALIGNMENT(.text.$PROGRAM_FLASH1.*))
 *(SORT_BY_ALIGNMENT(.rodata.$Flash2))
 *(SORT_BY_ALIGNMENT(.rodata.$PROGRAM_FLASH1))
 *(SORT_BY_ALIGNMENT(.rodata.$Flash2.*))
 *(SORT_BY_ALIGNMENT(.rodata.$PROGRAM_FLASH1.*))

.text           0x00000000     0x5974
 FILL mask 0xff
                0x00000000                        __vectors_start__ = ABSOLUTE (.)
 *(SORT_BY_ALIGNMENT(.isr_vector))
 .isr_vector    0x00000000      0x2b0 ./startup/startup_mcxn947_cm33_core0.o
                0x00000000                g_pfnVectors
                0x00000000                __Vectors
                0x000002b0                        . = ALIGN (0x4)
                0x000002b0                        __section_table_start = .
                0x000002b0                        __data_section_table = .
                0x000002b0        0x4 LONG 0x5974 LOADADDR (.data)
                0x000002b4        0x4 LONG 0x20000000 ADDR (.data)
                0x000002b8        0x4 LONG 0x20 SIZEOF (.data)
                0x000002bc        0x4 LONG 0x5974 LOADADDR (.data_RAM2)
                0x000002c0        0x4 LONG 0x4000000 ADDR (.data_RAM2)
                0x000002c4        0x4 LONG 0x0 SIZEOF (.data_RAM2)
                0x000002c8        0x4 LONG 0x5974 LOADADDR (.data_RAM3)
                0x000002cc        0x4 LONG 0x20060000 ADDR (.data_RAM3)
                0x000002d0        0x4 LONG 0x0 SIZEOF (.data_RAM3)
                0x000002d4        0x4 LONG 0x5974 LOADADDR (.data_RAM4)
                0x000002d8        0x4 LONG 0x400ba000 ADDR (.data_RAM4)
                0x000002dc        0x4 LONG 0x0 SIZEOF (.data_RAM4)
                0x000002e0                        __data_section_table_end = .
                0x000002e0                        __bss_section_table = .
                0x000002e0        0x4 LONG 0x20000020 ADDR (.bss)
                0x000002e4        0x4 LONG 0x270 SIZEOF (.bss)
                0x000002e8        0x4 LONG 0x4000000 ADDR (.bss_RAM2)
                0x000002ec        0x4 LONG 0x0 SIZEOF (.bss_RAM2)
                0x000002f0        0x4 LONG 0x20060000 ADDR (.bss_RAM3)
                0x000002f4        0x4 LONG 0x0 SIZEOF (.bss_RAM3)
                0x000002f8        0x4 LONG 0x400ba000 ADDR (.bss_RAM4)
                0x000002fc        0x4 LONG 0x0 SIZEOF (.bss_RAM4)
                0x00000300                        __bss_section_table_end = .
                0x00000300                        __section_table_end = .
 *(SORT_BY_ALIGNMENT(.after_vectors*))
 .after_vectors.reset
                0x00000300       0x68 ./startup/startup_mcxn947_cm33_core0.o
                0x00000300                ResetISR
 .after_vectors.init_data
                0x00000368       0x1e ./startup/startup_mcxn947_cm33_core0.o
                0x00000368                data_init
 .after_vectors.init_bss
                0x00000386       0x12 ./startup/startup_mcxn947_cm33_core0.o
                0x00000386                bss_init
 .after_vectors
                0x00000398       0x16 ./startup/startup_mcxn947_cm33_core0.o
                0x00000398                NMI_Handler
                0x0000039c                MemManage_Handler
                0x0000039e                BusFault_Handler
                0x000003a0                UsageFault_Handler
                0x000003a2                SecureFault_Handler
                0x000003a4                SVC_Handler
                0x000003a6                DebugMon_Handler
                0x000003a8                PendSV_Handler
                0x000003aa                SysTick_Handler
                0x000003ac                PKC_ERR_DriverIRQHandler
                0x000003ac                ENC0_IDX_DriverIRQHandler
                0x000003ac                EDMA_0_CH5_DriverIRQHandler
                0x000003ac                EDMA_0_CH14_DriverIRQHandler
                0x000003ac                EDMA_1_CH0_DriverIRQHandler
                0x000003ac                I3C0_DriverIRQHandler
                0x000003ac                CMC0_DriverIRQHandler
                0x000003ac                EDMA_0_CH15_DriverIRQHandler
                0x000003ac                LPTMR0_DriverIRQHandler
                0x000003ac                EDMA_0_CH2_DriverIRQHandler
                0x000003ac                USB0_FS_DriverIRQHandler
                0x000003ac                FLEXPWM1_SUBMODULE1_DriverIRQHandler
                0x000003ac                FLEXPWM0_SUBMODULE1_DriverIRQHandler
                0x000003ac                SCG_DriverIRQHandler
                0x000003ac                EDMA_1_CH13_DriverIRQHandler
                0x000003ac                EDMA_1_CH11_DriverIRQHandler
                0x000003ac                FLEXPWM0_RELOAD_ERROR_DriverIRQHandler
                0x000003ac                TRNG0_DriverIRQHandler
                0x000003ac                EDMA_1_CH9_DriverIRQHandler
                0x000003ac                SEC_VIO_DriverIRQHandler
                0x000003ac                ERM_MULTI_BIT_ERROR_DriverIRQHandler
                0x000003ac                GPIO31_DriverIRQHandler
                0x000003ac                EWM0_DriverIRQHandler
                0x000003ac                PKC_DriverIRQHandler
                0x000003ac                EDMA_0_CH10_DriverIRQHandler
                0x000003ac                USB1_HS_PHY_DriverIRQHandler
                0x000003ac                ELS_DriverIRQHandler
                0x000003ac                EDMA_1_CH2_DriverIRQHandler
                0x000003ac                ETHERNET_DriverIRQHandler
                0x000003ac                EDMA_1_CH14_DriverIRQHandler
                0x000003ac                FLEXPWM1_SUBMODULE3_DriverIRQHandler
                0x000003ac                EDMA_1_CH7_DriverIRQHandler
                0x000003ac                EDMA_1_CH6_DriverIRQHandler
                0x000003ac                DAC1_DriverIRQHandler
                0x000003ac                EMVSIM0_DriverIRQHandler
                0x000003ac                ITRC0_DriverIRQHandler
                0x000003ac                EDMA_0_CH9_DriverIRQHandler
                0x000003ac                ETB0_DriverIRQHandler
                0x000003ac                Freqme_DriverIRQHandler
                0x000003ac                WWDT1_DriverIRQHandler
                0x000003ac                IntDefaultHandler
                0x000003ac                ELS_ERR_DriverIRQHandler
                0x000003ac                FLEXIO_DriverIRQHandler
                0x000003ac                DAC0_DriverIRQHandler
                0x000003ac                MRT0_DriverIRQHandler
                0x000003ac                UTICK0_DriverIRQHandler
                0x000003ac                FLEXPWM0_SUBMODULE2_DriverIRQHandler
                0x000003ac                GPIO01_DriverIRQHandler
                0x000003ac                EDMA_0_CH3_DriverIRQHandler
                0x000003ac                WWDT0_DriverIRQHandler
                0x000003ac                USDHC0_DriverIRQHandler
                0x000003ac                GPIO00_DriverIRQHandler
                0x000003ac                EDMA_0_CH4_DriverIRQHandler
                0x000003ac                GPIO11_DriverIRQHandler
                0x000003ac                BSP32_DriverIRQHandler
                0x000003ac                FLEXPWM0_FAULT_DriverIRQHandler
                0x000003ac                EDMA_1_CH1_DriverIRQHandler
                0x000003ac                SAI1_DriverIRQHandler
                0x000003ac                ERM_SINGLE_BIT_ERROR_DriverIRQHandler
                0x000003ac                GPIO21_DriverIRQHandler
                0x000003ac                FLEXPWM1_FAULT_DriverIRQHandler
                0x000003ac                GPIO30_DriverIRQHandler
                0x000003ac                PINT0_DriverIRQHandler
                0x000003ac                ADC1_DriverIRQHandler
                0x000003ac                ENC0_HOME_DriverIRQHandler
                0x000003ac                PQ_DriverIRQHandler
                0x000003ac                ETHERNET_MACLP_DriverIRQHandler
                0x000003ac                USB0_DCD_DriverIRQHandler
                0x000003ac                EDMA_0_CH11_DriverIRQHandler
                0x000003ac                MAILBOX_DriverIRQHandler
                0x000003ac                WUU_DriverIRQHandler
                0x000003ac                EDMA_0_CH6_DriverIRQHandler
                0x000003ac                FLEXPWM1_SUBMODULE0_DriverIRQHandler
                0x000003ac                SM3_DriverIRQHandler
                0x000003ac                CDOG1_DriverIRQHandler
                0x000003ac                TSI_OUT_OF_SCAN_DriverIRQHandler
                0x000003ac                ENC0_WDG_SAB_DriverIRQHandler
                0x000003ac                EDMA_1_CH4_DriverIRQHandler
                0x000003ac                PUF_DriverIRQHandler
                0x000003ac                SPC_DriverIRQHandler
                0x000003ac                RTC_DriverIRQHandler
                0x000003ac                VBAT0_DriverIRQHandler
                0x000003ac                Reserved65_DriverIRQHandler
                0x000003ac                HSCMP2_DriverIRQHandler
                0x000003ac                EDMA_0_CH0_DriverIRQHandler
                0x000003ac                EDMA_1_CH5_DriverIRQHandler
                0x000003ac                PDM_EVENT_DriverIRQHandler
                0x000003ac                Reserved80_DriverIRQHandler
                0x000003ac                ETHERNET_PMT_DriverIRQHandler
                0x000003ac                FLEXPWM1_RELOAD_ERROR_DriverIRQHandler
                0x000003ac                FMU0_DriverIRQHandler
                0x000003ac                EDMA_0_CH8_DriverIRQHandler
                0x000003ac                LPTMR1_DriverIRQHandler
                0x000003ac                GPIO40_DriverIRQHandler
                0x000003ac                CTI0_DriverIRQHandler
                0x000003ac                EDMA_1_CH3_DriverIRQHandler
                0x000003ac                EDMA_1_CH15_DriverIRQHandler
                0x000003ac                FLEXPWM1_SUBMODULE2_DriverIRQHandler
                0x000003ac                ENC1_HOME_DriverIRQHandler
                0x000003ac                GPIO20_DriverIRQHandler
                0x000003ac                EDMA_1_CH8_DriverIRQHandler
                0x000003ac                GDET_DriverIRQHandler
                0x000003ac                PORT_EFT_DriverIRQHandler
                0x000003ac                Reserved85_DriverIRQHandler
                0x000003ac                Reserved81_DriverIRQHandler
                0x000003ac                TSI_END_OF_SCAN_DriverIRQHandler
                0x000003ac                ENC1_IDX_DriverIRQHandler
                0x000003ac                FLEXPWM0_SUBMODULE3_DriverIRQHandler
                0x000003ac                ADC0_DriverIRQHandler
                0x000003ac                OR_DriverIRQHandler
                0x000003ac                EDMA_0_CH13_DriverIRQHandler
                0x000003ac                USB1_HS_DriverIRQHandler
                0x000003ac                EDMA_0_CH1_DriverIRQHandler
                0x000003ac                DAC2_DriverIRQHandler
                0x000003ac                GPIO51_DriverIRQHandler
                0x000003ac                HSCMP0_DriverIRQHandler
                0x000003ac                EDMA_0_CH12_DriverIRQHandler
                0x000003ac                CDOG0_DriverIRQHandler
                0x000003ac                CAN0_DriverIRQHandler
                0x000003ac                SMARTDMA_DriverIRQHandler
                0x000003ac                SAI0_DriverIRQHandler
                0x000003ac                EMVSIM1_DriverIRQHandler
                0x000003ac                I3C1_DriverIRQHandler
                0x000003ac                ENC0_COMPARE_DriverIRQHandler
                0x000003ac                EDMA_0_CH7_DriverIRQHandler
                0x000003ac                HSCMP1_DriverIRQHandler
                0x000003ac                EDMA_1_CH10_DriverIRQHandler
                0x000003ac                EDMA_1_CH12_DriverIRQHandler
                0x000003ac                FLEXSPI0_DriverIRQHandler
                0x000003ac                GPIO50_DriverIRQHandler
                0x000003ac                GPIO10_DriverIRQHandler
                0x000003ac                SCT0_DriverIRQHandler
                0x000003ac                CAN1_DriverIRQHandler
                0x000003ac                ENC1_COMPARE_DriverIRQHandler
                0x000003ac                PLU_DriverIRQHandler
                0x000003ac                FLEXPWM0_SUBMODULE0_DriverIRQHandler
                0x000003ac                OS_EVENT_DriverIRQHandler
                0x000003ac                ENC1_WDG_SAB_DriverIRQHandler
                0x000003ac                SINC_FILTER_DriverIRQHandler
                0x000003ac                NPU_DriverIRQHandler
                0x000003ac                GPIO41_DriverIRQHandler
                0x000003ac                SEC_HYPERVISOR_CALL_DriverIRQHandler
 *(SORT_BY_ALIGNMENT(.text*))
 *fill*         0x000003ae        0x2 ff
 .text.LPSPI_MasterSetDelayTimes
                0x000003b0      0x284 ./drivers/fsl_lpspi.o
                0x000003b0                LPSPI_MasterSetDelayTimes
 .text.__assertion_failed
                0x00000634       0x18 ./utilities/fsl_assert.o
                0x00000634                __assertion_failed
 .text.DbgConsole_SendDataReliable
                0x0000064c       0x54 ./utilities/fsl_debug_console.o
                0x0000064c                DbgConsole_SendDataReliable
 .text.DbgConsole_Init
                0x000006a0      0x138 ./utilities/fsl_debug_console.o
                0x000006a0                DbgConsole_Init
 .text.DbgConsole_Vprintf
                0x000007d8       0x6c ./utilities/fsl_debug_console.o
                0x000007d8                DbgConsole_Vprintf
 .text.main     0x00000844       0x60 ./source/MotorControlOverSPI.o
                0x00000844                main
 .text.IncTick  0x000008a4       0x1c ./onsemi/Source/onsemi_hardware.o
 .text.GetTick  0x000008c0       0x18 ./onsemi/Source/onsemi_hardware.o
 .text.GPIO00_IRQHandler
                0x000008d8       0x38 ./onsemi/Source/onsemi_hardware.o
                0x000008d8                GPIO00_IRQHandler
 .text.NCN_SPI_Transfer
                0x00000910       0x8c ./onsemi/Source/onsemi_hardware.o
                0x00000910                NCN_SPI_Transfer
 .text.CLOCK_IsPLL0Locked
                0x0000099c       0x28 ./drivers/fsl_clock.o
 .text.CLOCK_SetupFROHFClocking
                0x000009c4       0x9c ./drivers/fsl_clock.o
                0x000009c4                CLOCK_SetupFROHFClocking
 .text.CLOCK_SetupClk16KClocking
                0x00000a60       0x70 ./drivers/fsl_clock.o
                0x00000a60                CLOCK_SetupClk16KClocking
 .text.CLOCK_SetPll0MonitorMode
                0x00000ad0       0x38 ./drivers/fsl_clock.o
                0x00000ad0                CLOCK_SetPll0MonitorMode
 .text.CLOCK_AttachClk
                0x00000b08       0xb0 ./drivers/fsl_clock.o
                0x00000b08                CLOCK_AttachClk
 .text.CLOCK_SetClkDiv
                0x00000bb8       0x54 ./drivers/fsl_clock.o
                0x00000bb8                CLOCK_SetClkDiv
 .text.CLOCK_GetPLL0InClockRate
                0x00000c0c       0x58 ./drivers/fsl_clock.o
                0x00000c0c                CLOCK_GetPLL0InClockRate
 .text.CLOCK_SetPLL0Freq
                0x00000c64      0x10c ./drivers/fsl_clock.o
                0x00000c64                CLOCK_SetPLL0Freq
 .text.CLOCK_GetClk48MFreq
                0x00000d70       0x2c ./drivers/fsl_clock.o
 .text.CLOCK_GetExtClkFreq
                0x00000d9c       0x2c ./drivers/fsl_clock.o
 .text.CLOCK_GetOsc32KFreq
                0x00000dc8       0x4c ./drivers/fsl_clock.o
 .text.findPll0PreDiv
                0x00000e14       0x40 ./drivers/fsl_clock.o
 .text.findPll0PostDiv
                0x00000e54       0x60 ./drivers/fsl_clock.o
 .text.findPll0MMult
                0x00000eb4       0xac ./drivers/fsl_clock.o
 .text.__NVIC_EnableIRQ
                0x00000f60       0x3c ./drivers/fsl_ctimer.o
 .text.CTIMER_GetInstance
                0x00000f9c       0x54 ./drivers/fsl_ctimer.o
 .text.CTIMER_Init
                0x00000ff0       0x74 ./drivers/fsl_ctimer.o
                0x00000ff0                CTIMER_Init
 .text.CTIMER_SetupMatch
                0x00001064      0x11c ./drivers/fsl_ctimer.o
                0x00001064                CTIMER_SetupMatch
 .text.CTIMER_RegisterCallBack
                0x00001180       0x3c ./drivers/fsl_ctimer.o
                0x00001180                CTIMER_RegisterCallBack
 .text.CTIMER_GenericIRQHandler
                0x000011bc       0xb4 ./drivers/fsl_ctimer.o
 .text.GPIO_PinInit
                0x00001270       0x64 ./drivers/fsl_gpio.o
                0x00001270                GPIO_PinInit
 .text.GPIO_GpioGetInterruptChannelFlags
                0x000012d4       0x2c ./drivers/fsl_gpio.o
                0x000012d4                GPIO_GpioGetInterruptChannelFlags
 .text.GPIO_GpioClearInterruptChannelFlags
                0x00001300       0x30 ./drivers/fsl_gpio.o
                0x00001300                GPIO_GpioClearInterruptChannelFlags
 .text.LP_FLEXCOMM_GetBaseAddress
                0x00001330       0x2c ./drivers/fsl_lpflexcomm.o
                0x00001330                LP_FLEXCOMM_GetBaseAddress
 .text.LP_FLEXCOMM_GetInterruptStatus
                0x0000135c       0x28 ./drivers/fsl_lpflexcomm.o
                0x0000135c                LP_FLEXCOMM_GetInterruptStatus
 .text.LP_FLEXCOMM_SetPeriph
                0x00001384       0x94 ./drivers/fsl_lpflexcomm.o
 .text.LP_FLEXCOMM_Init
                0x00001418       0x58 ./drivers/fsl_lpflexcomm.o
                0x00001418                LP_FLEXCOMM_Init
 .text.LP_FLEXCOMM_CommonIRQHandler
                0x00001470       0xb8 ./drivers/fsl_lpflexcomm.o
 .text.LPSPI_GetInstance
                0x00001528       0x50 ./drivers/fsl_lpspi.o
                0x00001528                LPSPI_GetInstance
 .text.LPSPI_SetDummyData
                0x00001578       0x2c ./drivers/fsl_lpspi.o
                0x00001578                LPSPI_SetDummyData
 .text.LPSPI_MasterInit
                0x000015a4      0x168 ./drivers/fsl_lpspi.o
                0x000015a4                LPSPI_MasterInit
 .text.LPSPI_MasterSetBaudRate
                0x0000170c      0x100 ./drivers/fsl_lpspi.o
                0x0000170c                LPSPI_MasterSetBaudRate
 .text.LPSPI_MasterSetDelayScaler
                0x0000180c       0xb4 ./drivers/fsl_lpspi.o
                0x0000180c                LPSPI_MasterSetDelayScaler
 .text.LPSPI_CheckTransferArgument
                0x000018c0      0x104 ./drivers/fsl_lpspi.o
                0x000018c0                LPSPI_CheckTransferArgument
 .text.LPSPI_MasterTransferBlocking
                0x000019c4      0x3c4 ./drivers/fsl_lpspi.o
                0x000019c4                LPSPI_MasterTransferBlocking
 .text.LPSPI_CombineWriteData
                0x00001d88      0x1bc ./drivers/fsl_lpspi.o
 .text.LPSPI_SeparateReadData
                0x00001f44      0x1b0 ./drivers/fsl_lpspi.o
 .text.LPUART_GetInstance
                0x000020f4       0x4c ./drivers/fsl_lpuart.o
                0x000020f4                LPUART_GetInstance
 .text.LPUART_Init
                0x00002140      0x3c4 ./drivers/fsl_lpuart.o
                0x00002140                LPUART_Init
 .text.LPUART_GetDefaultConfig
                0x00002504       0x8c ./drivers/fsl_lpuart.o
                0x00002504                LPUART_GetDefaultConfig
 .text.LPUART_WriteBlocking
                0x00002590       0x68 ./drivers/fsl_lpuart.o
                0x00002590                LPUART_WriteBlocking
 .text.RESET_SetPeripheralReset
                0x000025f8       0x64 ./drivers/fsl_reset.o
                0x000025f8                RESET_SetPeripheralReset
 .text.RESET_ClearPeripheralReset
                0x0000265c       0x64 ./drivers/fsl_reset.o
                0x0000265c                RESET_ClearPeripheralReset
 .text.SPC_SetSRAMOperateVoltage
                0x000026c0       0x64 ./drivers/fsl_spc.o
                0x000026c0                SPC_SetSRAMOperateVoltage
 .text.SPC_SetActiveModeCoreLDORegulatorConfig
                0x00002724       0xbc ./drivers/fsl_spc.o
                0x00002724                SPC_SetActiveModeCoreLDORegulatorConfig
 .text.SPC_SetActiveModeDCDCRegulatorConfig
                0x000027e0       0x68 ./drivers/fsl_spc.o
                0x000027e0                SPC_SetActiveModeDCDCRegulatorConfig
 .text.SystemInit
                0x00002848      0x114 ./device/system_MCXN947_cm33_core0.o
                0x00002848                SystemInit
 .text.HAL_UartInitCommon
                0x0000295c       0xe4 ./component/uart/fsl_adapter_lpuart.o
 .text.HAL_UartInit
                0x00002a40       0x84 ./component/uart/fsl_adapter_lpuart.o
                0x00002a40                HAL_UartInit
 .text.HAL_UartSendBlocking
                0x00002ac4       0x64 ./component/uart/fsl_adapter_lpuart.o
                0x00002ac4                HAL_UartSendBlocking
 .text.BOARD_InitDebugConsole
                0x00002b28       0x38 ./board/board.o
                0x00002b28                BOARD_InitDebugConsole
 .text.BOARD_BootClockPLL150M
                0x00002b60      0x138 ./board/clock_config.o
                0x00002b60                BOARD_BootClockPLL150M
 .text.__NVIC_EnableIRQ
                0x00002c98       0x3c ./board/peripherals.o
 .text.__NVIC_SetPriority
                0x00002cd4       0x54 ./board/peripherals.o
 .text.TimeBase_init
                0x00002d28       0x3c ./board/peripherals.o
 .text.NCN_SPI_init
                0x00002d64       0x20 ./board/peripherals.o
 .text.PORT_SetPinConfig
                0x00002d84       0x38 ./board/pin_mux.o
 .text.GPIO_SetPinInterruptConfig
                0x00002dbc       0x4c ./board/pin_mux.o
 .text.BOARD_InitDEBUG_UARTPins
                0x00002e08       0x54 ./board/pin_mux.o
                0x00002e08                BOARD_InitDEBUG_UARTPins
 .text.NCN_Peripheral_Init
                0x00002e5c      0x154 ./board/pin_mux.o
                0x00002e5c                NCN_Peripheral_Init
 .text._initio  0x00002fb0       0x78 c:/nxp/mcuxpressoide_11.9.0_2144/ide/plugins/com.nxp.mcuxpresso.tools.win32_11.9.0.202307121226/tools/bin/../lib/gcc/arm-none-eabi/12.3.1/../../../../arm-none-eabi/lib/thumb/v8-m.main+fp/hard\libcr_c.a(initio.o)
                0x00002fb0                _initio
 .text._Cwritebuf
                0x00003028       0x6c c:/nxp/mcuxpressoide_11.9.0_2144/ide/plugins/com.nxp.mcuxpresso.tools.win32_11.9.0.202307121226/tools/bin/../lib/gcc/arm-none-eabi/12.3.1/../../../../arm-none-eabi/lib/thumb/v8-m.main+fp/hard\libcr_c.a(_writebuf.o)
                0x00003028                _Cwritebuf
 .text.fflush   0x00003094       0x3c c:/nxp/mcuxpressoide_11.9.0_2144/ide/plugins/com.nxp.mcuxpresso.tools.win32_11.9.0.202307121226/tools/bin/../lib/gcc/arm-none-eabi/12.3.1/../../../../arm-none-eabi/lib/thumb/v8-m.main+fp/hard\libcr_c.a(fflush.o)
                0x00003094                fflush
 .text.fseek    0x000030d0       0xf8 c:/nxp/mcuxpressoide_11.9.0_2144/ide/plugins/com.nxp.mcuxpresso.tools.win32_11.9.0.202307121226/tools/bin/../lib/gcc/arm-none-eabi/12.3.1/../../../../arm-none-eabi/lib/thumb/v8-m.main+fp/hard\libcr_c.a(fseek.o)
                0x000030d0                fseek
 .text.ftell    0x000031c8       0x44 c:/nxp/mcuxpressoide_11.9.0_2144/ide/plugins/com.nxp.mcuxpresso.tools.win32_11.9.0.202307121226/tools/bin/../lib/gcc/arm-none-eabi/12.3.1/../../../../arm-none-eabi/lib/thumb/v8-m.main+fp/hard\libcr_c.a(ftell.o)
                0x000031c8                ftell
 .text.DbgConsole_PrintCallback
                0x0000320c       0x66 ./utilities/fsl_debug_console.o
 .text.DbgConsole_Printf
                0x00003272       0x2c ./utilities/fsl_debug_console.o
                0x00003272                DbgConsole_Printf
 .text.PrintGetWidth
                0x0000329e       0x6a ./utilities/fsl_str.o
 .text.PrintGetPrecision
                0x00003308       0x8c ./utilities/fsl_str.o
 .text.PrintIsobpu
                0x00003394       0x38 ./utilities/fsl_str.o
 .text.PrintIsdi
                0x000033cc       0x2c ./utilities/fsl_str.o
 .text.PrintOutputdifFobpu
                0x000033f8       0x44 ./utilities/fsl_str.o
 .text.PrintOutputxX
                0x0000343c       0x44 ./utilities/fsl_str.o
 .text.PrintIsfF
                0x00003480       0x2c ./utilities/fsl_str.o
 .text.PrintIsxX
                0x000034ac       0x2c ./utilities/fsl_str.o
 .text.PrintFilterLengthFlag
                0x000034d8       0x3e ./utilities/fsl_str.o
 .text.PrintGetRadixFromobpu
                0x00003516       0x40 ./utilities/fsl_str.o
 .text.ConvertRadixNumToString
                0x00003556       0xc2 ./utilities/fsl_str.o
 .text.StrFormatPrintf
                0x00003618      0x2ac ./utilities/fsl_str.o
                0x00003618                StrFormatPrintf
 .text.OR_IRQHandler
                0x000038c4        0x8 ./startup/startup_mcxn947_cm33_core0.o
                0x000038c4                OR_IRQHandler
 .text.EDMA_0_CH0_IRQHandler
                0x000038cc        0x8 ./startup/startup_mcxn947_cm33_core0.o
                0x000038cc                EDMA_0_CH0_IRQHandler
 .text.EDMA_0_CH1_IRQHandler
                0x000038d4        0x8 ./startup/startup_mcxn947_cm33_core0.o
                0x000038d4                EDMA_0_CH1_IRQHandler
 .text.EDMA_0_CH2_IRQHandler
                0x000038dc        0x8 ./startup/startup_mcxn947_cm33_core0.o
                0x000038dc                EDMA_0_CH2_IRQHandler
 .text.EDMA_0_CH3_IRQHandler
                0x000038e4        0x8 ./startup/startup_mcxn947_cm33_core0.o
                0x000038e4                EDMA_0_CH3_IRQHandler
 .text.EDMA_0_CH4_IRQHandler
                0x000038ec        0x8 ./startup/startup_mcxn947_cm33_core0.o
                0x000038ec                EDMA_0_CH4_IRQHandler
 .text.EDMA_0_CH5_IRQHandler
                0x000038f4        0x8 ./startup/startup_mcxn947_cm33_core0.o
                0x000038f4                EDMA_0_CH5_IRQHandler
 .text.EDMA_0_CH6_IRQHandler
                0x000038fc        0x8 ./startup/startup_mcxn947_cm33_core0.o
                0x000038fc                EDMA_0_CH6_IRQHandler
 .text.EDMA_0_CH7_IRQHandler
                0x00003904        0x8 ./startup/startup_mcxn947_cm33_core0.o
                0x00003904                EDMA_0_CH7_IRQHandler
 .text.EDMA_0_CH8_IRQHandler
                0x0000390c        0x8 ./startup/startup_mcxn947_cm33_core0.o
                0x0000390c                EDMA_0_CH8_IRQHandler
 .text.EDMA_0_CH9_IRQHandler
                0x00003914        0x8 ./startup/startup_mcxn947_cm33_core0.o
                0x00003914                EDMA_0_CH9_IRQHandler
 .text.EDMA_0_CH10_IRQHandler
                0x0000391c        0x8 ./startup/startup_mcxn947_cm33_core0.o
                0x0000391c                EDMA_0_CH10_IRQHandler
 .text.EDMA_0_CH11_IRQHandler
                0x00003924        0x8 ./startup/startup_mcxn947_cm33_core0.o
                0x00003924                EDMA_0_CH11_IRQHandler
 .text.EDMA_0_CH12_IRQHandler
                0x0000392c        0x8 ./startup/startup_mcxn947_cm33_core0.o
                0x0000392c                EDMA_0_CH12_IRQHandler
 .text.EDMA_0_CH13_IRQHandler
                0x00003934        0x8 ./startup/startup_mcxn947_cm33_core0.o
                0x00003934                EDMA_0_CH13_IRQHandler
 .text.EDMA_0_CH14_IRQHandler
                0x0000393c        0x8 ./startup/startup_mcxn947_cm33_core0.o
                0x0000393c                EDMA_0_CH14_IRQHandler
 .text.EDMA_0_CH15_IRQHandler
                0x00003944        0x8 ./startup/startup_mcxn947_cm33_core0.o
                0x00003944                EDMA_0_CH15_IRQHandler
 .text.GPIO01_IRQHandler
                0x0000394c        0x8 ./startup/startup_mcxn947_cm33_core0.o
                0x0000394c                GPIO01_IRQHandler
 .text.GPIO10_IRQHandler
                0x00003954        0x8 ./startup/startup_mcxn947_cm33_core0.o
                0x00003954                GPIO10_IRQHandler
 .text.GPIO11_IRQHandler
                0x0000395c        0x8 ./startup/startup_mcxn947_cm33_core0.o
                0x0000395c                GPIO11_IRQHandler
 .text.GPIO20_IRQHandler
                0x00003964        0x8 ./startup/startup_mcxn947_cm33_core0.o
                0x00003964                GPIO20_IRQHandler
 .text.GPIO21_IRQHandler
                0x0000396c        0x8 ./startup/startup_mcxn947_cm33_core0.o
                0x0000396c                GPIO21_IRQHandler
 .text.GPIO30_IRQHandler
                0x00003974        0x8 ./startup/startup_mcxn947_cm33_core0.o
                0x00003974                GPIO30_IRQHandler
 .text.GPIO31_IRQHandler
                0x0000397c        0x8 ./startup/startup_mcxn947_cm33_core0.o
                0x0000397c                GPIO31_IRQHandler
 .text.GPIO40_IRQHandler
                0x00003984        0x8 ./startup/startup_mcxn947_cm33_core0.o
                0x00003984                GPIO40_IRQHandler
 .text.GPIO41_IRQHandler
                0x0000398c        0x8 ./startup/startup_mcxn947_cm33_core0.o
                0x0000398c                GPIO41_IRQHandler
 .text.GPIO50_IRQHandler
                0x00003994        0x8 ./startup/startup_mcxn947_cm33_core0.o
                0x00003994                GPIO50_IRQHandler
 .text.GPIO51_IRQHandler
                0x0000399c        0x8 ./startup/startup_mcxn947_cm33_core0.o
                0x0000399c                GPIO51_IRQHandler
 .text.UTICK0_IRQHandler
                0x000039a4        0x8 ./startup/startup_mcxn947_cm33_core0.o
                0x000039a4                UTICK0_IRQHandler
 .text.MRT0_IRQHandler
                0x000039ac        0x8 ./startup/startup_mcxn947_cm33_core0.o
                0x000039ac                MRT0_IRQHandler
 .text.CTIMER0_IRQHandler
                0x000039b4        0x8 ./startup/startup_mcxn947_cm33_core0.o
                0x000039b4                CTIMER0_IRQHandler
 .text.CTIMER1_IRQHandler
                0x000039bc        0x8 ./startup/startup_mcxn947_cm33_core0.o
                0x000039bc                CTIMER1_IRQHandler
 .text.SCT0_IRQHandler
                0x000039c4        0x8 ./startup/startup_mcxn947_cm33_core0.o
                0x000039c4                SCT0_IRQHandler
 .text.CTIMER2_IRQHandler
                0x000039cc        0x8 ./startup/startup_mcxn947_cm33_core0.o
                0x000039cc                CTIMER2_IRQHandler
 .text.LP_FLEXCOMM0_IRQHandler
                0x000039d4        0x8 ./startup/startup_mcxn947_cm33_core0.o
                0x000039d4                LP_FLEXCOMM0_IRQHandler
 .text.LP_FLEXCOMM1_IRQHandler
                0x000039dc        0x8 ./startup/startup_mcxn947_cm33_core0.o
                0x000039dc                LP_FLEXCOMM1_IRQHandler
 .text.LP_FLEXCOMM2_IRQHandler
                0x000039e4        0x8 ./startup/startup_mcxn947_cm33_core0.o
                0x000039e4                LP_FLEXCOMM2_IRQHandler
 .text.LP_FLEXCOMM3_IRQHandler
                0x000039ec        0x8 ./startup/startup_mcxn947_cm33_core0.o
                0x000039ec                LP_FLEXCOMM3_IRQHandler
 .text.LP_FLEXCOMM4_IRQHandler
                0x000039f4        0x8 ./startup/startup_mcxn947_cm33_core0.o
                0x000039f4                LP_FLEXCOMM4_IRQHandler
 .text.LP_FLEXCOMM5_IRQHandler
                0x000039fc        0x8 ./startup/startup_mcxn947_cm33_core0.o
                0x000039fc                LP_FLEXCOMM5_IRQHandler
 .text.LP_FLEXCOMM6_IRQHandler
                0x00003a04        0x8 ./startup/startup_mcxn947_cm33_core0.o
                0x00003a04                LP_FLEXCOMM6_IRQHandler
 .text.LP_FLEXCOMM7_IRQHandler
                0x00003a0c        0x8 ./startup/startup_mcxn947_cm33_core0.o
                0x00003a0c                LP_FLEXCOMM7_IRQHandler
 .text.LP_FLEXCOMM8_IRQHandler
                0x00003a14        0x8 ./startup/startup_mcxn947_cm33_core0.o
                0x00003a14                LP_FLEXCOMM8_IRQHandler
 .text.LP_FLEXCOMM9_IRQHandler
                0x00003a1c        0x8 ./startup/startup_mcxn947_cm33_core0.o
                0x00003a1c                LP_FLEXCOMM9_IRQHandler
 .text.ADC0_IRQHandler
                0x00003a24        0x8 ./startup/startup_mcxn947_cm33_core0.o
                0x00003a24                ADC0_IRQHandler
 .text.ADC1_IRQHandler
                0x00003a2c        0x8 ./startup/startup_mcxn947_cm33_core0.o
                0x00003a2c                ADC1_IRQHandler
 .text.PINT0_IRQHandler
                0x00003a34        0x8 ./startup/startup_mcxn947_cm33_core0.o
                0x00003a34                PINT0_IRQHandler
 .text.PDM_EVENT_IRQHandler
                0x00003a3c        0x8 ./startup/startup_mcxn947_cm33_core0.o
                0x00003a3c                PDM_EVENT_IRQHandler
 .text.Reserved65_IRQHandler
                0x00003a44        0x8 ./startup/startup_mcxn947_cm33_core0.o
                0x00003a44                Reserved65_IRQHandler
 .text.USB0_FS_IRQHandler
                0x00003a4c        0x8 ./startup/startup_mcxn947_cm33_core0.o
                0x00003a4c                USB0_FS_IRQHandler
 .text.USB0_DCD_IRQHandler
                0x00003a54        0x8 ./startup/startup_mcxn947_cm33_core0.o
                0x00003a54                USB0_DCD_IRQHandler
 .text.RTC_IRQHandler
                0x00003a5c        0x8 ./startup/startup_mcxn947_cm33_core0.o
                0x00003a5c                RTC_IRQHandler
 .text.SMARTDMA_IRQHandler
                0x00003a64        0x8 ./startup/startup_mcxn947_cm33_core0.o
                0x00003a64                SMARTDMA_IRQHandler
 .text.MAILBOX_IRQHandler
                0x00003a6c        0x8 ./startup/startup_mcxn947_cm33_core0.o
                0x00003a6c                MAILBOX_IRQHandler
 .text.CTIMER3_IRQHandler
                0x00003a74        0x8 ./startup/startup_mcxn947_cm33_core0.o
                0x00003a74                CTIMER3_IRQHandler
 .text.CTIMER4_IRQHandler
                0x00003a7c        0x8 ./startup/startup_mcxn947_cm33_core0.o
                0x00003a7c                CTIMER4_IRQHandler
 .text.OS_EVENT_IRQHandler
                0x00003a84        0x8 ./startup/startup_mcxn947_cm33_core0.o
                0x00003a84                OS_EVENT_IRQHandler
 .text.FLEXSPI0_IRQHandler
                0x00003a8c        0x8 ./startup/startup_mcxn947_cm33_core0.o
                0x00003a8c                FLEXSPI0_IRQHandler
 .text.SAI0_IRQHandler
                0x00003a94        0x8 ./startup/startup_mcxn947_cm33_core0.o
                0x00003a94                SAI0_IRQHandler
 .text.SAI1_IRQHandler
                0x00003a9c        0x8 ./startup/startup_mcxn947_cm33_core0.o
                0x00003a9c                SAI1_IRQHandler
 .text.USDHC0_IRQHandler
                0x00003aa4        0x8 ./startup/startup_mcxn947_cm33_core0.o
                0x00003aa4                USDHC0_IRQHandler
 .text.CAN0_IRQHandler
                0x00003aac        0x8 ./startup/startup_mcxn947_cm33_core0.o
                0x00003aac                CAN0_IRQHandler
 .text.CAN1_IRQHandler
                0x00003ab4        0x8 ./startup/startup_mcxn947_cm33_core0.o
                0x00003ab4                CAN1_IRQHandler
 .text.Reserved80_IRQHandler
                0x00003abc        0x8 ./startup/startup_mcxn947_cm33_core0.o
                0x00003abc                Reserved80_IRQHandler
 .text.Reserved81_IRQHandler
                0x00003ac4        0x8 ./startup/startup_mcxn947_cm33_core0.o
                0x00003ac4                Reserved81_IRQHandler
 .text.USB1_HS_PHY_IRQHandler
                0x00003acc        0x8 ./startup/startup_mcxn947_cm33_core0.o
                0x00003acc                USB1_HS_PHY_IRQHandler
 .text.USB1_HS_IRQHandler
                0x00003ad4        0x8 ./startup/startup_mcxn947_cm33_core0.o
                0x00003ad4                USB1_HS_IRQHandler
 .text.SEC_HYPERVISOR_CALL_IRQHandler
                0x00003adc        0x8 ./startup/startup_mcxn947_cm33_core0.o
                0x00003adc                SEC_HYPERVISOR_CALL_IRQHandler
 .text.Reserved85_IRQHandler
                0x00003ae4        0x8 ./startup/startup_mcxn947_cm33_core0.o
                0x00003ae4                Reserved85_IRQHandler
 .text.PLU_IRQHandler
                0x00003aec        0x8 ./startup/startup_mcxn947_cm33_core0.o
                0x00003aec                PLU_IRQHandler
 .text.Freqme_IRQHandler
                0x00003af4        0x8 ./startup/startup_mcxn947_cm33_core0.o
                0x00003af4                Freqme_IRQHandler
 .text.SEC_VIO_IRQHandler
                0x00003afc        0x8 ./startup/startup_mcxn947_cm33_core0.o
                0x00003afc                SEC_VIO_IRQHandler
 .text.ELS_IRQHandler
                0x00003b04        0x8 ./startup/startup_mcxn947_cm33_core0.o
                0x00003b04                ELS_IRQHandler
 .text.PKC_IRQHandler
                0x00003b0c        0x8 ./startup/startup_mcxn947_cm33_core0.o
                0x00003b0c                PKC_IRQHandler
 .text.PUF_IRQHandler
                0x00003b14        0x8 ./startup/startup_mcxn947_cm33_core0.o
                0x00003b14                PUF_IRQHandler
 .text.PQ_IRQHandler
                0x00003b1c        0x8 ./startup/startup_mcxn947_cm33_core0.o
                0x00003b1c                PQ_IRQHandler
 .text.EDMA_1_CH0_IRQHandler
                0x00003b24        0x8 ./startup/startup_mcxn947_cm33_core0.o
                0x00003b24                EDMA_1_CH0_IRQHandler
 .text.EDMA_1_CH1_IRQHandler
                0x00003b2c        0x8 ./startup/startup_mcxn947_cm33_core0.o
                0x00003b2c                EDMA_1_CH1_IRQHandler
 .text.EDMA_1_CH2_IRQHandler
                0x00003b34        0x8 ./startup/startup_mcxn947_cm33_core0.o
                0x00003b34                EDMA_1_CH2_IRQHandler
 .text.EDMA_1_CH3_IRQHandler
                0x00003b3c        0x8 ./startup/startup_mcxn947_cm33_core0.o
                0x00003b3c                EDMA_1_CH3_IRQHandler
 .text.EDMA_1_CH4_IRQHandler
                0x00003b44        0x8 ./startup/startup_mcxn947_cm33_core0.o
                0x00003b44                EDMA_1_CH4_IRQHandler
 .text.EDMA_1_CH5_IRQHandler
                0x00003b4c        0x8 ./startup/startup_mcxn947_cm33_core0.o
                0x00003b4c                EDMA_1_CH5_IRQHandler
 .text.EDMA_1_CH6_IRQHandler
                0x00003b54        0x8 ./startup/startup_mcxn947_cm33_core0.o
                0x00003b54                EDMA_1_CH6_IRQHandler
 .text.EDMA_1_CH7_IRQHandler
                0x00003b5c        0x8 ./startup/startup_mcxn947_cm33_core0.o
                0x00003b5c                EDMA_1_CH7_IRQHandler
 .text.EDMA_1_CH8_IRQHandler
                0x00003b64        0x8 ./startup/startup_mcxn947_cm33_core0.o
                0x00003b64                EDMA_1_CH8_IRQHandler
 .text.EDMA_1_CH9_IRQHandler
                0x00003b6c        0x8 ./startup/startup_mcxn947_cm33_core0.o
                0x00003b6c                EDMA_1_CH9_IRQHandler
 .text.EDMA_1_CH10_IRQHandler
                0x00003b74        0x8 ./startup/startup_mcxn947_cm33_core0.o
                0x00003b74                EDMA_1_CH10_IRQHandler
 .text.EDMA_1_CH11_IRQHandler
                0x00003b7c        0x8 ./startup/startup_mcxn947_cm33_core0.o
                0x00003b7c                EDMA_1_CH11_IRQHandler
 .text.EDMA_1_CH12_IRQHandler
                0x00003b84        0x8 ./startup/startup_mcxn947_cm33_core0.o
                0x00003b84                EDMA_1_CH12_IRQHandler
 .text.EDMA_1_CH13_IRQHandler
                0x00003b8c        0x8 ./startup/startup_mcxn947_cm33_core0.o
                0x00003b8c                EDMA_1_CH13_IRQHandler
 .text.EDMA_1_CH14_IRQHandler
                0x00003b94        0x8 ./startup/startup_mcxn947_cm33_core0.o
                0x00003b94                EDMA_1_CH14_IRQHandler
 .text.EDMA_1_CH15_IRQHandler
                0x00003b9c        0x8 ./startup/startup_mcxn947_cm33_core0.o
                0x00003b9c                EDMA_1_CH15_IRQHandler
 .text.CDOG0_IRQHandler
                0x00003ba4        0x8 ./startup/startup_mcxn947_cm33_core0.o
                0x00003ba4                CDOG0_IRQHandler
 .text.CDOG1_IRQHandler
                0x00003bac        0x8 ./startup/startup_mcxn947_cm33_core0.o
                0x00003bac                CDOG1_IRQHandler
 .text.I3C0_IRQHandler
                0x00003bb4        0x8 ./startup/startup_mcxn947_cm33_core0.o
                0x00003bb4                I3C0_IRQHandler
 .text.I3C1_IRQHandler
                0x00003bbc        0x8 ./startup/startup_mcxn947_cm33_core0.o
                0x00003bbc                I3C1_IRQHandler
 .text.NPU_IRQHandler
                0x00003bc4        0x8 ./startup/startup_mcxn947_cm33_core0.o
                0x00003bc4                NPU_IRQHandler
 .text.GDET_IRQHandler
                0x00003bcc        0x8 ./startup/startup_mcxn947_cm33_core0.o
                0x00003bcc                GDET_IRQHandler
 .text.VBAT0_IRQHandler
                0x00003bd4        0x8 ./startup/startup_mcxn947_cm33_core0.o
                0x00003bd4                VBAT0_IRQHandler
 .text.EWM0_IRQHandler
                0x00003bdc        0x8 ./startup/startup_mcxn947_cm33_core0.o
                0x00003bdc                EWM0_IRQHandler
 .text.TSI_END_OF_SCAN_IRQHandler
                0x00003be4        0x8 ./startup/startup_mcxn947_cm33_core0.o
                0x00003be4                TSI_END_OF_SCAN_IRQHandler
 .text.TSI_OUT_OF_SCAN_IRQHandler
                0x00003bec        0x8 ./startup/startup_mcxn947_cm33_core0.o
                0x00003bec                TSI_OUT_OF_SCAN_IRQHandler
 .text.EMVSIM0_IRQHandler
                0x00003bf4        0x8 ./startup/startup_mcxn947_cm33_core0.o
                0x00003bf4                EMVSIM0_IRQHandler
 .text.EMVSIM1_IRQHandler
                0x00003bfc        0x8 ./startup/startup_mcxn947_cm33_core0.o
                0x00003bfc                EMVSIM1_IRQHandler
 .text.FLEXIO_IRQHandler
                0x00003c04        0x8 ./startup/startup_mcxn947_cm33_core0.o
                0x00003c04                FLEXIO_IRQHandler
 .text.DAC0_IRQHandler
                0x00003c0c        0x8 ./startup/startup_mcxn947_cm33_core0.o
                0x00003c0c                DAC0_IRQHandler
 .text.DAC1_IRQHandler
                0x00003c14        0x8 ./startup/startup_mcxn947_cm33_core0.o
                0x00003c14                DAC1_IRQHandler
 .text.DAC2_IRQHandler
                0x00003c1c        0x8 ./startup/startup_mcxn947_cm33_core0.o
                0x00003c1c                DAC2_IRQHandler
 .text.HSCMP0_IRQHandler
                0x00003c24        0x8 ./startup/startup_mcxn947_cm33_core0.o
                0x00003c24                HSCMP0_IRQHandler
 .text.HSCMP1_IRQHandler
                0x00003c2c        0x8 ./startup/startup_mcxn947_cm33_core0.o
                0x00003c2c                HSCMP1_IRQHandler
 .text.HSCMP2_IRQHandler
                0x00003c34        0x8 ./startup/startup_mcxn947_cm33_core0.o
                0x00003c34                HSCMP2_IRQHandler
 .text.FLEXPWM0_RELOAD_ERROR_IRQHandler
                0x00003c3c        0x8 ./startup/startup_mcxn947_cm33_core0.o
                0x00003c3c                FLEXPWM0_RELOAD_ERROR_IRQHandler
 .text.FLEXPWM0_FAULT_IRQHandler
                0x00003c44        0x8 ./startup/startup_mcxn947_cm33_core0.o
                0x00003c44                FLEXPWM0_FAULT_IRQHandler
 .text.FLEXPWM0_SUBMODULE0_IRQHandler
                0x00003c4c        0x8 ./startup/startup_mcxn947_cm33_core0.o
                0x00003c4c                FLEXPWM0_SUBMODULE0_IRQHandler
 .text.FLEXPWM0_SUBMODULE1_IRQHandler
                0x00003c54        0x8 ./startup/startup_mcxn947_cm33_core0.o
                0x00003c54                FLEXPWM0_SUBMODULE1_IRQHandler
 .text.FLEXPWM0_SUBMODULE2_IRQHandler
                0x00003c5c        0x8 ./startup/startup_mcxn947_cm33_core0.o
                0x00003c5c                FLEXPWM0_SUBMODULE2_IRQHandler
 .text.FLEXPWM0_SUBMODULE3_IRQHandler
                0x00003c64        0x8 ./startup/startup_mcxn947_cm33_core0.o
                0x00003c64                FLEXPWM0_SUBMODULE3_IRQHandler
 .text.FLEXPWM1_RELOAD_ERROR_IRQHandler
                0x00003c6c        0x8 ./startup/startup_mcxn947_cm33_core0.o
                0x00003c6c                FLEXPWM1_RELOAD_ERROR_IRQHandler
 .text.FLEXPWM1_FAULT_IRQHandler
                0x00003c74        0x8 ./startup/startup_mcxn947_cm33_core0.o
                0x00003c74                FLEXPWM1_FAULT_IRQHandler
 .text.FLEXPWM1_SUBMODULE0_IRQHandler
                0x00003c7c        0x8 ./startup/startup_mcxn947_cm33_core0.o
                0x00003c7c                FLEXPWM1_SUBMODULE0_IRQHandler
 .text.FLEXPWM1_SUBMODULE1_IRQHandler
                0x00003c84        0x8 ./startup/startup_mcxn947_cm33_core0.o
                0x00003c84                FLEXPWM1_SUBMODULE1_IRQHandler
 .text.FLEXPWM1_SUBMODULE2_IRQHandler
                0x00003c8c        0x8 ./startup/startup_mcxn947_cm33_core0.o
                0x00003c8c                FLEXPWM1_SUBMODULE2_IRQHandler
 .text.FLEXPWM1_SUBMODULE3_IRQHandler
                0x00003c94        0x8 ./startup/startup_mcxn947_cm33_core0.o
                0x00003c94                FLEXPWM1_SUBMODULE3_IRQHandler
 .text.ENC0_COMPARE_IRQHandler
                0x00003c9c        0x8 ./startup/startup_mcxn947_cm33_core0.o
                0x00003c9c                ENC0_COMPARE_IRQHandler
 .text.ENC0_HOME_IRQHandler
                0x00003ca4        0x8 ./startup/startup_mcxn947_cm33_core0.o
                0x00003ca4                ENC0_HOME_IRQHandler
 .text.ENC0_WDG_SAB_IRQHandler
                0x00003cac        0x8 ./startup/startup_mcxn947_cm33_core0.o
                0x00003cac                ENC0_WDG_SAB_IRQHandler
 .text.ENC0_IDX_IRQHandler
                0x00003cb4        0x8 ./startup/startup_mcxn947_cm33_core0.o
                0x00003cb4                ENC0_IDX_IRQHandler
 .text.ENC1_COMPARE_IRQHandler
                0x00003cbc        0x8 ./startup/startup_mcxn947_cm33_core0.o
                0x00003cbc                ENC1_COMPARE_IRQHandler
 .text.ENC1_HOME_IRQHandler
                0x00003cc4        0x8 ./startup/startup_mcxn947_cm33_core0.o
                0x00003cc4                ENC1_HOME_IRQHandler
 .text.ENC1_WDG_SAB_IRQHandler
                0x00003ccc        0x8 ./startup/startup_mcxn947_cm33_core0.o
                0x00003ccc                ENC1_WDG_SAB_IRQHandler
 .text.ENC1_IDX_IRQHandler
                0x00003cd4        0x8 ./startup/startup_mcxn947_cm33_core0.o
                0x00003cd4                ENC1_IDX_IRQHandler
 .text.ITRC0_IRQHandler
                0x00003cdc        0x8 ./startup/startup_mcxn947_cm33_core0.o
                0x00003cdc                ITRC0_IRQHandler
 .text.BSP32_IRQHandler
                0x00003ce4        0x8 ./startup/startup_mcxn947_cm33_core0.o
                0x00003ce4                BSP32_IRQHandler
 .text.ELS_ERR_IRQHandler
                0x00003cec        0x8 ./startup/startup_mcxn947_cm33_core0.o
                0x00003cec                ELS_ERR_IRQHandler
 .text.PKC_ERR_IRQHandler
                0x00003cf4        0x8 ./startup/startup_mcxn947_cm33_core0.o
                0x00003cf4                PKC_ERR_IRQHandler
 .text.ERM_SINGLE_BIT_ERROR_IRQHandler
                0x00003cfc        0x8 ./startup/startup_mcxn947_cm33_core0.o
                0x00003cfc                ERM_SINGLE_BIT_ERROR_IRQHandler
 .text.ERM_MULTI_BIT_ERROR_IRQHandler
                0x00003d04        0x8 ./startup/startup_mcxn947_cm33_core0.o
                0x00003d04                ERM_MULTI_BIT_ERROR_IRQHandler
 .text.FMU0_IRQHandler
                0x00003d0c        0x8 ./startup/startup_mcxn947_cm33_core0.o
                0x00003d0c                FMU0_IRQHandler
 .text.ETHERNET_IRQHandler
                0x00003d14        0x8 ./startup/startup_mcxn947_cm33_core0.o
                0x00003d14                ETHERNET_IRQHandler
 .text.ETHERNET_PMT_IRQHandler
                0x00003d1c        0x8 ./startup/startup_mcxn947_cm33_core0.o
                0x00003d1c                ETHERNET_PMT_IRQHandler
 .text.ETHERNET_MACLP_IRQHandler
                0x00003d24        0x8 ./startup/startup_mcxn947_cm33_core0.o
                0x00003d24                ETHERNET_MACLP_IRQHandler
 .text.SINC_FILTER_IRQHandler
                0x00003d2c        0x8 ./startup/startup_mcxn947_cm33_core0.o
                0x00003d2c                SINC_FILTER_IRQHandler
 .text.LPTMR0_IRQHandler
                0x00003d34        0x8 ./startup/startup_mcxn947_cm33_core0.o
                0x00003d34                LPTMR0_IRQHandler
 .text.LPTMR1_IRQHandler
                0x00003d3c        0x8 ./startup/startup_mcxn947_cm33_core0.o
                0x00003d3c                LPTMR1_IRQHandler
 .text.SCG_IRQHandler
                0x00003d44        0x8 ./startup/startup_mcxn947_cm33_core0.o
                0x00003d44                SCG_IRQHandler
 .text.SPC_IRQHandler
                0x00003d4c        0x8 ./startup/startup_mcxn947_cm33_core0.o
                0x00003d4c                SPC_IRQHandler
 .text.WUU_IRQHandler
                0x00003d54        0x8 ./startup/startup_mcxn947_cm33_core0.o
                0x00003d54                WUU_IRQHandler
 .text.PORT_EFT_IRQHandler
                0x00003d5c        0x8 ./startup/startup_mcxn947_cm33_core0.o
                0x00003d5c                PORT_EFT_IRQHandler
 .text.ETB0_IRQHandler
                0x00003d64        0x8 ./startup/startup_mcxn947_cm33_core0.o
                0x00003d64                ETB0_IRQHandler
 .text.SM3_IRQHandler
                0x00003d6c        0x8 ./startup/startup_mcxn947_cm33_core0.o
                0x00003d6c                SM3_IRQHandler
 .text.TRNG0_IRQHandler
                0x00003d74        0x8 ./startup/startup_mcxn947_cm33_core0.o
                0x00003d74                TRNG0_IRQHandler
 .text.WWDT0_IRQHandler
                0x00003d7c        0x8 ./startup/startup_mcxn947_cm33_core0.o
                0x00003d7c                WWDT0_IRQHandler
 .text.WWDT1_IRQHandler
                0x00003d84        0x8 ./startup/startup_mcxn947_cm33_core0.o
                0x00003d84                WWDT1_IRQHandler
 .text.CMC0_IRQHandler
                0x00003d8c        0x8 ./startup/startup_mcxn947_cm33_core0.o
                0x00003d8c                CMC0_IRQHandler
 .text.CTI0_IRQHandler
                0x00003d94        0x8 ./startup/startup_mcxn947_cm33_core0.o
                0x00003d94                CTI0_IRQHandler
 .text.HardFault_Handler
                0x00003d9c       0x36 ./source/semihost_hardfault.o
                0x00003d9c                HardFault_Handler
 .text.GPIO_PinWrite
                0x00003dd2       0x36 ./onsemi/Source/onsemi_hardware.o
 .text.LPSPI_GetRxFifoSize
                0x00003e08       0x24 ./onsemi/Source/onsemi_hardware.o
 .text.NCN_SetPinState
                0x00003e2c       0x22 ./onsemi/Source/onsemi_hardware.o
                0x00003e2c                NCN_SetPinState
 .text.NCN_Timebase_Callback
                0x00003e4e       0x14 ./onsemi/Source/onsemi_hardware.o
                0x00003e4e                NCN_Timebase_Callback
 .text.DelayMs  0x00003e62       0x2c ./onsemi/Source/onsemi_hardware.o
                0x00003e62                DelayMs
 .text.CLOCK_GetPll0OutFreq
                0x00003e8e       0x82 ./drivers/fsl_clock.o
                0x00003e8e                CLOCK_GetPll0OutFreq
 .text.CLOCK_EnableClock
                0x00003f10       0x94 ./drivers/fsl_ctimer.o
 .text.EnableIRQ
                0x00003fa4       0x32 ./drivers/fsl_ctimer.o
 .text.CTIMER_GetStatusFlags
                0x00003fd6       0x18 ./drivers/fsl_ctimer.o
 .text.CTIMER_ClearStatusFlags
                0x00003fee       0x1c ./drivers/fsl_ctimer.o
 .text.CTIMER0_DriverIRQHandler
                0x0000400a        0xe ./drivers/fsl_ctimer.o
                0x0000400a                CTIMER0_DriverIRQHandler
 .text.CTIMER1_DriverIRQHandler
                0x00004018        0xe ./drivers/fsl_ctimer.o
                0x00004018                CTIMER1_DriverIRQHandler
 .text.CTIMER2_DriverIRQHandler
                0x00004026        0xe ./drivers/fsl_ctimer.o
                0x00004026                CTIMER2_DriverIRQHandler
 .text.CTIMER3_DriverIRQHandler
                0x00004034        0xe ./drivers/fsl_ctimer.o
                0x00004034                CTIMER3_DriverIRQHandler
 .text.CTIMER4_DriverIRQHandler
                0x00004042        0xe ./drivers/fsl_ctimer.o
                0x00004042                CTIMER4_DriverIRQHandler
 .text.GPIO_PinWrite
                0x00004050       0x36 ./drivers/fsl_gpio.o
 .text.CLOCK_EnableClock
                0x00004086       0x94 ./drivers/fsl_lpflexcomm.o
 .text.LP_FLEXCOMM_PeripheralIsPresent
                0x0000411a       0x52 ./drivers/fsl_lpflexcomm.o
 .text.LP_FLEXCOMM0_DriverIRQHandler
                0x0000416c        0xe ./drivers/fsl_lpflexcomm.o
                0x0000416c                LP_FLEXCOMM0_DriverIRQHandler
 .text.LP_FLEXCOMM1_DriverIRQHandler
                0x0000417a        0xe ./drivers/fsl_lpflexcomm.o
                0x0000417a                LP_FLEXCOMM1_DriverIRQHandler
 .text.LP_FLEXCOMM2_DriverIRQHandler
                0x00004188        0xe ./drivers/fsl_lpflexcomm.o
                0x00004188                LP_FLEXCOMM2_DriverIRQHandler
 .text.LP_FLEXCOMM3_DriverIRQHandler
                0x00004196        0xe ./drivers/fsl_lpflexcomm.o
                0x00004196                LP_FLEXCOMM3_DriverIRQHandler
 .text.LP_FLEXCOMM4_DriverIRQHandler
                0x000041a4        0xe ./drivers/fsl_lpflexcomm.o
                0x000041a4                LP_FLEXCOMM4_DriverIRQHandler
 .text.LP_FLEXCOMM5_DriverIRQHandler
                0x000041b2        0xe ./drivers/fsl_lpflexcomm.o
                0x000041b2                LP_FLEXCOMM5_DriverIRQHandler
 .text.LP_FLEXCOMM6_DriverIRQHandler
                0x000041c0        0xe ./drivers/fsl_lpflexcomm.o
                0x000041c0                LP_FLEXCOMM6_DriverIRQHandler
 .text.LP_FLEXCOMM7_DriverIRQHandler
                0x000041ce        0xe ./drivers/fsl_lpflexcomm.o
                0x000041ce                LP_FLEXCOMM7_DriverIRQHandler
 .text.LP_FLEXCOMM8_DriverIRQHandler
                0x000041dc        0xe ./drivers/fsl_lpflexcomm.o
                0x000041dc                LP_FLEXCOMM8_DriverIRQHandler
 .text.LP_FLEXCOMM9_DriverIRQHandler
                0x000041ea        0xe ./drivers/fsl_lpflexcomm.o
                0x000041ea                LP_FLEXCOMM9_DriverIRQHandler
 .text.CLOCK_EnableClock
                0x000041f8       0x94 ./drivers/fsl_lpspi.o
 .text.LPSPI_Enable
                0x0000428c       0x38 ./drivers/fsl_lpspi.o
 .text.LPSPI_GetStatusFlags
                0x000042c4       0x18 ./drivers/fsl_lpspi.o
 .text.LPSPI_GetRxFifoSize
                0x000042dc       0x24 ./drivers/fsl_lpspi.o
 .text.LPSPI_GetTxFifoCount
                0x00004300       0x1c ./drivers/fsl_lpspi.o
 .text.LPSPI_GetRxFifoCount
                0x0000431c       0x1e ./drivers/fsl_lpspi.o
 .text.LPSPI_ClearStatusFlags
                0x0000433a       0x1c ./drivers/fsl_lpspi.o
 .text.LPSPI_SetMasterSlaveMode
                0x00004356       0x2c ./drivers/fsl_lpspi.o
 .text.LPSPI_IsMaster
                0x00004382       0x26 ./drivers/fsl_lpspi.o
 .text.LPSPI_FlushFifo
                0x000043a8       0x30 ./drivers/fsl_lpspi.o
 .text.LPSPI_SetFifoWatermarks
                0x000043d8       0x2c ./drivers/fsl_lpspi.o
 .text.LPSPI_WriteData
                0x00004404       0x1c ./drivers/fsl_lpspi.o
 .text.LPSPI_ReadData
                0x00004420       0x18 ./drivers/fsl_lpspi.o
 .text.LPSPI_SetOnePcsPolarity
                0x00004438       0x44 ./drivers/fsl_lpspi.o
 .text.LPSPI_TxFifoReady
                0x0000447c       0x22 ./drivers/fsl_lpspi.o
 .text.LPUART_SoftwareReset
                0x0000449e       0x2c ./drivers/fsl_lpuart.o
 .text.RESET_PeripheralReset
                0x000044ca       0x1c ./drivers/fsl_reset.o
                0x000044ca                RESET_PeripheralReset
 .text.SPC_GetActiveModeBandgapMode
                0x000044e6       0x22 ./drivers/fsl_spc.o
 .text.SPC_GetActiveModeVoltageDetectStatus
                0x00004508       0x22 ./drivers/fsl_spc.o
 .text.SPC_GetActiveModeCoreLDOVDDVoltageLevel
                0x0000452a       0x22 ./drivers/fsl_spc.o
 .text.SPC_GetActiveModeCoreLDODriveStrength
                0x0000454c       0x22 ./drivers/fsl_spc.o
 .text.SPC_SetActiveModeDCDCRegulatorVoltageLevel
                0x0000456e       0x32 ./drivers/fsl_spc.o
 .text.SPC_SetActiveModeCoreLDORegulatorVoltageLevel
                0x000045a0       0x34 ./drivers/fsl_spc.o
                0x000045a0                SPC_SetActiveModeCoreLDORegulatorVoltageLevel
 .text.SPC_SetActiveModeCoreLDORegulatorDriveStrength
                0x000045d4       0x5e ./drivers/fsl_spc.o
                0x000045d4                SPC_SetActiveModeCoreLDORegulatorDriveStrength
 .text.SPC_SetActiveModeDCDCRegulatorDriveStrength
                0x00004632       0x60 ./drivers/fsl_spc.o
                0x00004632                SPC_SetActiveModeDCDCRegulatorDriveStrength
 .text.SystemInitHook
                0x00004692        0xe ./device/system_MCXN947_cm33_core0.o
                0x00004692                SystemInitHook
 .text.HAL_UartGetStatus
                0x000046a0       0x28 ./component/uart/fsl_adapter_lpuart.o
 .text.DisableGlobalIRQ
                0x000046c8       0x22 ./component/serial_manager/fsl_component_serial_manager.o
 .text.EnableGlobalIRQ
                0x000046ea       0x20 ./component/serial_manager/fsl_component_serial_manager.o
 .text.SerialManager_StartWriting
                0x0000470a       0x38 ./component/serial_manager/fsl_component_serial_manager.o
 .text.SerialManager_Write
                0x00004742       0x44 ./component/serial_manager/fsl_component_serial_manager.o
 .text.SerialManager_Init
                0x00004786       0x60 ./component/serial_manager/fsl_component_serial_manager.o
                0x00004786                SerialManager_Init
 .text.SerialManager_OpenWriteHandle
                0x000047e6       0x50 ./component/serial_manager/fsl_component_serial_manager.o
                0x000047e6                SerialManager_OpenWriteHandle
 .text.SerialManager_OpenReadHandle
                0x00004836       0x60 ./component/serial_manager/fsl_component_serial_manager.o
                0x00004836                SerialManager_OpenReadHandle
 .text.SerialManager_WriteBlocking
                0x00004896       0x20 ./component/serial_manager/fsl_component_serial_manager.o
                0x00004896                SerialManager_WriteBlocking
 .text.Serial_UartInit
                0x000048b6       0x3e ./component/serial_manager/fsl_component_serial_port_uart.o
                0x000048b6                Serial_UartInit
 .text.Serial_UartWrite
                0x000048f4       0x38 ./component/serial_manager/fsl_component_serial_port_uart.o
                0x000048f4                Serial_UartWrite
 .text.CLOCK_EnableClock
                0x0000492c       0x94 ./board/clock_config.o
 .text.BOARD_InitBootClocks
                0x000049c0        0xc ./board/clock_config.o
                0x000049c0                BOARD_InitBootClocks
 .text.EnableIRQ
                0x000049cc       0x32 ./board/peripherals.o
 .text.CTIMER_StartTimer
                0x000049fe       0x20 ./board/peripherals.o
 .text.NCN_IRQ_Interrupt_init
                0x00004a1e       0x16 ./board/peripherals.o
 .text.NCN_InitPeripherals
                0x00004a34       0x14 ./board/peripherals.o
                0x00004a34                NCN_InitPeripherals
 .text.BOARD_InitBootPeripherals
                0x00004a48        0xc ./board/peripherals.o
                0x00004a48                BOARD_InitBootPeripherals
 .text.CLOCK_EnableClock
                0x00004a54       0x94 ./board/pin_mux.o
 .text.PORT_SetPinMux
                0x00004ae8       0x3e ./board/pin_mux.o
 .text.BOARD_InitBootPins
                0x00004b26       0x10 ./board/pin_mux.o
                0x00004b26                BOARD_InitBootPins
 .text.__main   0x00004b36        0xe c:/nxp/mcuxpressoide_11.9.0_2144/ide/plugins/com.nxp.mcuxpresso.tools.win32_11.9.0.202307121226/tools/bin/../lib/gcc/arm-none-eabi/12.3.1/../../../../arm-none-eabi/lib/thumb/v8-m.main+fp/hard\libcr_nohost_nf.a(_cr__main.o)
                0x00004b36                __main
 .text.memcpy   0x00004b44        0x4 c:/nxp/mcuxpressoide_11.9.0_2144/ide/plugins/com.nxp.mcuxpresso.tools.win32_11.9.0.202307121226/tools/bin/../lib/gcc/arm-none-eabi/12.3.1/../../../../arm-none-eabi/lib/thumb/v8-m.main+fp/hard\libcr_c.a(memcpy.o)
                0x00004b44                memcpy
 .text.memset   0x00004b48        0x4 c:/nxp/mcuxpressoide_11.9.0_2144/ide/plugins/com.nxp.mcuxpresso.tools.win32_11.9.0.202307121226/tools/bin/../lib/gcc/arm-none-eabi/12.3.1/../../../../arm-none-eabi/lib/thumb/v8-m.main+fp/hard\libcr_c.a(memset.o)
                0x00004b48                memset
 .text.free     0x00004b4c       0x30 c:/nxp/mcuxpressoide_11.9.0_2144/ide/plugins/com.nxp.mcuxpresso.tools.win32_11.9.0.202307121226/tools/bin/../lib/gcc/arm-none-eabi/12.3.1/../../../../arm-none-eabi/lib/thumb/v8-m.main+fp/hard\libcr_c.a(alloc.o)
                0x00004b4c                free
 .text.setvbuf  0x00004b7c       0x3e c:/nxp/mcuxpressoide_11.9.0_2144/ide/plugins/com.nxp.mcuxpresso.tools.win32_11.9.0.202307121226/tools/bin/../lib/gcc/arm-none-eabi/12.3.1/../../../../arm-none-eabi/lib/thumb/v8-m.main+fp/hard\libcr_c.a(setvbuf.o)
                0x00004b7c                setvbuf
 .text.strlen   0x00004bba       0x4e c:/nxp/mcuxpressoide_11.9.0_2144/ide/plugins/com.nxp.mcuxpresso.tools.win32_11.9.0.202307121226/tools/bin/../lib/gcc/arm-none-eabi/12.3.1/../../../../arm-none-eabi/lib/thumb/v8-m.main+fp/hard\libcr_c.a(strlen.o)
                0x00004bba                strlen
 .text._deferredlazyseek
                0x00004c08       0x40 c:/nxp/mcuxpressoide_11.9.0_2144/ide/plugins/com.nxp.mcuxpresso.tools.win32_11.9.0.202307121226/tools/bin/../lib/gcc/arm-none-eabi/12.3.1/../../../../arm-none-eabi/lib/thumb/v8-m.main+fp/hard\libcr_c.a(_deferredlazyseek.o)
                0x00004c08                _deferredlazyseek
 .text._fdopen  0x00004c48       0x68 c:/nxp/mcuxpressoide_11.9.0_2144/ide/plugins/com.nxp.mcuxpresso.tools.win32_11.9.0.202307121226/tools/bin/../lib/gcc/arm-none-eabi/12.3.1/../../../../arm-none-eabi/lib/thumb/v8-m.main+fp/hard\libcr_c.a(_fdopen.o)
                0x00004c48                _fdopen
 .text._fflush  0x00004cb0       0x52 c:/nxp/mcuxpressoide_11.9.0_2144/ide/plugins/com.nxp.mcuxpresso.tools.win32_11.9.0.202307121226/tools/bin/../lib/gcc/arm-none-eabi/12.3.1/../../../../arm-none-eabi/lib/thumb/v8-m.main+fp/hard\libcr_c.a(_fflush.o)
                0x00004cb0                _fflush
 .text.fclose   0x00004d02       0x58 c:/nxp/mcuxpressoide_11.9.0_2144/ide/plugins/com.nxp.mcuxpresso.tools.win32_11.9.0.202307121226/tools/bin/../lib/gcc/arm-none-eabi/12.3.1/../../../../arm-none-eabi/lib/thumb/v8-m.main+fp/hard\libcr_c.a(fclose.o)
                0x00004d02                fclose
 .text.remove   0x00004d5a       0x14 c:/nxp/mcuxpressoide_11.9.0_2144/ide/plugins/com.nxp.mcuxpresso.tools.win32_11.9.0.202307121226/tools/bin/../lib/gcc/arm-none-eabi/12.3.1/../../../../arm-none-eabi/lib/thumb/v8-m.main+fp/hard\libcr_c.a(remove.o)
                0x00004d5a                remove
 .text._do_fflush
                0x00004d6e       0x40 c:/nxp/mcuxpressoide_11.9.0_2144/ide/plugins/com.nxp.mcuxpresso.tools.win32_11.9.0.202307121226/tools/bin/../lib/gcc/arm-none-eabi/12.3.1/../../../../arm-none-eabi/lib/thumb/v8-m.main+fp/hard\libcr_c.a(_do_fflush.o)
                0x00004d6e                _do_fflush
 .text.__aeabi_division_uldivmod
                0x00004dae      0x174 c:/nxp/mcuxpressoide_11.9.0_2144/ide/plugins/com.nxp.mcuxpresso.tools.win32_11.9.0.202307121226/tools/bin/../lib/gcc/arm-none-eabi/12.3.1/thumb/v8-m.main+fp/hard\libcr_eabihelpers.a(division_64.o)
                0x00004dae                __aeabi_uldivmod
                0x00004db2                __bhs_ldivmod1
 .text.__aeabi_division_idiv0
                0x00004f22        0x2 c:/nxp/mcuxpressoide_11.9.0_2144/ide/plugins/com.nxp.mcuxpresso.tools.win32_11.9.0.202307121226/tools/bin/../lib/gcc/arm-none-eabi/12.3.1/thumb/v8-m.main+fp/hard\libcr_eabihelpers.a(division_idiv0.o)
                0x00004f22                __aeabi_idiv0
 .text.__aeabi_f2ulz
                0x00004f24       0x3e c:/nxp/mcuxpressoide_11.9.0_2144/ide/plugins/com.nxp.mcuxpresso.tools.win32_11.9.0.202307121226/tools/bin/../lib/gcc/arm-none-eabi/12.3.1/thumb/v8-m.main+fp/hard\libcr_eabihelpers.a(float.o)
                0x00004f24                __aeabi_f2ulz
 .text.__aeabi_memcpy
                0x00004f62       0x34 c:/nxp/mcuxpressoide_11.9.0_2144/ide/plugins/com.nxp.mcuxpresso.tools.win32_11.9.0.202307121226/tools/bin/../lib/gcc/arm-none-eabi/12.3.1/thumb/v8-m.main+fp/hard\libcr_eabihelpers.a(memcpy.o)
                0x00004f62                __aeabi_memcpy
                0x00004f6c                __aeabi_memcpy8
                0x00004f6c                __aeabi_memcpy4
 .text.__aeabi_memset_lowlevel
                0x00004f96       0x32 c:/nxp/mcuxpressoide_11.9.0_2144/ide/plugins/com.nxp.mcuxpresso.tools.win32_11.9.0.202307121226/tools/bin/../lib/gcc/arm-none-eabi/12.3.1/thumb/v8-m.main+fp/hard\libcr_eabihelpers.a(memcpy.o)
                0x00004f96                __aeabi_lowlevel_memset
 .text.__sys_close
                0x00004fc8        0x6 c:/nxp/mcuxpressoide_11.9.0_2144/ide/plugins/com.nxp.mcuxpresso.tools.win32_11.9.0.202307121226/tools/bin/../lib/gcc/arm-none-eabi/12.3.1/../../../../arm-none-eabi/lib/thumb/v8-m.main+fp/hard\libcr_nohost_nf.a(__sys_close.o)
                0x00004fc8                __sys_close
 .text.__sys_flen
                0x00004fce        0x6 c:/nxp/mcuxpressoide_11.9.0_2144/ide/plugins/com.nxp.mcuxpresso.tools.win32_11.9.0.202307121226/tools/bin/../lib/gcc/arm-none-eabi/12.3.1/../../../../arm-none-eabi/lib/thumb/v8-m.main+fp/hard\libcr_nohost_nf.a(__sys_flen.o)
                0x00004fce                __sys_flen
 .text.__sys_istty
                0x00004fd4        0x6 c:/nxp/mcuxpressoide_11.9.0_2144/ide/plugins/com.nxp.mcuxpresso.tools.win32_11.9.0.202307121226/tools/bin/../lib/gcc/arm-none-eabi/12.3.1/../../../../arm-none-eabi/lib/thumb/v8-m.main+fp/hard\libcr_nohost_nf.a(__sys_istty.o)
                0x00004fd4                __sys_istty
 .text.__sys_remove
                0x00004fda        0x6 c:/nxp/mcuxpressoide_11.9.0_2144/ide/plugins/com.nxp.mcuxpresso.tools.win32_11.9.0.202307121226/tools/bin/../lib/gcc/arm-none-eabi/12.3.1/../../../../arm-none-eabi/lib/thumb/v8-m.main+fp/hard\libcr_nohost_nf.a(__sys_remove.o)
                0x00004fda                __sys_remove
 .text.__sys_seek
                0x00004fe0        0x6 c:/nxp/mcuxpressoide_11.9.0_2144/ide/plugins/com.nxp.mcuxpresso.tools.win32_11.9.0.202307121226/tools/bin/../lib/gcc/arm-none-eabi/12.3.1/../../../../arm-none-eabi/lib/thumb/v8-m.main+fp/hard\libcr_nohost_nf.a(__sys_seek.o)
                0x00004fe0                __sys_seek
 .text.__sys_tmpnam
                0x00004fe6        0x6 c:/nxp/mcuxpressoide_11.9.0_2144/ide/plugins/com.nxp.mcuxpresso.tools.win32_11.9.0.202307121226/tools/bin/../lib/gcc/arm-none-eabi/12.3.1/../../../../arm-none-eabi/lib/thumb/v8-m.main+fp/hard\libcr_nohost_nf.a(__sys_tmpnam.o)
                0x00004fe6                __sys_tmpnam
 .text.__sys_write
                0x00004fec        0x4 c:/nxp/mcuxpressoide_11.9.0_2144/ide/plugins/com.nxp.mcuxpresso.tools.win32_11.9.0.202307121226/tools/bin/../lib/gcc/arm-none-eabi/12.3.1/../../../../arm-none-eabi/lib/thumb/v8-m.main+fp/hard\libcr_nohost_nf.a(__sys_write.o)
                0x00004fec                __sys_write
 *(SORT_BY_ALIGNMENT(.rodata) SORT_BY_ALIGNMENT(.rodata.*) SORT_BY_ALIGNMENT(.constdata) SORT_BY_ALIGNMENT(.constdata.*))
 .rodata.__assertion_failed.str1.4
                0x00004ff0       0x14 ./utilities/fsl_assert.o
 .rodata.main.str1.4
                0x00005004       0x12 ./source/MotorControlOverSPI.o
 *fill*         0x00005016        0x2 ff
 .rodata.GPIO00_IRQHandler.str1.4
                0x00005018       0x15 ./onsemi/Source/onsemi_hardware.o
 *fill*         0x0000502d        0x3 ff
 .rodata.s_ctimerBases
                0x00005030       0x14 ./drivers/fsl_ctimer.o
 .rodata.s_ctimerClocks
                0x00005044        0xa ./drivers/fsl_ctimer.o
 *fill*         0x0000504e        0x2 ff
 .rodata.s_ctimerResets
                0x00005050       0x14 ./drivers/fsl_ctimer.o
 .rodata.s_ctimerIRQ
                0x00005064        0xa ./drivers/fsl_ctimer.o
 *fill*         0x0000506e        0x2 ff
 .rodata.CTIMER_GetInstance.str1.4
                0x00005070       0x2e ./drivers/fsl_ctimer.o
 *fill*         0x0000509e        0x2 ff
 .rodata.CTIMER_Init.str1.4
                0x000050a0       0x22 ./drivers/fsl_ctimer.o
 *fill*         0x000050c2        0x2 ff
 .rodata.GPIO_PinInit.str1.4
                0x000050c4       0x20 ./drivers/fsl_gpio.o
 .rodata.GPIO_GpioGetInterruptChannelFlags.str1.4
                0x000050e4       0x1e ./drivers/fsl_gpio.o
 *fill*         0x00005102        0x2 ff
 .rodata.GPIO_GpioClearInterruptChannelFlags.str1.4
                0x00005104       0x1e ./drivers/fsl_gpio.o
 *fill*         0x00005122        0x2 ff
 .rodata.s_lpflexcommBaseAddrs
                0x00005124       0x28 ./drivers/fsl_lpflexcomm.o
 .rodata.s_lpflexcommBase
                0x0000514c       0x28 ./drivers/fsl_lpflexcomm.o
 .rodata.s_lpflexcommClocks
                0x00005174       0x14 ./drivers/fsl_lpflexcomm.o
 .rodata.s_lpflexcommResets
                0x00005188       0x28 ./drivers/fsl_lpflexcomm.o
 .rodata.LP_FLEXCOMM_SetPeriph.str1.4
                0x000051b0       0x43 ./drivers/fsl_lpflexcomm.o
 *fill*         0x000051f3        0x1 ff
 .rodata.LP_FLEXCOMM_Init.str1.4
                0x000051f4       0x49 ./drivers/fsl_lpflexcomm.o
 *fill*         0x0000523d        0x3 ff
 .rodata.s_baudratePrescaler
                0x00005240        0x8 ./drivers/fsl_lpspi.o
 .rodata.s_lpspiBases
                0x00005248       0x28 ./drivers/fsl_lpspi.o
 .rodata.s_lpspiClocks
                0x00005270       0x14 ./drivers/fsl_lpspi.o
 .rodata.LPSPI_GetInstance.str1.4
                0x00005284       0x36 ./drivers/fsl_lpspi.o
 *fill*         0x000052ba        0x2 ff
 .rodata.LPSPI_MasterInit.str1.4
                0x000052bc       0x40 ./drivers/fsl_lpspi.o
 .rodata.LPSPI_MasterSetBaudRate.str1.4
                0x000052fc       0x2b ./drivers/fsl_lpspi.o
 *fill*         0x00005327        0x1 ff
 .rodata.LPSPI_MasterSetDelayScaler.str1.4
                0x00005328       0x18 ./drivers/fsl_lpspi.o
 .rodata.LPSPI_CheckTransferArgument.str1.4
                0x00005340       0x23 ./drivers/fsl_lpspi.o
 *fill*         0x00005363        0x1 ff
 .rodata.LPSPI_MasterTransferBlocking.str1.4
                0x00005364       0x23 ./drivers/fsl_lpspi.o
 *fill*         0x00005387        0x1 ff
 .rodata.LPSPI_CombineWriteData.str1.4
                0x00005388       0x3d ./drivers/fsl_lpspi.o
 *fill*         0x000053c5        0x3 ff
 .rodata.LPSPI_SeparateReadData.str1.4
                0x000053c8       0x3d ./drivers/fsl_lpspi.o
 *fill*         0x00005405        0x3 ff
 .rodata.s_lpuartBases
                0x00005408       0x28 ./drivers/fsl_lpuart.o
 .rodata.LPUART_GetInstance.str1.4
                0x00005430       0x38 ./drivers/fsl_lpuart.o
 .rodata.LPUART_Init.str1.4
                0x00005468      0x10a ./drivers/fsl_lpuart.o
 *fill*         0x00005572        0x2 ff
 .rodata.LPUART_GetDefaultConfig.str1.4
                0x00005574       0x22 ./drivers/fsl_lpuart.o
 *fill*         0x00005596        0x2 ff
 .rodata.LPUART_WriteBlocking.str1.4
                0x00005598       0x21 ./drivers/fsl_lpuart.o
 *fill*         0x000055b9        0x3 ff
 .rodata.RESET_SetPeripheralReset.str1.4
                0x000055bc       0x1e ./drivers/fsl_reset.o
 *fill*         0x000055da        0x2 ff
 .rodata.RESET_ClearPeripheralReset.str1.4
                0x000055dc       0x1e ./drivers/fsl_reset.o
 *fill*         0x000055fa        0x2 ff
 .rodata.SPC_SetSRAMOperateVoltage.str1.4
                0x000055fc       0x1f ./drivers/fsl_spc.o
 *fill*         0x0000561b        0x1 ff
 .rodata.SPC_SetActiveModeCoreLDORegulatorConfig.str1.4
                0x0000561c       0x1f ./drivers/fsl_spc.o
 *fill*         0x0000563b        0x1 ff
 .rodata.SPC_SetActiveModeDCDCRegulatorConfig.str1.4
                0x0000563c       0x20 ./drivers/fsl_spc.o
 .rodata.s_LpuartAdapterBase
                0x0000565c       0x28 ./component/uart/fsl_adapter_lpuart.o
 .rodata.HAL_UartInit.str1.4
                0x00005684      0x116 ./component/uart/fsl_adapter_lpuart.o
 *fill*         0x0000579a        0x2 ff
 .rodata.HAL_UartSendBlocking.str1.4
                0x0000579c       0x7b ./component/uart/fsl_adapter_lpuart.o
 *fill*         0x00005817        0x1 ff
 .rodata        0x00005818        0xa ./board/clock_config.o
 *fill*         0x00005822        0x2 ff
 .rodata.TimeBase_config
                0x00005824        0x8 ./board/peripherals.o
                0x00005824                TimeBase_config
 .rodata.TimeBase_Match_0_config
                0x0000582c        0xc ./board/peripherals.o
                0x0000582c                TimeBase_Match_0_config
 .rodata.NCN_SPI_config
                0x00005838       0x20 ./board/peripherals.o
                0x00005838                NCN_SPI_config
 .rodata.PORT_SetPinConfig.str1.4
                0x00005858       0x87 ./board/pin_mux.o
 *fill*         0x000058df        0x1 ff
 .rodata.GPIO_SetPinInterruptConfig.str1.4
                0x000058e0       0x85 ./board/pin_mux.o
 *fill*         0x00005965        0x3 ff
 .rodata        0x00005968        0x2 ./board/pin_mux.o
 *fill*         0x0000596a        0x2 ff
 .rodata.__num_Ciob_streams
                0x0000596c        0x4 c:/nxp/mcuxpressoide_11.9.0_2144/ide/plugins/com.nxp.mcuxpresso.tools.win32_11.9.0.202307121226/tools/bin/../lib/gcc/arm-none-eabi/12.3.1/../../../../arm-none-eabi/lib/thumb/v8-m.main+fp/hard\libcr_nohost_nf.a(__ciob.o)
                0x0000596c                __num_Ciob_streams
 .rodata._initio.str1.1
                0x00005970        0x4 c:/nxp/mcuxpressoide_11.9.0_2144/ide/plugins/com.nxp.mcuxpresso.tools.win32_11.9.0.202307121226/tools/bin/../lib/gcc/arm-none-eabi/12.3.1/../../../../arm-none-eabi/lib/thumb/v8-m.main+fp/hard\libcr_c.a(initio.o)
                0x00005974                        . = ALIGN (0x4)

.glue_7         0x00005974        0x0
 .glue_7        0x00005974        0x0 linker stubs

.glue_7t        0x00005974        0x0
 .glue_7t       0x00005974        0x0 linker stubs

.vfp11_veneer   0x00005974        0x0
 .vfp11_veneer  0x00005974        0x0 linker stubs

.v4_bx          0x00005974        0x0
 .v4_bx         0x00005974        0x0 linker stubs

.iplt           0x00005974        0x0
 .iplt          0x00005974        0x0 ./utilities/fsl_assert.o

.rel.dyn        0x00005974        0x0
 .rel.iplt      0x00005974        0x0 ./utilities/fsl_assert.o

.ARM.extab
 *(SORT_BY_ALIGNMENT(.ARM.extab*) SORT_BY_ALIGNMENT(.gnu.linkonce.armextab.*))

.ARM.exidx      0x00005974        0x0
                0x00005974                        __exidx_start = .
 *(SORT_BY_ALIGNMENT(.ARM.exidx*) SORT_BY_ALIGNMENT(.gnu.linkonce.armexidx.*))
                0x00005974                        __exidx_end = .
                0x00005974                        _etext = .

.m_usb_data
 *(SORT_BY_ALIGNMENT(m_usb_bdt))
 *(SORT_BY_ALIGNMENT(m_usb_global))

.data_RAM2      0x04000000        0x0 load address 0x00005974
 FILL mask 0xff
                [!provide]                        PROVIDE (__start_data_RAM2 = .)
                [!provide]                        PROVIDE (__start_data_SRAMX = .)
 *(SORT_BY_ALIGNMENT(.ramfunc.$RAM2))
 *(SORT_BY_ALIGNMENT(.ramfunc.$SRAMX))
 *(SORT_BY_ALIGNMENT(.data.$RAM2))
 *(SORT_BY_ALIGNMENT(.data.$SRAMX))
 *(SORT_BY_ALIGNMENT(.data.$RAM2.*))
 *(SORT_BY_ALIGNMENT(.data.$SRAMX.*))
                0x04000000                        . = ALIGN (0x4)
                [!provide]                        PROVIDE (__end_data_RAM2 = .)
                [!provide]                        PROVIDE (__end_data_SRAMX = .)

.data_RAM3      0x20060000        0x0 load address 0x00005974
 FILL mask 0xff
                [!provide]                        PROVIDE (__start_data_RAM3 = .)
                [!provide]                        PROVIDE (__start_data_SRAMH = .)
 *(SORT_BY_ALIGNMENT(.ramfunc.$RAM3))
 *(SORT_BY_ALIGNMENT(.ramfunc.$SRAMH))
 *(SORT_BY_ALIGNMENT(.data.$RAM3))
 *(SORT_BY_ALIGNMENT(.data.$SRAMH))
 *(SORT_BY_ALIGNMENT(.data.$RAM3.*))
 *(SORT_BY_ALIGNMENT(.data.$SRAMH.*))
                0x20060000                        . = ALIGN (0x4)
                [!provide]                        PROVIDE (__end_data_RAM3 = .)
                [!provide]                        PROVIDE (__end_data_SRAMH = .)

.data_RAM4      0x400ba000        0x0 load address 0x00005974
 FILL mask 0xff
                [!provide]                        PROVIDE (__start_data_RAM4 = .)
                [!provide]                        PROVIDE (__start_data_USB_RAM = .)
 *(SORT_BY_ALIGNMENT(.ramfunc.$RAM4))
 *(SORT_BY_ALIGNMENT(.ramfunc.$USB_RAM))
 *(SORT_BY_ALIGNMENT(.data.$RAM4))
 *(SORT_BY_ALIGNMENT(.data.$USB_RAM))
 *(SORT_BY_ALIGNMENT(.data.$RAM4.*))
 *(SORT_BY_ALIGNMENT(.data.$USB_RAM.*))
                0x400ba000                        . = ALIGN (0x4)
                [!provide]                        PROVIDE (__end_data_RAM4 = .)
                [!provide]                        PROVIDE (__end_data_USB_RAM = .)

.uninit_RESERVED
                0x20000000        0x0
                0x20000000                        _start_uninit_RESERVED = .
 *(SORT_BY_ALIGNMENT(.bss.$RESERVED*))
                0x20000000                        . = ALIGN (0x4)
                0x20000000                        _end_uninit_RESERVED = .

.data           0x20000000       0x20 load address 0x00005974
 FILL mask 0xff
                0x20000000                        _data = .
                [!provide]                        PROVIDE (__start_data_RAM = .)
                [!provide]                        PROVIDE (__start_data_SRAM = .)
 *(SORT_BY_ALIGNMENT(vtable))
 *(SORT_BY_ALIGNMENT(.ramfunc*))
 *(SORT_BY_ALIGNMENT(CodeQuickAccess))
 *(SORT_BY_ALIGNMENT(DataQuickAccess))
 *(SORT_BY_ALIGNMENT(RamFunction))
 *(SORT_BY_ALIGNMENT(.data*))
 .data.pcs_pin  0x20000000        0xc ./onsemi/Source/onsemi_hardware.o
                0x20000000                pcs_pin
 .data.g_uwtick
                0x2000000c        0x4 ./onsemi/Source/onsemi_hardware.o
                0x2000000c                g_uwtick
 .data.s_Ext_Clk_Freq
                0x20000010        0x4 ./drivers/fsl_clock.o
 .data.s_Xtal32_Freq
                0x20000014        0x4 ./drivers/fsl_clock.o
 .data.SystemCoreClock
                0x20000018        0x4 ./device/system_MCXN947_cm33_core0.o
                0x20000018                SystemCoreClock
 .data.TimeBase_callback
                0x2000001c        0x4 ./board/peripherals.o
                0x2000001c                TimeBase_callback
                0x20000020                        . = ALIGN (0x4)
                0x20000020                        _edata = .
                [!provide]                        PROVIDE (__end_data_RAM = .)
                [!provide]                        PROVIDE (__end_data_SRAM = .)

.igot.plt       0x20000020        0x0 load address 0x00005994
 .igot.plt      0x20000020        0x0 ./utilities/fsl_assert.o

.bss_RAM2       0x04000000        0x0
                [!provide]                        PROVIDE (__start_bss_RAM2 = .)
                [!provide]                        PROVIDE (__start_bss_SRAMX = .)
 *(SORT_BY_ALIGNMENT(.bss.$RAM2))
 *(SORT_BY_ALIGNMENT(.bss.$SRAMX))
 *(SORT_BY_ALIGNMENT(.bss.$RAM2.*))
 *(SORT_BY_ALIGNMENT(.bss.$SRAMX.*))
                0x04000000                        . = ALIGN ((. != 0x0)?0x4:0x1)
                [!provide]                        PROVIDE (__end_bss_RAM2 = .)
                [!provide]                        PROVIDE (__end_bss_SRAMX = .)

.bss_RAM3       0x20060000        0x0
                [!provide]                        PROVIDE (__start_bss_RAM3 = .)
                [!provide]                        PROVIDE (__start_bss_SRAMH = .)
 *(SORT_BY_ALIGNMENT(.bss.$RAM3))
 *(SORT_BY_ALIGNMENT(.bss.$SRAMH))
 *(SORT_BY_ALIGNMENT(.bss.$RAM3.*))
 *(SORT_BY_ALIGNMENT(.bss.$SRAMH.*))
                0x20060000                        . = ALIGN ((. != 0x0)?0x4:0x1)
                [!provide]                        PROVIDE (__end_bss_RAM3 = .)
                [!provide]                        PROVIDE (__end_bss_SRAMH = .)

.bss_RAM4       0x400ba000        0x0
                [!provide]                        PROVIDE (__start_bss_RAM4 = .)
                [!provide]                        PROVIDE (__start_bss_USB_RAM = .)
 *(SORT_BY_ALIGNMENT(.bss.$RAM4))
 *(SORT_BY_ALIGNMENT(.bss.$USB_RAM))
 *(SORT_BY_ALIGNMENT(.bss.$RAM4.*))
 *(SORT_BY_ALIGNMENT(.bss.$USB_RAM.*))
                0x400ba000                        . = ALIGN ((. != 0x0)?0x4:0x1)
                [!provide]                        PROVIDE (__end_bss_RAM4 = .)
                [!provide]                        PROVIDE (__end_bss_USB_RAM = .)

.bss            0x20000020      0x270
                0x20000020                        _bss = .
                [!provide]                        PROVIDE (__start_bss_RAM = .)
                [!provide]                        PROVIDE (__start_bss_SRAM = .)
 *(SORT_BY_ALIGNMENT(.bss*))
 .bss.s_debugConsoleState
                0x20000020       0x20 ./utilities/fsl_debug_console.o
 .bss.g_serialHandle
                0x20000040        0x4 ./utilities/fsl_debug_console.o
                0x20000040                g_serialHandle
 .bss.tx_buffer
                0x20000044        0xc ./source/MotorControlOverSPI.o
                0x20000044                tx_buffer
 .bss.rx_buffer
                0x20000050        0xc ./source/MotorControlOverSPI.o
                0x20000050                rx_buffer
 .bss.transferInfo
                0x2000005c       0x10 ./onsemi/Source/onsemi_hardware.o
                0x2000005c                transferInfo
 .bss.s_ctimerCallback
                0x2000006c       0x14 ./drivers/fsl_ctimer.o
 .bss.ctimerCallbackType
                0x20000080        0x5 ./drivers/fsl_ctimer.o
 *fill*         0x20000085        0x3 
 .bss.s_lpflexcommIrqHandler
                0x20000088       0xa0 ./drivers/fsl_lpflexcomm.o
 .bss.s_lpflexcommHandle
                0x20000128       0xa0 ./drivers/fsl_lpflexcomm.o
 .bss.g_lpspiDummyData
                0x200001c8        0xa ./drivers/fsl_lpspi.o
                0x200001c8                g_lpspiDummyData
 *fill*         0x200001d2        0x2 
 .bss.errno     0x200001d4        0x4 c:/nxp/mcuxpressoide_11.9.0_2144/ide/plugins/com.nxp.mcuxpresso.tools.win32_11.9.0.202307121226/tools/bin/../lib/gcc/arm-none-eabi/12.3.1/../../../../arm-none-eabi/lib/thumb/v8-m.main+fp/hard\libcr_c.a(errno.o)
                0x200001d4                errno
 .bss.__Ciob    0x200001d8       0xb4 c:/nxp/mcuxpressoide_11.9.0_2144/ide/plugins/com.nxp.mcuxpresso.tools.win32_11.9.0.202307121226/tools/bin/../lib/gcc/arm-none-eabi/12.3.1/../../../../arm-none-eabi/lib/thumb/v8-m.main+fp/hard\libcr_nohost_nf.a(__ciob.o)
                0x200001d8                __Ciob
 .bss.s_debugConsoleReadWaitSemaphore
                0x2000028c        0x1 ./utilities/fsl_debug_console.o
 *(SORT_BY_ALIGNMENT(COMMON))
                0x20000290                        . = ALIGN (0x4)
 *fill*         0x2000028d        0x3 
                0x20000290                        _ebss = .
                [!provide]                        PROVIDE (__end_bss_RAM = .)
                [!provide]                        PROVIDE (__end_bss_SRAM = .)
                [!provide]                        PROVIDE (end = .)

.noinit_RAM2    0x04000000        0x0
                [!provide]                        PROVIDE (__start_noinit_RAM2 = .)
                [!provide]                        PROVIDE (__start_noinit_SRAMX = .)
 *(SORT_BY_ALIGNMENT(.noinit.$RAM2))
 *(SORT_BY_ALIGNMENT(.noinit.$SRAMX))
 *(SORT_BY_ALIGNMENT(.noinit.$RAM2.*))
 *(SORT_BY_ALIGNMENT(.noinit.$SRAMX.*))
                0x04000000                        . = ALIGN (0x4)
                [!provide]                        PROVIDE (__end_noinit_RAM2 = .)
                [!provide]                        PROVIDE (__end_noinit_SRAMX = .)

.noinit_RAM3    0x20060000        0x0
                [!provide]                        PROVIDE (__start_noinit_RAM3 = .)
                [!provide]                        PROVIDE (__start_noinit_SRAMH = .)
 *(SORT_BY_ALIGNMENT(.noinit.$RAM3))
 *(SORT_BY_ALIGNMENT(.noinit.$SRAMH))
 *(SORT_BY_ALIGNMENT(.noinit.$RAM3.*))
 *(SORT_BY_ALIGNMENT(.noinit.$SRAMH.*))
                0x20060000                        . = ALIGN (0x4)
                [!provide]                        PROVIDE (__end_noinit_RAM3 = .)
                [!provide]                        PROVIDE (__end_noinit_SRAMH = .)

.noinit_RAM4    0x400ba000        0x0
                [!provide]                        PROVIDE (__start_noinit_RAM4 = .)
                [!provide]                        PROVIDE (__start_noinit_USB_RAM = .)
 *(SORT_BY_ALIGNMENT(.noinit.$RAM4))
 *(SORT_BY_ALIGNMENT(.noinit.$USB_RAM))
 *(SORT_BY_ALIGNMENT(.noinit.$RAM4.*))
 *(SORT_BY_ALIGNMENT(.noinit.$USB_RAM.*))
                0x400ba000                        . = ALIGN (0x4)
                [!provide]                        PROVIDE (__end_noinit_RAM4 = .)
                [!provide]                        PROVIDE (__end_noinit_USB_RAM = .)

.noinit         0x20000290        0x0
                0x20000290                        _noinit = .
                [!provide]                        PROVIDE (__start_noinit_RAM = .)
                [!provide]                        PROVIDE (__start_noinit_SRAM = .)
 *(SORT_BY_ALIGNMENT(.noinit*))
                0x20000290                        . = ALIGN (0x4)
                0x20000290                        _end_noinit = .
                [!provide]                        PROVIDE (__end_noinit_RAM = .)
                [!provide]                        PROVIDE (__end_noinit_SRAM = .)
                0x00001000                        _HeapSize = 0x1000

.heap           0x20000290     0x1000
                0x20000290                        _pvHeapStart = .
                0x20001290                        . = (. + _HeapSize)
 *fill*         0x20000290     0x1000 
                0x20001290                        . = ALIGN (0x4)
                0x20001290                        _pvHeapLimit = .
                0x00001000                        _StackSize = 0x1000

.heap2stackfill
                0x20001290     0x1000
                0x20002290                        . = (. + _StackSize)
 *fill*         0x20001290     0x1000 

.stack          0x2005f000        0x0
                0x2005f000                        _vStackBase = .
                0x2005f000                        . = ALIGN (0x4)
                0x20060000                        _vStackTop = (. + _StackSize)
                0x00000000                        _image_start = LOADADDR (.text)
                0x00005994                        _image_end = (LOADADDR (.data) + SIZEOF (.data))
                0x00005994                        _image_size = (_image_end - _image_start)
OUTPUT(MotorControlOverSPI.axf elf32-littlearm)
LOAD linker stubs

.debug_info     0x00000000    0x26819
 .debug_info    0x00000000       0xcc ./utilities/fsl_assert.o
 .debug_info    0x000000cc      0xe25 ./utilities/fsl_debug_console.o
 .debug_info    0x00000ef1      0xb80 ./utilities/fsl_str.o
 .debug_info    0x00001a71     0x14af ./startup/startup_mcxn947_cm33_core0.o
 .debug_info    0x00002f20      0x4af ./source/MotorControlOverSPI.o
 .debug_info    0x000033cf       0x3c ./source/semihost_hardfault.o
 .debug_info    0x0000340b      0xbc9 ./onsemi/Source/onsemi_hardware.o
 .debug_info    0x00003fd4     0x539b ./drivers/fsl_clock.o
 .debug_info    0x0000936f     0x2be7 ./drivers/fsl_ctimer.o
 .debug_info    0x0000bf56      0x555 ./drivers/fsl_gpio.o
 .debug_info    0x0000c4ab     0x2522 ./drivers/fsl_lpflexcomm.o
 .debug_info    0x0000e9cd     0x3be1 ./drivers/fsl_lpspi.o
 .debug_info    0x000125ae     0x235a ./drivers/fsl_lpuart.o
 .debug_info    0x00014908     0x14c6 ./drivers/fsl_reset.o
 .debug_info    0x00015dce     0x1b11 ./drivers/fsl_spc.o
 .debug_info    0x000178df     0x1851 ./device/system_MCXN947_cm33_core0.o
 .debug_info    0x00019130      0xe45 ./component/uart/fsl_adapter_lpuart.o
 .debug_info    0x00019f75      0xd99 ./component/serial_manager/fsl_component_serial_manager.o
 .debug_info    0x0001ad0e      0x551 ./component/serial_manager/fsl_component_serial_port_uart.o
 .debug_info    0x0001b25f     0x1342 ./board/board.o
 .debug_info    0x0001c5a1     0x2a33 ./board/clock_config.o
 .debug_info    0x0001efd4     0x1623 ./board/peripherals.o
 .debug_info    0x000205f7     0x1daf ./board/pin_mux.o