../drivers/fsl_clock.h:1839:22:CLOCK_IsPLL0Locked	4	static
../drivers/fsl_clock.h:1847:22:CLOCK_IsPLL1Locked	4	static
../drivers/fsl_clock.c:145:10:CLOCK_SetupFROHFClocking	16	static
../drivers/fsl_clock.c:179:10:CLOCK_SetupExtClocking	24	static
../drivers/fsl_clock.c:253:10:CLOCK_SetupExtRefClocking	24	static
../drivers/fsl_clock.c:330:10:CLOCK_SetupOsc32KClocking	16	static
../drivers/fsl_clock.c:372:10:CLOCK_SetupClk16KClocking	16	static
../drivers/fsl_clock.c:390:10:CLOCK_FROHFTrimConfig	16	static
../drivers/fsl_clock.c:415:10:CLOCK_FRO12MTrimConfig	16	static
../drivers/fsl_clock.c:444:6:CLOCK_SetSysOscMonitorMode	24	static
../drivers/fsl_clock.c:463:6:CLOCK_SetRoscMonitorMode	24	static
../drivers/fsl_clock.c:482:6:CLOCK_SetUpllMonitorMode	24	static
../drivers/fsl_clock.c:501:6:CLOCK_SetPll0MonitorMode	24	static
../drivers/fsl_clock.c:520:6:CLOCK_SetPll1MonitorMode	24	static
../drivers/fsl_clock.c:538:10:CLOCK_SetFLASHAccessCyclesForFreq	24	static
../drivers/fsl_clock.c:616:6:VBAT_SetOscConfig	24	static
../drivers/fsl_clock.c:661:6:CLOCK_AttachClk	40	static
../drivers/fsl_clock.c:710:19:CLOCK_GetClockAttachId	48	static
../drivers/fsl_clock.c:759:6:CLOCK_SetClkDiv	24	static
../drivers/fsl_clock.c:783:10:CLOCK_GetClkDiv	24	static
../drivers/fsl_clock.c:808:6:CLOCK_HaltClkDiv	24	static
../drivers/fsl_clock.c:826:6:CLOCK_SetupClockCtrl	16	static
../drivers/fsl_clock.c:837:10:CLOCK_GetFreq	24	static
../drivers/fsl_clock.c:926:10:CLOCK_GetCTimerClkFreq	24	static
../drivers/fsl_clock.c:980:10:CLOCK_GetAdcClkFreq	24	static
../drivers/fsl_clock.c:1020:10:CLOCK_GetUsb0ClkFreq	16	static
../drivers/fsl_clock.c:1057:10:CLOCK_GetLPFlexCommClkFreq	24	static
../drivers/fsl_clock.c:1093:10:CLOCK_GetSctClkFreq	16	static
../drivers/fsl_clock.c:1132:10:CLOCK_GetTsiClkFreq	16	static
../drivers/fsl_clock.c:1156:10:CLOCK_GetSincFilterClkFreq	16	static
../drivers/fsl_clock.c:1191:10:CLOCK_GetDacClkFreq	24	static
../drivers/fsl_clock.c:1224:10:CLOCK_GetFlexspiClkFreq	16	static
../drivers/fsl_clock.c:1253:10:CLOCK_GetPll0OutFreq	32	static
../drivers/fsl_clock.c:1281:10:CLOCK_GetPll1OutFreq	32	static
../drivers/fsl_clock.c:1309:10:CLOCK_GetPllClkDivFreq	16	static
../drivers/fsl_clock.c:1336:10:CLOCK_GetExtUpllFreq	4	static
../drivers/fsl_clock.c:1350:6:CLOCK_SetExtUpllFreq	16	static
../drivers/fsl_clock.c:1359:10:CLOCK_GetI3cClkFreq	24	static
../drivers/fsl_clock.c:1395:10:CLOCK_GetI3cSTCClkFreq	24	static
../drivers/fsl_clock.c:1442:10:CLOCK_GetI3cSClkFreq	24	static
../drivers/fsl_clock.c:1467:10:CLOCK_GetMicfilClkFreq	16	static
../drivers/fsl_clock.c:1508:10:CLOCK_GetUsdhcClkFreq	16	static
../drivers/fsl_clock.c:1543:10:CLOCK_GetFlexioClkFreq	16	static
../drivers/fsl_clock.c:1578:10:CLOCK_GetFlexcanClkFreq	24	static
../drivers/fsl_clock.c:1614:10:CLOCK_GetEnetRmiiClkFreq	16	static
../drivers/fsl_clock.c:1641:10:CLOCK_GetEnetPtpRefClkFreq	16	static
../drivers/fsl_clock.c:1671:6:CLOCK_SetupEnetTxClk	16	static
../drivers/fsl_clock.c:1682:10:CLOCK_GetEnetTxClkFreq	4	static
../drivers/fsl_clock.c:1691:10:CLOCK_GetEwm0ClkFreq	16	static
../drivers/fsl_clock.c:1715:10:CLOCK_GetWdtClkFreq	24	static
../drivers/fsl_clock.c:1753:10:CLOCK_GetOstimerClkFreq	16	static
../drivers/fsl_clock.c:1780:10:CLOCK_GetCmpFClkFreq	24	static
../drivers/fsl_clock.c:1820:10:CLOCK_GetCmpRRClkFreq	24	static
../drivers/fsl_clock.c:1860:10:CLOCK_GetSaiClkFreq	24	static
../drivers/fsl_clock.c:1896:6:CLOCK_SetupSaiMclk	16	static
../drivers/fsl_clock.c:1907:6:CLOCK_SetupSaiTxBclk	16	static
../drivers/fsl_clock.c:1918:6:CLOCK_SetupSaiRxBclk	16	static
../drivers/fsl_clock.c:1929:10:CLOCK_GetSaiMclkFreq	16	static
../drivers/fsl_clock.c:1938:10:CLOCK_GetSaiTxBclkFreq	16	static
../drivers/fsl_clock.c:1947:10:CLOCK_GetSaiRxBclkFreq	16	static
../drivers/fsl_clock.c:1956:10:CLOCK_GetEmvsimClkFreq	24	static
../drivers/fsl_clock.c:1993:10:CLOCK_GetPLL0InClockRate	16	static
../drivers/fsl_clock.c:2017:10:CLOCK_GetPLL1InClockRate	16	static
../drivers/fsl_clock.c:2045:10:CLOCK_GetPLLOutFromSetup	40	static
../drivers/fsl_clock.c:2073:13:CLOCK_SetupPLLData	24	static
../drivers/fsl_clock.c:2124:13:CLOCK_SetPLL0Freq	40	static
../drivers/fsl_clock.c:2182:13:CLOCK_SetPLL1Freq	40	static
../drivers/fsl_clock.c:2232:6:CLOCK_EnableOstimer32kClock	4	static
../drivers/fsl_clock.c:2241:17:CLOCK_GetFro12MFreq	4	static
../drivers/fsl_clock.c:2250:17:CLOCK_GetClk1MFreq	4	static
../drivers/fsl_clock.c:2259:17:CLOCK_GetFroHfFreq	16	static
../drivers/fsl_clock.c:2283:17:CLOCK_GetClk48MFreq	4	static
../drivers/fsl_clock.c:2292:17:CLOCK_GetClk144MFreq	4	static
../drivers/fsl_clock.c:2301:17:CLOCK_GetClk16KFreq	16	static
../drivers/fsl_clock.c:2312:17:CLOCK_GetExtClkFreq	4	static
../drivers/fsl_clock.c:2321:17:CLOCK_GetOsc32KFreq	16	static
../drivers/fsl_clock.c:2332:10:CLOCK_GetMainClkFreq	16	static
../drivers/fsl_clock.c:2371:10:CLOCK_GetCoreSysClkFreq	16	static
../drivers/fsl_clock.c:2384:17:CLOCK_GetSystickClkFreq	24	static
../drivers/fsl_clock.c:2411:17:CLOCK_GetClockOutClkFreq	16	static
../drivers/fsl_clock.c:2452:17:CLOCK_GetLposcFreq	16	static
../drivers/fsl_clock.c:2473:13:pllFindSel	32	static
../drivers/fsl_clock.c:2517:17:findPll0PreDiv	16	static
../drivers/fsl_clock.c:2534:17:findPll1PreDiv	16	static
../drivers/fsl_clock.c:2551:17:findPll0PostDiv	16	static
../drivers/fsl_clock.c:2575:17:findPll1PostDiv	16	static
../drivers/fsl_clock.c:2599:14:findPll0MMult	24	static
../drivers/fsl_clock.c:2625:14:findPll1MMult	24	static
../drivers/fsl_clock.c:2651:17:FindGreatestCommonDivisor	24	static
../drivers/fsl_clock.c:2677:20:CLOCK_GetPllConfig	32	static
../drivers/fsl_clock.c:2732:20:CLOCK_GetPllConfigInternal	128	static
../drivers/fsl_clock.c:2889:17:CLOCK_GetPLLInClockRateFromSetup	24	static
../drivers/fsl_clock.c:2913:17:findPllPreDivFromSetup	24	static
../drivers/fsl_clock.c:2930:17:findPllPostDivFromSetup	24	static
../drivers/fsl_clock.c:2954:14:findPllMMultFromSetup	32	static
../drivers/fsl_clock.c:2982:6:CLOCK_EnableUsbfsClock	8	static
../drivers/fsl_clock.c:3003:6:CLOCK_EnableUsbhsPhyPllClock	24	static
../drivers/fsl_clock.c:3091:6:CLOCK_DisableUsbhsPhyPllClock	4	static
../drivers/fsl_clock.c:3100:6:CLOCK_EnableUsbhsClock	16	static
../drivers/fsl_clock.c:3115:10:CLOCK_FIRCAutoTrimWithSOF	16	static
